Archive member included to satisfy reference by file (symbol)

C:/ST/STM32CubeCLT_1.21.0/GNU-tools-for-STM32/bin/../lib/gcc/arm-none-eabi/14.3.1/thumb/v7e-m+dp/hard\libgcc.a(_aeabi_uldivmod.o)
                              cmake/stm32cubemx/CMakeFiles/STM32_Drivers.dir/__/__/Drivers/STM32F7xx_HAL_Driver/Src/stm32f7xx_hal_rcc.c.obj (__aeabi_uldivmod)
C:/ST/STM32CubeCLT_1.21.0/GNU-tools-for-STM32/bin/../lib/gcc/arm-none-eabi/14.3.1/thumb/v7e-m+dp/hard\libgcc.a(_udivmoddi4.o)
                              C:/ST/STM32CubeCLT_1.21.0/GNU-tools-for-STM32/bin/../lib/gcc/arm-none-eabi/14.3.1/thumb/v7e-m+dp/hard\libgcc.a(_aeabi_uldivmod.o) (__udivmoddi4)
C:/ST/STM32CubeCLT_1.21.0/GNU-tools-for-STM32/bin/../lib/gcc/arm-none-eabi/14.3.1/thumb/v7e-m+dp/hard\libgcc.a(_dvmd_tls.o)
                              C:/ST/STM32CubeCLT_1.21.0/GNU-tools-for-STM32/bin/../lib/gcc/arm-none-eabi/14.3.1/thumb/v7e-m+dp/hard\libgcc.a(_aeabi_uldivmod.o) (__aeabi_ldiv0)
C:/ST/STM32CubeCLT_1.21.0/GNU-tools-for-STM32/bin/../lib/gcc/arm-none-eabi/14.3.1/../../../../arm-none-eabi/lib/thumb/v7e-m+dp/hard\libg_nano.a(libc_a-exit.o)
                              C:/ST/STM32CubeCLT_1.21.0/GNU-tools-for-STM32/bin/../lib/gcc/arm-none-eabi/14.3.1/../../../../arm-none-eabi/lib/thumb/v7e-m+dp/hard/crt0.o (exit)
C:/ST/STM32CubeCLT_1.21.0/GNU-tools-for-STM32/bin/../lib/gcc/arm-none-eabi/14.3.1/../../../../arm-none-eabi/lib/thumb/v7e-m+dp/hard\libg_nano.a(libc_a-findfp.o)
                              C:/ST/STM32CubeCLT_1.21.0/GNU-tools-for-STM32/bin/../lib/gcc/arm-none-eabi/14.3.1/../../../../arm-none-eabi/lib/thumb/v7e-m+dp/hard\libg_nano.a(libc_a-exit.o) (__stdio_exit_handler)
C:/ST/STM32CubeCLT_1.21.0/GNU-tools-for-STM32/bin/../lib/gcc/arm-none-eabi/14.3.1/../../../../arm-none-eabi/lib/thumb/v7e-m+dp/hard\libg_nano.a(libc_a-fwalk.o)
                              C:/ST/STM32CubeCLT_1.21.0/GNU-tools-for-STM32/bin/../lib/gcc/arm-none-eabi/14.3.1/../../../../arm-none-eabi/lib/thumb/v7e-m+dp/hard\libg_nano.a(libc_a-findfp.o) (_fwalk_sglue)
C:/ST/STM32CubeCLT_1.21.0/GNU-tools-for-STM32/bin/../lib/gcc/arm-none-eabi/14.3.1/../../../../arm-none-eabi/lib/thumb/v7e-m+dp/hard\libg_nano.a(libc_a-stdio.o)
                              C:/ST/STM32CubeCLT_1.21.0/GNU-tools-for-STM32/bin/../lib/gcc/arm-none-eabi/14.3.1/../../../../arm-none-eabi/lib/thumb/v7e-m+dp/hard\libg_nano.a(libc_a-findfp.o) (__sread)
C:/ST/STM32CubeCLT_1.21.0/GNU-tools-for-STM32/bin/../lib/gcc/arm-none-eabi/14.3.1/../../../../arm-none-eabi/lib/thumb/v7e-m+dp/hard\libg_nano.a(libc_a-memset.o)
                              C:/ST/STM32CubeCLT_1.21.0/GNU-tools-for-STM32/bin/../lib/gcc/arm-none-eabi/14.3.1/../../../../arm-none-eabi/lib/thumb/v7e-m+dp/hard/crt0.o (memset)
C:/ST/STM32CubeCLT_1.21.0/GNU-tools-for-STM32/bin/../lib/gcc/arm-none-eabi/14.3.1/../../../../arm-none-eabi/lib/thumb/v7e-m+dp/hard\libg_nano.a(libc_a-closer.o)
                              C:/ST/STM32CubeCLT_1.21.0/GNU-tools-for-STM32/bin/../lib/gcc/arm-none-eabi/14.3.1/../../../../arm-none-eabi/lib/thumb/v7e-m+dp/hard\libg_nano.a(libc_a-stdio.o) (_close_r)
C:/ST/STM32CubeCLT_1.21.0/GNU-tools-for-STM32/bin/../lib/gcc/arm-none-eabi/14.3.1/../../../../arm-none-eabi/lib/thumb/v7e-m+dp/hard\libg_nano.a(libc_a-reent.o)
                              C:/ST/STM32CubeCLT_1.21.0/GNU-tools-for-STM32/bin/../lib/gcc/arm-none-eabi/14.3.1/../../../../arm-none-eabi/lib/thumb/v7e-m+dp/hard\libg_nano.a(libc_a-closer.o) (errno)
C:/ST/STM32CubeCLT_1.21.0/GNU-tools-for-STM32/bin/../lib/gcc/arm-none-eabi/14.3.1/../../../../arm-none-eabi/lib/thumb/v7e-m+dp/hard\libg_nano.a(libc_a-impure.o)
                              C:/ST/STM32CubeCLT_1.21.0/GNU-tools-for-STM32/bin/../lib/gcc/arm-none-eabi/14.3.1/../../../../arm-none-eabi/lib/thumb/v7e-m+dp/hard\libg_nano.a(libc_a-reent.o) (_impure_ptr)
C:/ST/STM32CubeCLT_1.21.0/GNU-tools-for-STM32/bin/../lib/gcc/arm-none-eabi/14.3.1/../../../../arm-none-eabi/lib/thumb/v7e-m+dp/hard\libg_nano.a(libc_a-lseekr.o)
                              C:/ST/STM32CubeCLT_1.21.0/GNU-tools-for-STM32/bin/../lib/gcc/arm-none-eabi/14.3.1/../../../../arm-none-eabi/lib/thumb/v7e-m+dp/hard\libg_nano.a(libc_a-stdio.o) (_lseek_r)
C:/ST/STM32CubeCLT_1.21.0/GNU-tools-for-STM32/bin/../lib/gcc/arm-none-eabi/14.3.1/../../../../arm-none-eabi/lib/thumb/v7e-m+dp/hard\libg_nano.a(libc_a-readr.o)
                              C:/ST/STM32CubeCLT_1.21.0/GNU-tools-for-STM32/bin/../lib/gcc/arm-none-eabi/14.3.1/../../../../arm-none-eabi/lib/thumb/v7e-m+dp/hard\libg_nano.a(libc_a-stdio.o) (_read_r)
C:/ST/STM32CubeCLT_1.21.0/GNU-tools-for-STM32/bin/../lib/gcc/arm-none-eabi/14.3.1/../../../../arm-none-eabi/lib/thumb/v7e-m+dp/hard\libg_nano.a(libc_a-writer.o)
                              C:/ST/STM32CubeCLT_1.21.0/GNU-tools-for-STM32/bin/../lib/gcc/arm-none-eabi/14.3.1/../../../../arm-none-eabi/lib/thumb/v7e-m+dp/hard\libg_nano.a(libc_a-stdio.o) (_write_r)
[...]
Memory Configuration

Name             Origin             Length             Attributes
RAM              0x20000000         0x00080000         xrw
FLASH            0x08000000         0x00200000         xr
*default*        0x00000000         0xffffffff

Linker script and memory map

LOAD C:/ST/STM32CubeCLT_1.21.0/GNU-tools-for-STM32/bin/../lib/gcc/arm-none-eabi/14.3.1/thumb/v7e-m+dp/hard/crti.o
LOAD C:/ST/STM32CubeCLT_1.21.0/GNU-tools-for-STM32/bin/../lib/gcc/arm-none-eabi/14.3.1/thumb/v7e-m+dp/hard/crtbegin.o
LOAD C:/ST/STM32CubeCLT_1.21.0/GNU-tools-for-STM32/bin/../lib/gcc/arm-none-eabi/14.3.1/../../../../arm-none-eabi/lib/thumb/v7e-m+dp/hard/crt0.o
LOAD cmake/stm32cubemx/CMakeFiles/STM32_Drivers.dir/__/__/Core/Src/system_stm32f7xx.c.obj
LOAD cmake/stm32cubemx/CMakeFiles/STM32_Drivers.dir/__/__/Drivers/STM32F7xx_HAL_Driver/Src/stm32f7xx_hal_cortex.c.obj
LOAD cmake/stm32cubemx/CMakeFiles/STM32_Drivers.dir/__/__/Drivers/STM32F7xx_HAL_Driver/Src/stm32f7xx_hal_rcc.c.obj
LOAD cmake/stm32cubemx/CMakeFiles/STM32_Drivers.dir/__/__/Drivers/STM32F7xx_HAL_Driver/Src/stm32f7xx_hal_rcc_ex.c.obj
LOAD cmake/stm32cubemx/CMakeFiles/STM32_Drivers.dir/__/__/Drivers/STM32F7xx_HAL_Driver/Src/stm32f7xx_hal_flash.c.obj
LOAD cmake/stm32cubemx/CMakeFiles/STM32_Drivers.dir/__/__/Drivers/STM32F7xx_HAL_Driver/Src/stm32f7xx_hal_flash_ex.c.obj
LOAD cmake/stm32cubemx/CMakeFiles/STM32_Drivers.dir/__/__/Drivers/STM32F7xx_HAL_Driver/Src/stm32f7xx_hal_gpio.c.obj
LOAD cmake/stm32cubemx/CMakeFiles/STM32_Drivers.dir/__/__/Drivers/STM32F7xx_HAL_Driver/Src/stm32f7xx_hal_dma.c.obj
LOAD cmake/stm32cubemx/CMakeFiles/STM32_Drivers.dir/__/__/Drivers/STM32F7xx_HAL_Driver/Src/stm32f7xx_hal_dma_ex.c.obj
LOAD cmake/stm32cubemx/CMakeFiles/STM32_Drivers.dir/__/__/Drivers/STM32F7xx_HAL_Driver/Src/stm32f7xx_hal_pwr.c.obj
LOAD cmake/stm32cubemx/CMakeFiles/STM32_Drivers.dir/__/__/Drivers/STM32F7xx_HAL_Driver/Src/stm32f7xx_hal_pwr_ex.c.obj
LOAD cmake/stm32cubemx/CMakeFiles/STM32_Drivers.dir/__/__/Drivers/STM32F7xx_HAL_Driver/Src/stm32f7xx_hal.c.obj
LOAD cmake/stm32cubemx/CMakeFiles/STM32_Drivers.dir/__/__/Drivers/STM32F7xx_HAL_Driver/Src/stm32f7xx_hal_i2c.c.obj
LOAD cmake/stm32cubemx/CMakeFiles/STM32_Drivers.dir/__/__/Drivers/STM32F7xx_HAL_Driver/Src/stm32f7xx_hal_i2c_ex.c.obj
LOAD cmake/stm32cubemx/CMakeFiles/STM32_Drivers.dir/__/__/Drivers/STM32F7xx_HAL_Driver/Src/stm32f7xx_hal_exti.c.obj
LOAD cmake/stm32cubemx/CMakeFiles/STM32_Drivers.dir/__/__/Drivers/STM32F7xx_HAL_Driver/Src/stm32f7xx_hal_eth.c.obj
LOAD cmake/stm32cubemx/CMakeFiles/STM32_Drivers.dir/__/__/Drivers/STM32F7xx_HAL_Driver/Src/stm32f7xx_hal_tim.c.obj
LOAD cmake/stm32cubemx/CMakeFiles/STM32_Drivers.dir/__/__/Drivers/STM32F7xx_HAL_Driver/Src/stm32f7xx_hal_tim_ex.c.obj
LOAD cmake/stm32cubemx/CMakeFiles/STM32_Drivers.dir/__/__/Drivers/STM32F7xx_HAL_Driver/Src/stm32f7xx_hal_uart.c.obj
LOAD cmake/stm32cubemx/CMakeFiles/STM32_Drivers.dir/__/__/Drivers/STM32F7xx_HAL_Driver/Src/stm32f7xx_hal_uart_ex.c.obj
LOAD cmake/stm32cubemx/CMakeFiles/STM32_Drivers.dir/__/__/Drivers/STM32F7xx_HAL_Driver/Src/stm32f7xx_hal_pcd.c.obj
LOAD cmake/stm32cubemx/CMakeFiles/STM32_Drivers.dir/__/__/Drivers/STM32F7xx_HAL_Driver/Src/stm32f7xx_hal_pcd_ex.c.obj
LOAD cmake/stm32cubemx/CMakeFiles/STM32_Drivers.dir/__/__/Drivers/STM32F7xx_HAL_Driver/Src/stm32f7xx_ll_usb.c.obj
LOAD CMakeFiles/EMS_vsdebug_cmake.dir/Core/Src/main.c.obj
LOAD CMakeFiles/EMS_vsdebug_cmake.dir/Core/Src/gpio.c.obj
LOAD CMakeFiles/EMS_vsdebug_cmake.dir/Core/Src/eth.c.obj
LOAD CMakeFiles/EMS_vsdebug_cmake.dir/Core/Src/tim.c.obj
LOAD CMakeFiles/EMS_vsdebug_cmake.dir/Core/Src/usart.c.obj
LOAD CMakeFiles/EMS_vsdebug_cmake.dir/Core/Src/usb_otg.c.obj
LOAD CMakeFiles/EMS_vsdebug_cmake.dir/Core/Src/stm32f7xx_it.c.obj
LOAD CMakeFiles/EMS_vsdebug_cmake.dir/Core/Src/stm32f7xx_hal_msp.c.obj
LOAD CMakeFiles/EMS_vsdebug_cmake.dir/Core/Src/sysmem.c.obj
LOAD CMakeFiles/EMS_vsdebug_cmake.dir/Core/Src/syscalls.c.obj
LOAD CMakeFiles/EMS_vsdebug_cmake.dir/startup_stm32f767xx.s.obj
LOAD C:/ST/STM32CubeCLT_1.21.0/GNU-tools-for-STM32/bin/../lib/gcc/arm-none-eabi/14.3.1/../../../../arm-none-eabi/lib/thumb/v7e-m+dp/hard\libm.a
START GROUP
LOAD C:/ST/STM32CubeCLT_1.21.0/GNU-tools-for-STM32/bin/../lib/gcc/arm-none-eabi/14.3.1/thumb/v7e-m+dp/hard\libgcc.a
LOAD C:/ST/STM32CubeCLT_1.21.0/GNU-tools-for-STM32/bin/../lib/gcc/arm-none-eabi/14.3.1/../../../../arm-none-eabi/lib/thumb/v7e-m+dp/hard\libg_nano.a
LOAD C:/ST/STM32CubeCLT_1.21.0/GNU-tools-for-STM32/bin/../lib/gcc/arm-none-eabi/14.3.1/../../../../arm-none-eabi/lib/thumb/v7e-m+dp/hard\libc_nano.a
END GROUP
START GROUP
LOAD C:/ST/STM32CubeCLT_1.21.0/GNU-tools-for-STM32/bin/../lib/gcc/arm-none-eabi/14.3.1/thumb/v7e-m+dp/hard\libgcc.a
LOAD C:/ST/STM32CubeCLT_1.21.0/GNU-tools-for-STM32/bin/../lib/gcc/arm-none-eabi/14.3.1/../../../../arm-none-eabi/lib/thumb/v7e-m+dp/hard\libc_nano.a
END GROUP
LOAD C:/ST/STM32CubeCLT_1.21.0/GNU-tools-for-STM32/bin/../lib/gcc/arm-none-eabi/14.3.1/thumb/v7e-m+dp/hard/crtend.o
LOAD C:/ST/STM32CubeCLT_1.21.0/GNU-tools-for-STM32/bin/../lib/gcc/arm-none-eabi/14.3.1/thumb/v7e-m+dp/hard/crtn.o
                0x20080000                        _estack = (ORIGIN (RAM) + LENGTH (RAM))
                0x2007fc00                        _sstack = (_estack - _Min_Stack_Size)
                0x00000200                        _Min_Heap_Size = 0x200
                0x00000400                        _Min_Stack_Size = 0x400

.isr_vector     0x08000000      0x1f8
                0x08000000                        . = ALIGN (0x4)
 *(.isr_vector)
 .isr_vector    0x08000000      0x1f8 CMakeFiles/EMS_vsdebug_cmake.dir/startup_stm32f767xx.s.obj
                0x08000000                g_pfnVectors
                0x080001f8                        . = ALIGN (0x4)

.text           0x080001f8     0x45b0
                0x080001f8                        . = ALIGN (0x4)
 *(.text)
 .text          0x080001f8       0x40 C:/ST/STM32CubeCLT_1.21.0/GNU-tools-for-STM32/bin/../lib/gcc/arm-none-eabi/14.3.1/thumb/v7e-m+dp/hard/crtbegin.o
 .text          0x08000238       0x30 C:/ST/STM32CubeCLT_1.21.0/GNU-tools-for-STM32/bin/../lib/gcc/arm-none-eabi/14.3.1/thumb/v7e-m+dp/hard\libgcc.a(_aeabi_uldivmod.o)
                0x08000238                __aeabi_uldivmod
 .text          0x08000268      0x2f8 C:/ST/STM32CubeCLT_1.21.0/GNU-tools-for-STM32/bin/../lib/gcc/arm-none-eabi/14.3.1/thumb/v7e-m+dp/hard\libgcc.a(_udivmoddi4.o)
                0x08000268                __udivmoddi4
 .text          0x08000560        0x4 C:/ST/STM32CubeCLT_1.21.0/GNU-tools-for-STM32/bin/../lib/gcc/arm-none-eabi/14.3.1/thumb/v7e-m+dp/hard\libgcc.a(_dvmd_tls.o)
                0x08000560                __aeabi_idiv0
                0x08000560                __aeabi_ldiv0
 *(.text*)
 .text.SystemInit
                0x08000564       0x24 cmake/stm32cubemx/CMakeFiles/STM32_Drivers.dir/__/__/Core/Src/system_stm32f7xx.c.obj
                0x08000564                SystemInit
 .text.__NVIC_SetPriorityGrouping
                0x08000588       0x48 cmake/stm32cubemx/CMakeFiles/STM32_Drivers.dir/__/__/Drivers/STM32F7xx_HAL_Driver/Src/stm32f7xx_hal_cortex.c.obj
 .text.__NVIC_GetPriorityGrouping
                0x080005d0       0x1c cmake/stm32cubemx/CMakeFiles/STM32_Drivers.dir/__/__/Drivers/STM32F7xx_HAL_Driver/Src/stm32f7xx_hal_cortex.c.obj
 .text.__NVIC_EnableIRQ
                0x080005ec       0x3c cmake/stm32cubemx/CMakeFiles/STM32_Drivers.dir/__/__/Drivers/STM32F7xx_HAL_Driver/Src/stm32f7xx_hal_cortex.c.obj
 .text.__NVIC_SetPriority
                0x08000628       0x54 cmake/stm32cubemx/CMakeFiles/STM32_Drivers.dir/__/__/Drivers/STM32F7xx_HAL_Driver/Src/stm32f7xx_hal_cortex.c.obj
 .text.NVIC_EncodePriority
                0x0800067c       0x66 cmake/stm32cubemx/CMakeFiles/STM32_Drivers.dir/__/__/Drivers/STM32F7xx_HAL_Driver/Src/stm32f7xx_hal_cortex.c.obj
 *fill*         0x080006e2        0x2 
 .text.SysTick_Config
                0x080006e4       0x44 cmake/stm32cubemx/CMakeFiles/STM32_Drivers.dir/__/__/Drivers/STM32F7xx_HAL_Driver/Src/stm32f7xx_hal_cortex.c.obj
 .text.HAL_NVIC_SetPriorityGrouping
                0x08000728       0x16 cmake/stm32cubemx/CMakeFiles/STM32_Drivers.dir/__/__/Drivers/STM32F7xx_HAL_Driver/Src/stm32f7xx_hal_cortex.c.obj
                0x08000728                HAL_NVIC_SetPriorityGrouping
 .text.HAL_NVIC_SetPriority
                0x0800073e       0x38 cmake/stm32cubemx/CMakeFiles/STM32_Drivers.dir/__/__/Drivers/STM32F7xx_HAL_Driver/Src/stm32f7xx_hal_cortex.c.obj
                0x0800073e                HAL_NVIC_SetPriority
 .text.HAL_NVIC_EnableIRQ
                0x08000776       0x1c cmake/stm32cubemx/CMakeFiles/STM32_Drivers.dir/__/__/Drivers/STM32F7xx_HAL_Driver/Src/stm32f7xx_hal_cortex.c.obj
                0x08000776                HAL_NVIC_EnableIRQ
 .text.HAL_SYSTICK_Config
                0x08000792       0x18 cmake/stm32cubemx/CMakeFiles/STM32_Drivers.dir/__/__/Drivers/STM32F7xx_HAL_Driver/Src/stm32f7xx_hal_cortex.c.obj
                0x08000792                HAL_SYSTICK_Config
 *fill*         0x080007aa        0x2 
 .text.HAL_MPU_Disable
                0x080007ac       0x30 cmake/stm32cubemx/CMakeFiles/STM32_Drivers.dir/__/__/Drivers/STM32F7xx_HAL_Driver/Src/stm32f7xx_hal_cortex.c.obj
                0x080007ac                HAL_MPU_Disable
 .text.HAL_MPU_Enable
                0x080007dc       0x40 cmake/stm32cubemx/CMakeFiles/STM32_Drivers.dir/__/__/Drivers/STM32F7xx_HAL_Driver/Src/stm32f7xx_hal_cortex.c.obj
                0x080007dc                HAL_MPU_Enable
 .text.HAL_MPU_ConfigRegion
                0x0800081c       0x80 cmake/stm32cubemx/CMakeFiles/STM32_Drivers.dir/__/__/Drivers/STM32F7xx_HAL_Driver/Src/stm32f7xx_hal_cortex.c.obj
                0x0800081c                HAL_MPU_ConfigRegion
 .text.HAL_RCC_OscConfig
                0x0800089c      0x55c cmake/stm32cubemx/CMakeFiles/STM32_Drivers.dir/__/__/Drivers/STM32F7xx_HAL_Driver/Src/stm32f7xx_hal_rcc.c.obj
                0x0800089c                HAL_RCC_OscConfig
 .text.HAL_RCC_ClockConfig
                0x08000df8      0x1d8 cmake/stm32cubemx/CMakeFiles/STM32_Drivers.dir/__/__/Drivers/STM32F7xx_HAL_Driver/Src/stm32f7xx_hal_rcc.c.obj
                0x08000df8                HAL_RCC_ClockConfig
 .text.HAL_RCC_GetSysClockFreq
                0x08000fd0      0x20c cmake/stm32cubemx/CMakeFiles/STM32_Drivers.dir/__/__/Drivers/STM32F7xx_HAL_Driver/Src/stm32f7xx_hal_rcc.c.obj
                0x08000fd0                HAL_RCC_GetSysClockFreq
 .text.HAL_RCC_GetHCLKFreq
                0x080011dc       0x18 cmake/stm32cubemx/CMakeFiles/STM32_Drivers.dir/__/__/Drivers/STM32F7xx_HAL_Driver/Src/stm32f7xx_hal_rcc.c.obj
                0x080011dc                HAL_RCC_GetHCLKFreq
 .text.HAL_RCC_GetPCLK1Freq
                0x080011f4       0x28 cmake/stm32cubemx/CMakeFiles/STM32_Drivers.dir/__/__/Drivers/STM32F7xx_HAL_Driver/Src/stm32f7xx_hal_rcc.c.obj
                0x080011f4                HAL_RCC_GetPCLK1Freq
 .text.HAL_RCC_GetPCLK2Freq
                0x0800121c       0x28 cmake/stm32cubemx/CMakeFiles/STM32_Drivers.dir/__/__/Drivers/STM32F7xx_HAL_Driver/Src/stm32f7xx_hal_rcc.c.obj
                0x0800121c                HAL_RCC_GetPCLK2Freq
 .text.HAL_RCCEx_PeriphCLKConfig
                0x08001244      0x850 cmake/stm32cubemx/CMakeFiles/STM32_Drivers.dir/__/__/Drivers/STM32F7xx_HAL_Driver/Src/stm32f7xx_hal_rcc_ex.c.obj
                0x08001244                HAL_RCCEx_PeriphCLKConfig
 .text.HAL_GPIO_Init
                0x08001a94      0x358 cmake/stm32cubemx/CMakeFiles/STM32_Drivers.dir/__/__/Drivers/STM32F7xx_HAL_Driver/Src/stm32f7xx_hal_gpio.c.obj
                0x08001a94                HAL_GPIO_Init
 .text.HAL_GPIO_WritePin
                0x08001dec       0x32 cmake/stm32cubemx/CMakeFiles/STM32_Drivers.dir/__/__/Drivers/STM32F7xx_HAL_Driver/Src/stm32f7xx_hal_gpio.c.obj
                0x08001dec                HAL_GPIO_WritePin
 *fill*         0x08001e1e        0x2 
 .text.HAL_PWR_EnableBkUpAccess
                0x08001e20       0x20 cmake/stm32cubemx/CMakeFiles/STM32_Drivers.dir/__/__/Drivers/STM32F7xx_HAL_Driver/Src/stm32f7xx_hal_pwr.c.obj
                0x08001e20                HAL_PWR_EnableBkUpAccess
 .text.HAL_PWREx_EnableOverDrive
                0x08001e40       0xa0 cmake/stm32cubemx/CMakeFiles/STM32_Drivers.dir/__/__/Drivers/STM32F7xx_HAL_Driver/Src/stm32f7xx_hal_pwr_ex.c.obj
                0x08001e40                HAL_PWREx_EnableOverDrive
 .text.HAL_Init
                0x08001ee0       0x1a cmake/stm32cubemx/CMakeFiles/STM32_Drivers.dir/__/__/Drivers/STM32F7xx_HAL_Driver/Src/stm32f7xx_hal.c.obj
                0x08001ee0                HAL_Init
 *fill*         0x08001efa        0x2 
 .text.HAL_InitTick
                0x08001efc       0x60 cmake/stm32cubemx/CMakeFiles/STM32_Drivers.dir/__/__/Drivers/STM32F7xx_HAL_Driver/Src/stm32f7xx_hal.c.obj
                0x08001efc                HAL_InitTick
 .text.HAL_IncTick
                0x08001f5c       0x28 cmake/stm32cubemx/CMakeFiles/STM32_Drivers.dir/__/__/Drivers/STM32F7xx_HAL_Driver/Src/stm32f7xx_hal.c.obj
                0x08001f5c                HAL_IncTick
 .text.HAL_GetTick
                0x08001f84       0x18 cmake/stm32cubemx/CMakeFiles/STM32_Drivers.dir/__/__/Drivers/STM32F7xx_HAL_Driver/Src/stm32f7xx_hal.c.obj
                0x08001f84                HAL_GetTick
 .text.HAL_Delay
                0x08001f9c       0x48 cmake/stm32cubemx/CMakeFiles/STM32_Drivers.dir/__/__/Drivers/STM32F7xx_HAL_Driver/Src/stm32f7xx_hal.c.obj
                0x08001f9c                HAL_Delay
 .text.HAL_ETH_Init
                0x08001fe4      0x134 cmake/stm32cubemx/CMakeFiles/STM32_Drivers.dir/__/__/Drivers/STM32F7xx_HAL_Driver/Src/stm32f7xx_hal_eth.c.obj
                0x08001fe4                HAL_ETH_Init
 .text.ETH_SetMACConfig
                0x08002118      0x168 cmake/stm32cubemx/CMakeFiles/STM32_Drivers.dir/__/__/Drivers/STM32F7xx_HAL_Driver/Src/stm32f7xx_hal_eth.c.obj
 .text.ETH_SetDMAConfig
                0x08002280      0x114 cmake/stm32cubemx/CMakeFiles/STM32_Drivers.dir/__/__/Drivers/STM32F7xx_HAL_Driver/Src/stm32f7xx_hal_eth.c.obj
 .text.ETH_MACDMAConfig
                0x08002394       0xea cmake/stm32cubemx/CMakeFiles/STM32_Drivers.dir/__/__/Drivers/STM32F7xx_HAL_Driver/Src/stm32f7xx_hal_eth.c.obj
 *fill*         0x0800247e        0x2 
 .text.ETH_MACAddressConfig
                0x08002480       0x70 cmake/stm32cubemx/CMakeFiles/STM32_Drivers.dir/__/__/Drivers/STM32F7xx_HAL_Driver/Src/stm32f7xx_hal_eth.c.obj
 .text.ETH_DMATxDescListInit
                0x080024f0       0xb2 cmake/stm32cubemx/CMakeFiles/STM32_Drivers.dir/__/__/Drivers/STM32F7xx_HAL_Driver/Src/stm32f7xx_hal_eth.c.obj
 .text.ETH_DMARxDescListInit
                0x080025a2       0xde cmake/stm32cubemx/CMakeFiles/STM32_Drivers.dir/__/__/Drivers/STM32F7xx_HAL_Driver/Src/stm32f7xx_hal_eth.c.obj
 .text.HAL_TIM_Base_Init
                0x08002680       0xae cmake/stm32cubemx/CMakeFiles/STM32_Drivers.dir/__/__/Drivers/STM32F7xx_HAL_Driver/Src/stm32f7xx_hal_tim.c.obj
                0x08002680                HAL_TIM_Base_Init
 .text.HAL_TIM_IRQHandler
                0x0800272e      0x20e cmake/stm32cubemx/CMakeFiles/STM32_Drivers.dir/__/__/Drivers/STM32F7xx_HAL_Driver/Src/stm32f7xx_hal_tim.c.obj
                0x0800272e                HAL_TIM_IRQHandler
 .text.HAL_TIM_PeriodElapsedCallback
                0x0800293c       0x14 cmake/stm32cubemx/CMakeFiles/STM32_Drivers.dir/__/__/Drivers/STM32F7xx_HAL_Driver/Src/stm32f7xx_hal_tim.c.obj
                0x0800293c                HAL_TIM_PeriodElapsedCallback
 .text.HAL_TIM_OC_DelayElapsedCallback
                0x08002950       0x14 cmake/stm32cubemx/CMakeFiles/STM32_Drivers.dir/__/__/Drivers/STM32F7xx_HAL_Driver/Src/stm32f7xx_hal_tim.c.obj
                0x08002950                HAL_TIM_OC_DelayElapsedCallback
 .text.HAL_TIM_IC_CaptureCallback
                0x08002964       0x14 cmake/stm32cubemx/CMakeFiles/STM32_Drivers.dir/__/__/Drivers/STM32F7xx_HAL_Driver/Src/stm32f7xx_hal_tim.c.obj
                0x08002964                HAL_TIM_IC_CaptureCallback
 .text.HAL_TIM_PWM_PulseFinishedCallback
                0x08002978       0x14 cmake/stm32cubemx/CMakeFiles/STM32_Drivers.dir/__/__/Drivers/STM32F7xx_HAL_Driver/Src/stm32f7xx_hal_tim.c.obj
                0x08002978                HAL_TIM_PWM_PulseFinishedCallback
 .text.HAL_TIM_TriggerCallback
                0x0800298c       0x14 cmake/stm32cubemx/CMakeFiles/STM32_Drivers.dir/__/__/Drivers/STM32F7xx_HAL_Driver/Src/stm32f7xx_hal_tim.c.obj
                0x0800298c                HAL_TIM_TriggerCallback
 .text.TIM_Base_SetConfig
                0x080029a0      0x14c cmake/stm32cubemx/CMakeFiles/STM32_Drivers.dir/__/__/Drivers/STM32F7xx_HAL_Driver/Src/stm32f7xx_hal_tim.c.obj
                0x080029a0                TIM_Base_SetConfig
 .text.HAL_TIMEx_MasterConfigSynchronization
                0x08002aec      0x11c cmake/stm32cubemx/CMakeFiles/STM32_Drivers.dir/__/__/Drivers/STM32F7xx_HAL_Driver/Src/stm32f7xx_hal_tim_ex.c.obj
                0x08002aec                HAL_TIMEx_MasterConfigSynchronization
 .text.HAL_TIMEx_CommutCallback
                0x08002c08       0x14 cmake/stm32cubemx/CMakeFiles/STM32_Drivers.dir/__/__/Drivers/STM32F7xx_HAL_Driver/Src/stm32f7xx_hal_tim_ex.c.obj
                0x08002c08                HAL_TIMEx_CommutCallback
 .text.HAL_TIMEx_BreakCallback
                0x08002c1c       0x14 cmake/stm32cubemx/CMakeFiles/STM32_Drivers.dir/__/__/Drivers/STM32F7xx_HAL_Driver/Src/stm32f7xx_hal_tim_ex.c.obj
                0x08002c1c                HAL_TIMEx_BreakCallback
 .text.HAL_TIMEx_Break2Callback
                0x08002c30       0x14 cmake/stm32cubemx/CMakeFiles/STM32_Drivers.dir/__/__/Drivers/STM32F7xx_HAL_Driver/Src/stm32f7xx_hal_tim_ex.c.obj
                0x08002c30                HAL_TIMEx_Break2Callback
 .text.HAL_UART_Init
                0x08002c44       0x9c cmake/stm32cubemx/CMakeFiles/STM32_Drivers.dir/__/__/Drivers/STM32F7xx_HAL_Driver/Src/stm32f7xx_hal_uart.c.obj
                0x08002c44                HAL_UART_Init
 .text.UART_SetConfig
                0x08002ce0      0x4c8 cmake/stm32cubemx/CMakeFiles/STM32_Drivers.dir/__/__/Drivers/STM32F7xx_HAL_Driver/Src/stm32f7xx_hal_uart.c.obj
                0x08002ce0                UART_SetConfig
 .text.UART_AdvFeatureConfig
                0x080031a8      0x144 cmake/stm32cubemx/CMakeFiles/STM32_Drivers.dir/__/__/Drivers/STM32F7xx_HAL_Driver/Src/stm32f7xx_hal_uart.c.obj
                0x080031a8                UART_AdvFeatureConfig
 .text.UART_CheckIdleState
                0x080032ec      0x150 cmake/stm32cubemx/CMakeFiles/STM32_Drivers.dir/__/__/Drivers/STM32F7xx_HAL_Driver/Src/stm32f7xx_hal_uart.c.obj
                0x080032ec                UART_CheckIdleState
 .text.UART_WaitOnFlagUntilTimeout
                0x0800343c       0xda cmake/stm32cubemx/CMakeFiles/STM32_Drivers.dir/__/__/Drivers/STM32F7xx_HAL_Driver/Src/stm32f7xx_hal_uart.c.obj
                0x0800343c                UART_WaitOnFlagUntilTimeout
 .text.UART_EndRxTransfer
                0x08003516       0xc8 cmake/stm32cubemx/CMakeFiles/STM32_Drivers.dir/__/__/Drivers/STM32F7xx_HAL_Driver/Src/stm32f7xx_hal_uart.c.obj
 .text.HAL_PCD_Init
                0x080035de      0x22c cmake/stm32cubemx/CMakeFiles/STM32_Drivers.dir/__/__/Drivers/STM32F7xx_HAL_Driver/Src/stm32f7xx_hal_pcd.c.obj
                0x080035de                HAL_PCD_Init
 *fill*         0x0800380a        0x2 
 .text.HAL_PCDEx_ActivateLPM
                0x0800380c       0x48 cmake/stm32cubemx/CMakeFiles/STM32_Drivers.dir/__/__/Drivers/STM32F7xx_HAL_Driver/Src/stm32f7xx_hal_pcd_ex.c.obj
                0x0800380c                HAL_PCDEx_ActivateLPM
 .text.USB_CoreInit
                0x08003854       0xb4 cmake/stm32cubemx/CMakeFiles/STM32_Drivers.dir/__/__/Drivers/STM32F7xx_HAL_Driver/Src/stm32f7xx_ll_usb.c.obj
                0x08003854                USB_CoreInit
 .text.USB_DisableGlobalInt
                0x08003908       0x22 cmake/stm32cubemx/CMakeFiles/STM32_Drivers.dir/__/__/Drivers/STM32F7xx_HAL_Driver/Src/stm32f7xx_ll_usb.c.obj
                0x08003908                USB_DisableGlobalInt
 .text.USB_SetCurrentMode
                0x0800392a       0x98 cmake/stm32cubemx/CMakeFiles/STM32_Drivers.dir/__/__/Drivers/STM32F7xx_HAL_Driver/Src/stm32f7xx_ll_usb.c.obj
                0x0800392a                USB_SetCurrentMode
 *fill*         0x080039c2        0x2 
 .text.USB_DevInit
                0x080039c4      0x2bc cmake/stm32cubemx/CMakeFiles/STM32_Drivers.dir/__/__/Drivers/STM32F7xx_HAL_Driver/Src/stm32f7xx_ll_usb.c.obj
                0x080039c4                USB_DevInit
 .text.USB_FlushTxFifo
                0x08003c80       0x64 cmake/stm32cubemx/CMakeFiles/STM32_Drivers.dir/__/__/Drivers/STM32F7xx_HAL_Driver/Src/stm32f7xx_ll_usb.c.obj
                0x08003c80                USB_FlushTxFifo
 .text.USB_FlushRxFifo
                0x08003ce4       0x5c cmake/stm32cubemx/CMakeFiles/STM32_Drivers.dir/__/__/Drivers/STM32F7xx_HAL_Driver/Src/stm32f7xx_ll_usb.c.obj
                0x08003ce4                USB_FlushRxFifo
 .text.USB_SetDevSpeed
                0x08003d40       0x32 cmake/stm32cubemx/CMakeFiles/STM32_Drivers.dir/__/__/Drivers/STM32F7xx_HAL_Driver/Src/stm32f7xx_ll_usb.c.obj
                0x08003d40                USB_SetDevSpeed
 .text.USB_DevDisconnect
                0x08003d72       0x42 cmake/stm32cubemx/CMakeFiles/STM32_Drivers.dir/__/__/Drivers/STM32F7xx_HAL_Driver/Src/stm32f7xx_ll_usb.c.obj
                0x08003d72                USB_DevDisconnect
 .text.USB_GetMode
                0x08003db4       0x1c cmake/stm32cubemx/CMakeFiles/STM32_Drivers.dir/__/__/Drivers/STM32F7xx_HAL_Driver/Src/stm32f7xx_ll_usb.c.obj
                0x08003db4                USB_GetMode
 .text.USB_CoreReset
                0x08003dd0       0x70 cmake/stm32cubemx/CMakeFiles/STM32_Drivers.dir/__/__/Drivers/STM32F7xx_HAL_Driver/Src/stm32f7xx_ll_usb.c.obj
 .text.main     0x08003e40       0x28 CMakeFiles/EMS_vsdebug_cmake.dir/Core/Src/main.c.obj
                0x08003e40                main
 .text.SystemClock_Config
                0x08003e68       0xe4 CMakeFiles/EMS_vsdebug_cmake.dir/Core/Src/main.c.obj
                0x08003e68                SystemClock_Config
 .text.MPU_Config
                0x08003f4c       0x58 CMakeFiles/EMS_vsdebug_cmake.dir/Core/Src/main.c.obj
 .text.Error_Handler
                0x08003fa4        0xc CMakeFiles/EMS_vsdebug_cmake.dir/Core/Src/main.c.obj
                0x08003fa4                Error_Handler
 .text.MX_GPIO_Init
                0x08003fb0      0x144 CMakeFiles/EMS_vsdebug_cmake.dir/Core/Src/gpio.c.obj
                0x08003fb0                MX_GPIO_Init
 .text.MX_ETH_Init
                0x080040f4       0x9c CMakeFiles/EMS_vsdebug_cmake.dir/Core/Src/eth.c.obj
                0x080040f4                MX_ETH_Init
 .text.HAL_ETH_MspInit
                0x08004190      0x170 CMakeFiles/EMS_vsdebug_cmake.dir/Core/Src/eth.c.obj
                0x08004190                HAL_ETH_MspInit
 .text.MX_TIM6_Init
                0x08004300       0x6c CMakeFiles/EMS_vsdebug_cmake.dir/Core/Src/tim.c.obj
                0x08004300                MX_TIM6_Init
 .text.HAL_TIM_Base_MspInit
                0x0800436c       0x4c CMakeFiles/EMS_vsdebug_cmake.dir/Core/Src/tim.c.obj
                0x0800436c                HAL_TIM_Base_MspInit
 .text.MX_USART3_UART_Init
                0x080043b8       0x60 CMakeFiles/EMS_vsdebug_cmake.dir/Core/Src/usart.c.obj
                0x080043b8                MX_USART3_UART_Init
 .text.HAL_UART_MspInit
                0x08004418       0xc0 CMakeFiles/EMS_vsdebug_cmake.dir/Core/Src/usart.c.obj
                0x08004418                HAL_UART_MspInit
 .text.MX_USB_OTG_FS_PCD_Init
                0x080044d8       0x5c CMakeFiles/EMS_vsdebug_cmake.dir/Core/Src/usb_otg.c.obj
                0x080044d8                MX_USB_OTG_FS_PCD_Init
 .text.HAL_PCD_MspInit
                0x08004534       0xf4 CMakeFiles/EMS_vsdebug_cmake.dir/Core/Src/usb_otg.c.obj
                0x08004534                HAL_PCD_MspInit
 .text.NMI_Handler
                0x08004628        0x8 CMakeFiles/EMS_vsdebug_cmake.dir/Core/Src/stm32f7xx_it.c.obj
                0x08004628                NMI_Handler
 .text.HardFault_Handler
                0x08004630        0x8 CMakeFiles/EMS_vsdebug_cmake.dir/Core/Src/stm32f7xx_it.c.obj
                0x08004630                HardFault_Handler
 .text.MemManage_Handler
                0x08004638        0x8 CMakeFiles/EMS_vsdebug_cmake.dir/Core/Src/stm32f7xx_it.c.obj
                0x08004638                MemManage_Handler
 .text.BusFault_Handler
                0x08004640        0x8 CMakeFiles/EMS_vsdebug_cmake.dir/Core/Src/stm32f7xx_it.c.obj
                0x08004640                BusFault_Handler
 .text.UsageFault_Handler
                0x08004648        0x8 CMakeFiles/EMS_vsdebug_cmake.dir/Core/Src/stm32f7xx_it.c.obj
                0x08004648                UsageFault_Handler
 .text.SVC_Handler
                0x08004650        0xe CMakeFiles/EMS_vsdebug_cmake.dir/Core/Src/stm32f7xx_it.c.obj
                0x08004650                SVC_Handler
 .text.DebugMon_Handler
                0x0800465e        0xe CMakeFiles/EMS_vsdebug_cmake.dir/Core/Src/stm32f7xx_it.c.obj
                0x0800465e                DebugMon_Handler
 .text.PendSV_Handler
                0x0800466c        0xe CMakeFiles/EMS_vsdebug_cmake.dir/Core/Src/stm32f7xx_it.c.obj
                0x0800466c                PendSV_Handler
 .text.SysTick_Handler
                0x0800467a        0xc CMakeFiles/EMS_vsdebug_cmake.dir/Core/Src/stm32f7xx_it.c.obj
                0x0800467a                SysTick_Handler
 *fill*         0x08004686        0x2 
 .text.TIM6_DAC_IRQHandler
                0x08004688       0x14 CMakeFiles/EMS_vsdebug_cmake.dir/Core/Src/stm32f7xx_it.c.obj
                0x08004688                TIM6_DAC_IRQHandler
 .text.HAL_MspInit
                0x0800469c       0x48 CMakeFiles/EMS_vsdebug_cmake.dir/Core/Src/stm32f7xx_hal_msp.c.obj
                0x0800469c                HAL_MspInit
 .text.Reset_Handler
                0x080046e4       0x50 CMakeFiles/EMS_vsdebug_cmake.dir/startup_stm32f767xx.s.obj
                0x080046e4                Reset_Handler
 .text.Default_Handler
                0x08004734        0x2 CMakeFiles/EMS_vsdebug_cmake.dir/startup_stm32f767xx.s.obj
                0x08004734                RTC_Alarm_IRQHandler
                0x08004734                EXTI2_IRQHandler
                0x08004734                TIM8_CC_IRQHandler
                0x08004734                UART8_IRQHandler
                0x08004734                SPI4_IRQHandler
                0x08004734                TIM1_CC_IRQHandler
                0x08004734                DMA2_Stream5_IRQHandler
                0x08004734                JPEG_IRQHandler
                0x08004734                DMA1_Stream5_IRQHandler
                0x08004734                CAN3_RX1_IRQHandler
                0x08004734                PVD_IRQHandler
                0x08004734                TAMP_STAMP_IRQHandler
                0x08004734                CAN2_RX1_IRQHandler
                0x08004734                EXTI3_IRQHandler
                0x08004734                TIM8_TRG_COM_TIM14_IRQHandler
                0x08004734                DFSDM1_FLT1_IRQHandler
                0x08004734                TIM1_UP_TIM10_IRQHandler
                0x08004734                TIM8_UP_TIM13_IRQHandler
                0x08004734                I2C3_ER_IRQHandler
                0x08004734                DFSDM1_FLT2_IRQHandler
                0x08004734                EXTI0_IRQHandler
                0x08004734                I2C2_EV_IRQHandler
                0x08004734                DMA1_Stream2_IRQHandler
                0x08004734                CAN1_RX0_IRQHandler
                0x08004734                FPU_IRQHandler
                0x08004734                OTG_HS_WKUP_IRQHandler
                0x08004734                CAN3_SCE_IRQHandler
                0x08004734                LTDC_ER_IRQHandler
                0x08004734                CAN2_SCE_IRQHandler
                0x08004734                DMA2_Stream2_IRQHandler
                0x08004734                SPI1_IRQHandler
                0x08004734                TIM1_BRK_TIM9_IRQHandler
                0x08004734                DCMI_IRQHandler
                0x08004734                CAN2_RX0_IRQHandler
                0x08004734                DMA2_Stream3_IRQHandler
                0x08004734                SAI2_IRQHandler
                0x08004734                DFSDM1_FLT3_IRQHandler
                0x08004734                USART6_IRQHandler
                0x08004734                CAN3_RX0_IRQHandler
                0x08004734                USART3_IRQHandler
                0x08004734                CAN1_RX1_IRQHandler
                0x08004734                UART5_IRQHandler
                0x08004734                DMA2_Stream0_IRQHandler
                0x08004734                TIM4_IRQHandler
                0x08004734                QUADSPI_IRQHandler
                0x08004734                I2C1_EV_IRQHandler
                0x08004734                DMA1_Stream6_IRQHandler
                0x08004734                DMA1_Stream1_IRQHandler
                0x08004734                UART4_IRQHandler
                0x08004734                TIM3_IRQHandler
                0x08004734                RCC_IRQHandler
                0x08004734                TIM8_BRK_TIM12_IRQHandler
                0x08004734                Default_Handler
                0x08004734                CEC_IRQHandler
                0x08004734                EXTI15_10_IRQHandler
                0x08004734                ADC_IRQHandler
                0x08004734                DMA1_Stream7_IRQHandler
                0x08004734                SPI5_IRQHandler
                0x08004734                TIM7_IRQHandler
                0x08004734                SDMMC1_IRQHandler
                0x08004734                CAN2_TX_IRQHandler
                0x08004734                TIM5_IRQHandler
                0x08004734                DMA2_Stream7_IRQHandler
                0x08004734                I2C3_EV_IRQHandler
                0x08004734                EXTI9_5_IRQHandler
                0x08004734                RTC_WKUP_IRQHandler
                0x08004734                LTDC_IRQHandler
                0x08004734                ETH_WKUP_IRQHandler
                0x08004734                SPDIF_RX_IRQHandler
                0x08004734                SPI2_IRQHandler
                0x08004734                OTG_HS_EP1_IN_IRQHandler
                0x08004734                DMA1_Stream0_IRQHandler
                0x08004734                CAN1_TX_IRQHandler
                0x08004734                EXTI4_IRQHandler
                0x08004734                RNG_IRQHandler
                0x08004734                ETH_IRQHandler
                0x08004734                OTG_HS_EP1_OUT_IRQHandler
                0x08004734                WWDG_IRQHandler
                0x08004734                SPI6_IRQHandler
                0x08004734                MDIOS_IRQHandler
                0x08004734                I2C4_EV_IRQHandler
                0x08004734                CAN3_TX_IRQHandler
                0x08004734                TIM2_IRQHandler
                0x08004734                OTG_FS_WKUP_IRQHandler
                0x08004734                TIM1_TRG_COM_TIM11_IRQHandler
                0x08004734                OTG_HS_IRQHandler
                0x08004734                DMA2D_IRQHandler
                0x08004734                EXTI1_IRQHandler
                0x08004734                SDMMC2_IRQHandler
                0x08004734                UART7_IRQHandler
                0x08004734                USART2_IRQHandler
                0x08004734                DFSDM1_FLT0_IRQHandler
                0x08004734                I2C2_ER_IRQHandler
                0x08004734                DMA2_Stream1_IRQHandler
                0x08004734                CAN1_SCE_IRQHandler
                0x08004734                FLASH_IRQHandler
                0x08004734                DMA2_Stream4_IRQHandler
                0x08004734                USART1_IRQHandler
                0x08004734                OTG_FS_IRQHandler
                0x08004734                SPI3_IRQHandler
                0x08004734                DMA1_Stream4_IRQHandler
                0x08004734                I2C1_ER_IRQHandler
                0x08004734                FMC_IRQHandler
                0x08004734                LPTIM1_IRQHandler
                0x08004734                I2C4_ER_IRQHandler
                0x08004734                DMA2_Stream6_IRQHandler
                0x08004734                SAI1_IRQHandler
                0x08004734                DMA1_Stream3_IRQHandler
 .text.memset   0x08004736       0x10 C:/ST/STM32CubeCLT_1.21.0/GNU-tools-for-STM32/bin/../lib/gcc/arm-none-eabi/14.3.1/../../../../arm-none-eabi/lib/thumb/v7e-m+dp/hard\libg_nano.a(libc_a-memset.o)
                0x08004736                memset
 *fill*         0x08004746        0x2 
 .text.__libc_init_array
                0x08004748       0x48 C:/ST/STM32CubeCLT_1.21.0/GNU-tools-for-STM32/bin/../lib/gcc/arm-none-eabi/14.3.1/../../../../arm-none-eabi/lib/thumb/v7e-m+dp/hard\libg_nano.a(libc_a-init.o)
                0x08004748                __libc_init_array
 *(.glue_7)
 .glue_7        0x08004790        0x0 linker stubs
 *(.glue_7t)
 .glue_7t       0x08004790        0x0 linker stubs
 *(.eh_frame)
 .eh_frame      0x08004790        0x0 C:/ST/STM32CubeCLT_1.21.0/GNU-tools-for-STM32/bin/../lib/gcc/arm-none-eabi/14.3.1/thumb/v7e-m+dp/hard/crtbegin.o
 *(.init)
 .init          0x08004790        0x4 C:/ST/STM32CubeCLT_1.21.0/GNU-tools-for-STM32/bin/../lib/gcc/arm-none-eabi/14.3.1/thumb/v7e-m+dp/hard/crti.o
                0x08004790                _init
 .init          0x08004794        0x8 C:/ST/STM32CubeCLT_1.21.0/GNU-tools-for-STM32/bin/../lib/gcc/arm-none-eabi/14.3.1/thumb/v7e-m+dp/hard/crtn.o
 *(.fini)
 .fini          0x0800479c        0x4 C:/ST/STM32CubeCLT_1.21.0/GNU-tools-for-STM32/bin/../lib/gcc/arm-none-eabi/14.3.1/thumb/v7e-m+dp/hard/crti.o
                0x0800479c                _fini
 .fini          0x080047a0        0x8 C:/ST/STM32CubeCLT_1.21.0/GNU-tools-for-STM32/bin/../lib/gcc/arm-none-eabi/14.3.1/thumb/v7e-m+dp/hard/crtn.o
                0x080047a8                        . = ALIGN (0x4)
                0x080047a8                        _etext = .

.vfp11_veneer   0x080047a8        0x0
 .vfp11_veneer  0x080047a8        0x0 linker stubs

.v4_bx          0x080047a8        0x0
 .v4_bx         0x080047a8        0x0 linker stubs

.iplt           0x080047a8        0x0
 .iplt          0x080047a8        0x0 C:/ST/STM32CubeCLT_1.21.0/GNU-tools-for-STM32/bin/../lib/gcc/arm-none-eabi/14.3.1/thumb/v7e-m+dp/hard/crtbegin.o

.rodata         0x080047a8       0x18
                0x080047a8                        . = ALIGN (0x4)
 *(.rodata)
 *(.rodata*)
 .rodata.AHBPrescTable
                0x080047a8       0x10 cmake/stm32cubemx/CMakeFiles/STM32_Drivers.dir/__/__/Core/Src/system_stm32f7xx.c.obj
                0x080047a8                AHBPrescTable
 .rodata.APBPrescTable
                0x080047b8        0x8 cmake/stm32cubemx/CMakeFiles/STM32_Drivers.dir/__/__/Core/Src/system_stm32f7xx.c.obj
                0x080047b8                APBPrescTable
                0x080047c0                        . = ALIGN (0x4)

.ARM.extab      0x080047c0        0x0
                0x080047c0                        . = ALIGN (0x4)
 *(.ARM.extab* .gnu.linkonce.armextab.*)
                0x080047c0                        . = ALIGN (0x4)

.ARM            0x080047c0        0x8
                0x080047c0                        . = ALIGN (0x4)
                0x080047c0                        __exidx_start = .
 *(.ARM.exidx*)
 .ARM.exidx     0x080047c0        0x8 C:/ST/STM32CubeCLT_1.21.0/GNU-tools-for-STM32/bin/../lib/gcc/arm-none-eabi/14.3.1/thumb/v7e-m+dp/hard\libgcc.a(_udivmoddi4.o)
                0x080047c8                        __exidx_end = .
                0x080047c8                        . = ALIGN (0x4)

.preinit_array  0x080047c8        0x0
                0x080047c8                        . = ALIGN (0x4)
                0x080047c8                        PROVIDE (__preinit_array_start = .)
 *(.preinit_array*)
                0x080047c8                        PROVIDE (__preinit_array_end = .)
                0x080047c8                        . = ALIGN (0x4)

.init_array     0x080047c8        0x4
                0x080047c8                        . = ALIGN (0x4)
                0x080047c8                        PROVIDE (__init_array_start = .)
 *(SORT_BY_NAME(.init_array.*))
 *(.init_array*)
 .init_array    0x080047c8        0x4 C:/ST/STM32CubeCLT_1.21.0/GNU-tools-for-STM32/bin/../lib/gcc/arm-none-eabi/14.3.1/thumb/v7e-m+dp/hard/crtbegin.o
                0x080047cc                        PROVIDE (__init_array_end = .)
                0x080047cc                        . = ALIGN (0x4)

.fini_array     0x080047cc        0x4
                0x080047cc                        . = ALIGN (0x4)
                [!provide]                        PROVIDE (__fini_array_start = .)
 *(SORT_BY_NAME(.fini_array.*))
 *(.fini_array*)
 .fini_array    0x080047cc        0x4 C:/ST/STM32CubeCLT_1.21.0/GNU-tools-for-STM32/bin/../lib/gcc/arm-none-eabi/14.3.1/thumb/v7e-m+dp/hard/crtbegin.o
                [!provide]                        PROVIDE (__fini_array_end = .)
                0x080047d0                        . = ALIGN (0x4)
                0x080047d0                        _sidata = LOADADDR (.data)

.rel.dyn        0x080047d0        0x0
 .rel.iplt      0x080047d0        0x0 C:/ST/STM32CubeCLT_1.21.0/GNU-tools-for-STM32/bin/../lib/gcc/arm-none-eabi/14.3.1/thumb/v7e-m+dp/hard/crtbegin.o

.data           0x20000000        0xc load address 0x080047d0
                0x20000000                        . = ALIGN (0x4)
                0x20000000                        _sdata = .
 *(.data)
 *(.data*)
 .data.SystemCoreClock
                0x20000000        0x4 cmake/stm32cubemx/CMakeFiles/STM32_Drivers.dir/__/__/Core/Src/system_stm32f7xx.c.obj
                0x20000000                SystemCoreClock
 .data.uwTickPrio
                0x20000004        0x4 cmake/stm32cubemx/CMakeFiles/STM32_Drivers.dir/__/__/Drivers/STM32F7xx_HAL_Driver/Src/stm32f7xx_hal.c.obj
                0x20000004                uwTickPrio
 .data.uwTickFreq
                0x20000008        0x1 cmake/stm32cubemx/CMakeFiles/STM32_Drivers.dir/__/__/Drivers/STM32F7xx_HAL_Driver/Src/stm32f7xx_hal.c.obj
                0x20000008                uwTickFreq
 *(.RamFunc)
 *(.RamFunc*)
                0x2000000c                        . = ALIGN (0x4)
 *fill*         0x20000009        0x3 

.igot.plt       0x2000000c        0x0 load address 0x080047dc
 .igot.plt      0x2000000c        0x0 C:/ST/STM32CubeCLT_1.21.0/GNU-tools-for-STM32/bin/../lib/gcc/arm-none-eabi/14.3.1/thumb/v7e-m+dp/hard/crtbegin.o

.RxDecripSection
                0x2000000c       0xa0 load address 0x080047dc
 .RxDecripSection
                0x2000000c       0xa0 CMakeFiles/EMS_vsdebug_cmake.dir/Core/Src/eth.c.obj
                0x2000000c                DMARxDscrTab

.TxDecripSection
                0x200000ac       0xa0 load address 0x0800487c
 .TxDecripSection
                0x200000ac       0xa0 CMakeFiles/EMS_vsdebug_cmake.dir/Core/Src/eth.c.obj
                0x200000ac                DMATxDscrTab

.tdata          0x2000014c        0x0 load address 0x0800491c
 *(.tdata .tdata.* .gnu.linkonce.td.*)
                0x2000014c                        . = ALIGN (0x4)
                0x2000014c                        _edata = .
                [!provide]                        PROVIDE (__data_end = .)
                [!provide]                        PROVIDE (__tdata_end = .)
                [!provide]                        PROVIDE (__tdata_start = ADDR (.tdata))
                [!provide]                        PROVIDE (__tdata_size = (__tdata_end - __tdata_start))
                [!provide]                        PROVIDE (__data_start = ADDR (.data))
                [!provide]                        PROVIDE (__data_size = (__data_end - __data_start))
                [!provide]                        PROVIDE (__tdata_source = LOADADDR (.tdata))
                [!provide]                        PROVIDE (__tdata_source_end = (LOADADDR (.tdata) + SIZEOF (.tdata)))
                [!provide]                        PROVIDE (__tdata_source_size = (__tdata_source_end - __tdata_source))
                [!provide]                        PROVIDE (__data_source = LOADADDR (.data))
                [!provide]                        PROVIDE (__data_source_end = __tdata_source_end)
                [!provide]                        PROVIDE (__data_source_size = (__data_source_end - __data_source))

.tbss           0x2000014c        0x0 load address 0x0800491c
                0x2000014c                        _sbss = .
                0x2000014c                        __bss_start__ = _sbss
 *(.tbss .tbss.*)
                0x2000014c                        . = ALIGN (0x4)
                [!provide]                        PROVIDE (__tbss_end = .)
                [!provide]                        PROVIDE (__tbss_start = ADDR (.tbss))
                [!provide]                        PROVIDE (__tbss_size = (__tbss_end - __tbss_start))
                [!provide]                        PROVIDE (__tbss_offset = (ADDR (.tbss) - ADDR (.tdata)))
                [!provide]                        PROVIDE (__tls_base = __tdata_start)
                [!provide]                        PROVIDE (__tls_end = __tbss_end)
                [!provide]                        PROVIDE (__tls_size = (__tls_end - __tls_base))
                [!provide]                        PROVIDE (__tls_align = MAX (ALIGNOF (.tdata), ALIGNOF (.tbss)))
                [!provide]                        PROVIDE (__tls_size_align = (((__tls_size + __tls_align) - 0x1) & ~ ((__tls_align - 0x1))))
                [!provide]                        PROVIDE (__arm32_tls_tcb_offset = MAX (0x8, __tls_align))
                [!provide]                        PROVIDE (__arm64_tls_tcb_offset = MAX (0x10, __tls_align))

.bss            0x2000014c      0x6c4 load address 0x0800491c
 *(.bss)
 .bss           0x2000014c       0x1c C:/ST/STM32CubeCLT_1.21.0/GNU-tools-for-STM32/bin/../lib/gcc/arm-none-eabi/14.3.1/thumb/v7e-m+dp/hard/crtbegin.o
 *(.bss*)
 .bss.uwTick    0x20000168        0x4 cmake/stm32cubemx/CMakeFiles/STM32_Drivers.dir/__/__/Drivers/STM32F7xx_HAL_Driver/Src/stm32f7xx_hal.c.obj
                0x20000168                uwTick
 .bss.TxConfig  0x2000016c       0x38 CMakeFiles/EMS_vsdebug_cmake.dir/Core/Src/eth.c.obj
                0x2000016c                TxConfig
 .bss.heth      0x200001a4       0xb0 CMakeFiles/EMS_vsdebug_cmake.dir/Core/Src/eth.c.obj
                0x200001a4                heth
 .bss.MACAddr.0
                0x20000254        0x6 CMakeFiles/EMS_vsdebug_cmake.dir/Core/Src/eth.c.obj
 *fill*         0x2000025a        0x2 
 .bss.htim6     0x2000025c       0x4c CMakeFiles/EMS_vsdebug_cmake.dir/Core/Src/tim.c.obj
                0x2000025c                htim6
 .bss.huart3    0x200002a8       0x88 CMakeFiles/EMS_vsdebug_cmake.dir/Core/Src/usart.c.obj
                0x200002a8                huart3
 .bss.hpcd_USB_OTG_FS
                0x20000330      0x4e0 CMakeFiles/EMS_vsdebug_cmake.dir/Core/Src/usb_otg.c.obj
                0x20000330                hpcd_USB_OTG_FS
 *(COMMON)
                0x20000810                        . = ALIGN (0x4)
                0x20000810                        _ebss = .
                0x20000810                        __bss_end__ = _ebss
                [!provide]                        PROVIDE (__bss_end = .)
                [!provide]                        PROVIDE (__non_tls_bss_start = ADDR (.bss))
                [!provide]                        PROVIDE (__bss_start = __tbss_start)
                [!provide]                        PROVIDE (__bss_size = (__bss_end - __bss_start))

._user_heap_stack
                0x20000810      0x600 load address 0x0800491c
                0x20000810                        . = ALIGN (0x8)
                [!provide]                        PROVIDE (end = .)
                0x20000810                        PROVIDE (_end = .)
                0x20000a10                        . = (. + _Min_Heap_Size)
 *fill*         0x20000810      0x200 
                0x20000e10                        . = (. + _Min_Stack_Size)
 *fill*         0x20000a10      0x400 
                0x20000e10                        . = ALIGN (0x8)

/DISCARD/
 libc.a:*(*)
 libm.a:*(*)
 libgcc.a:*(*)
OUTPUT(EMS_vsdebug_cmake.elf elf32-littlearm)
LOAD linker stubs

.ARM.attributes
                0x00000000       0x2e
 .ARM.attributes
                0x00000000       0x20 C:/ST/STM32CubeCLT_1.21.0/GNU-tools-for-STM32/bin/../lib/gcc/arm-none-eabi/14.3.1/thumb/v7e-m+dp/hard/crti.o
 .ARM.attributes
                0x00000020       0x32 C:/ST/STM32CubeCLT_1.21.0/GNU-tools-for-STM32/bin/../lib/gcc/arm-none-eabi/14.3.1/thumb/v7e-m+dp/hard/crtbegin.o
 .ARM.attributes
                0x00000052       0x32 cmake/stm32cubemx/CMakeFiles/STM32_Drivers.dir/__/__/Core/Src/system_stm32f7xx.c.obj
 .ARM.attributes
                0x00000084       0x32 cmake/stm32cubemx/CMakeFiles/STM32_Drivers.dir/__/__/Drivers/STM32F7xx_HAL_Driver/Src/stm32f7xx_hal_cortex.c.obj
 .ARM.attributes
                0x000000b6       0x32 cmake/stm32cubemx/CMakeFiles/STM32_Drivers.dir/__/__/Drivers/STM32F7xx_HAL_Driver/Src/stm32f7xx_hal_rcc.c.obj
 .ARM.attributes
                0x000000e8       0x32 cmake/stm32cubemx/CMakeFiles/STM32_Drivers.dir/__/__/Drivers/STM32F7xx_HAL_Driver/Src/stm32f7xx_hal_rcc_ex.c.obj
 .ARM.attributes
                0x0000011a       0x32 cmake/stm32cubemx/CMakeFiles/STM32_Drivers.dir/__/__/Drivers/STM32F7xx_HAL_Driver/Src/stm32f7xx_hal_gpio.c.obj
 .ARM.attributes
                0x0000014c       0x32 cmake/stm32cubemx/CMakeFiles/STM32_Drivers.dir/__/__/Drivers/STM32F7xx_HAL_Driver/Src/stm32f7xx_hal_pwr.c.obj
 .ARM.attributes
                0x0000017e       0x32 cmake/stm32cubemx/CMakeFiles/STM32_Drivers.dir/__/__/Drivers/STM32F7xx_HAL_Driver/Src/stm32f7xx_hal_pwr_ex.c.obj
 .ARM.attributes
                0x000001b0       0x32 cmake/stm32cubemx/CMakeFiles/STM32_Drivers.dir/__/__/Drivers/STM32F7xx_HAL_Driver/Src/stm32f7xx_hal.c.obj
 .ARM.attributes
                0x000001e2       0x32 cmake/stm32cubemx/CMakeFiles/STM32_Drivers.dir/__/__/Drivers/STM32F7xx_HAL_Driver/Src/stm32f7xx_hal_eth.c.obj
 .ARM.attributes
                0x00000214       0x32 cmake/stm32cubemx/CMakeFiles/STM32_Drivers.dir/__/__/Drivers/STM32F7xx_HAL_Driver/Src/stm32f7xx_hal_tim.c.obj
 .ARM.attributes
                0x00000246       0x32 cmake/stm32cubemx/CMakeFiles/STM32_Drivers.dir/__/__/Drivers/STM32F7xx_HAL_Driver/Src/stm32f7xx_hal_tim_ex.c.obj
 .ARM.attributes
                0x00000278       0x32 cmake/stm32cubemx/CMakeFiles/STM32_Drivers.dir/__/__/Drivers/STM32F7xx_HAL_Driver/Src/stm32f7xx_hal_uart.c.obj
 .ARM.attributes
                0x000002aa       0x32 cmake/stm32cubemx/CMakeFiles/STM32_Drivers.dir/__/__/Drivers/STM32F7xx_HAL_Driver/Src/stm32f7xx_hal_pcd.c.obj
 .ARM.attributes
                0x000002dc       0x32 cmake/stm32cubemx/CMakeFiles/STM32_Drivers.dir/__/__/Drivers/STM32F7xx_HAL_Driver/Src/stm32f7xx_hal_pcd_ex.c.obj
 .ARM.attributes
                0x0000030e       0x32 cmake/stm32cubemx/CMakeFiles/STM32_Drivers.dir/__/__/Drivers/STM32F7xx_HAL_Driver/Src/stm32f7xx_ll_usb.c.obj
 .ARM.attributes
                0x00000340       0x32 CMakeFiles/EMS_vsdebug_cmake.dir/Core/Src/main.c.obj
 .ARM.attributes
                0x00000372       0x32 CMakeFiles/EMS_vsdebug_cmake.dir/Core/Src/gpio.c.obj
 .ARM.attributes
                0x000003a4       0x32 CMakeFiles/EMS_vsdebug_cmake.dir/Core/Src/eth.c.obj
 .ARM.attributes
                0x000003d6       0x32 CMakeFiles/EMS_vsdebug_cmake.dir/Core/Src/tim.c.obj
 .ARM.attributes
                0x00000408       0x32 CMakeFiles/EMS_vsdebug_cmake.dir/Core/Src/usart.c.obj
 .ARM.attributes
                0x0000043a       0x32 CMakeFiles/EMS_vsdebug_cmake.dir/Core/Src/usb_otg.c.obj
 .ARM.attributes
                0x0000046c       0x32 CMakeFiles/EMS_vsdebug_cmake.dir/Core/Src/stm32f7xx_it.c.obj
 .ARM.attributes
                0x0000049e       0x32 CMakeFiles/EMS_vsdebug_cmake.dir/Core/Src/stm32f7xx_hal_msp.c.obj
 .ARM.attributes
                0x000004d0       0x21 CMakeFiles/EMS_vsdebug_cmake.dir/startup_stm32f767xx.s.obj
 .ARM.attributes
                0x000004f1       0x20 C:/ST/STM32CubeCLT_1.21.0/GNU-tools-for-STM32/bin/../lib/gcc/arm-none-eabi/14.3.1/thumb/v7e-m+dp/hard\libgcc.a(_aeabi_uldivmod.o)
 .ARM.attributes
                0x00000511       0x32 C:/ST/STM32CubeCLT_1.21.0/GNU-tools-for-STM32/bin/../lib/gcc/arm-none-eabi/14.3.1/thumb/v7e-m+dp/hard\libgcc.a(_udivmoddi4.o)
 .ARM.attributes
                0x00000543       0x20 C:/ST/STM32CubeCLT_1.21.0/GNU-tools-for-STM32/bin/../lib/gcc/arm-none-eabi/14.3.1/thumb/v7e-m+dp/hard\libgcc.a(_dvmd_tls.o)
 .ARM.attributes
                0x00000563       0x32 C:/ST/STM32CubeCLT_1.21.0/GNU-tools-for-STM32/bin/../lib/gcc/arm-none-eabi/14.3.1/../../../../arm-none-eabi/lib/thumb/v7e-m+dp/hard\libg_nano.a(libc_a-memset.o)
 .ARM.attributes
                0x00000595       0x32 C:/ST/STM32CubeCLT_1.21.0/GNU-tools-for-STM32/bin/../lib/gcc/arm-none-eabi/14.3.1/../../../../arm-none-eabi/lib/thumb/v7e-m+dp/hard\libg_nano.a(libc_a-init.o)
 .ARM.attributes
                0x000005c7       0x20 C:/ST/STM32CubeCLT_1.21.0/GNU-tools-for-STM32/bin/../lib/gcc/arm-none-eabi/14.3.1/thumb/v7e-m+dp/hard/crtn.o

.comment        0x00000000       0x43
 .comment       0x00000000       0x43 cmake/stm32cubemx/CMakeFiles/STM32_Drivers.dir/__/__/Core/Src/system_stm32f7xx.c.obj
                                 0x44 (size before relaxing)
 .comment       0x00000043       0x44 cmake/stm32cubemx/CMakeFiles/STM32_Drivers.dir/__/__/Drivers/STM32F7xx_HAL_Driver/Src/stm32f7xx_hal_cortex.c.obj
 .comment       0x00000043       0x44 cmake/stm32cubemx/CMakeFiles/STM32_Drivers.dir/__/__/Drivers/STM32F7xx_HAL_Driver/Src/stm32f7xx_hal_rcc.c.obj
 .comment       0x00000043       0x44 cmake/stm32cubemx/CMakeFiles/STM32_Drivers.dir/__/__/Drivers/STM32F7xx_HAL_Driver/Src/stm32f7xx_hal_rcc_ex.c.obj
 .comment       0x00000043       0x44 cmake/stm32cubemx/CMakeFiles/STM32_Drivers.dir/__/__/Drivers/STM32F7xx_HAL_Driver/Src/stm32f7xx_hal_gpio.c.obj
 .comment       0x00000043       0x44 cmake/stm32cubemx/CMakeFiles/STM32_Drivers.dir/__/__/Drivers/STM32F7xx_HAL_Driver/Src/stm32f7xx_hal_pwr.c.obj
 .comment       0x00000043       0x44 cmake/stm32cubemx/CMakeFiles/STM32_Drivers.dir/__/__/Drivers/STM32F7xx_HAL_Driver/Src/stm32f7xx_hal_pwr_ex.c.obj
 .comment       0x00000043       0x44 cmake/stm32cubemx/CMakeFiles/STM32_Drivers.dir/__/__/Drivers/STM32F7xx_HAL_Driver/Src/stm32f7xx_hal.c.obj
 .comment       0x00000043       0x44 cmake/stm32cubemx/CMakeFiles/STM32_Drivers.dir/__/__/Drivers/STM32F7xx_HAL_Driver/Src/stm32f7xx_hal_eth.c.obj
 .comment       0x00000043       0x44 cmake/stm32cubemx/CMakeFiles/STM32_Drivers.dir/__/__/Drivers/STM32F7xx_HAL_Driver/Src/stm32f7xx_hal_tim.c.obj
 .comment       0x00000043       0x44 cmake/stm32cubemx/CMakeFiles/STM32_Drivers.dir/__/__/Drivers/STM32F7xx_HAL_Driver/Src/stm32f7xx_hal_tim_ex.c.obj
 .comment       0x00000043       0x44 cmake/stm32cubemx/CMakeFiles/STM32_Drivers.dir/__/__/Drivers/STM32F7xx_HAL_Driver/Src/stm32f7xx_hal_uart.c.obj
 .comment       0x00000043       0x44 cmake/stm32cubemx/CMakeFiles/STM32_Drivers.dir/__/__/Drivers/STM32F7xx_HAL_Driver/Src/stm32f7xx_hal_pcd.c.obj
 .comment       0x00000043       0x44 cmake/stm32cubemx/CMakeFiles/STM32_Drivers.dir/__/__/Drivers/STM32F7xx_HAL_Driver/Src/stm32f7xx_hal_pcd_ex.c.obj
 .comment       0x00000043       0x44 cmake/stm32cubemx/CMakeFiles/STM32_Drivers.dir/__/__/Drivers/STM32F7xx_HAL_Driver/Src/stm32f7xx_ll_usb.c.obj
 .comment       0x00000043       0x44 CMakeFiles/EMS_vsdebug_cmake.dir/Core/Src/main.c.obj
 .comment       0x00000043       0x44 CMakeFiles/EMS_vsdebug_cmake.dir/Core/Src/gpio.c.obj
 .comment       0x00000043       0x44 CMakeFiles/EMS_vsdebug_cmake.dir/Core/Src/eth.c.obj
 .comment       0x00000043       0x44 CMakeFiles/EMS_vsdebug_cmake.dir/Core/Src/tim.c.obj
 .comment       0x00000043       0x44 CMakeFiles/EMS_vsdebug_cmake.dir/Core/Src/usart.c.obj
 .comment       0x00000043       0x44 CMakeFiles/EMS_vsdebug_cmake.dir/Core/Src/usb_otg.c.obj
 .comment       0x00000043       0x44 CMakeFiles/EMS_vsdebug_cmake.dir/Core/Src/stm32f7xx_it.c.obj
 .comment       0x00000043       0x44 CMakeFiles/EMS_vsdebug_cmake.dir/Core/Src/stm32f7xx_hal_msp.c.obj
 .comment       0x00000043       0x44 C:/ST/STM32CubeCLT_1.21.0/GNU-tools-for-STM32/bin/../lib/gcc/arm-none-eabi/14.3.1/../../../../arm-none-eabi/lib/thumb/v7e-m+dp/hard\libg_nano.a(libc_a-memset.o)
 .comment       0x00000043       0x44 C:/ST/STM32CubeCLT_1.21.0/GNU-tools-for-STM32/bin/../lib/gcc/arm-none-eabi/14.3.1/../../../../arm-none-eabi/lib/thumb/v7e-m+dp/hard\libg_nano.a(libc_a-init.o)

.debug_info     0x00000000    0x16ad7
 .debug_info    0x00000000      0x6ed cmake/stm32cubemx/CMakeFiles/STM32_Drivers.dir/__/__/Core/Src/system_stm32f7xx.c.obj
 .debug_info    0x000006ed      0xfc0 cmake/stm32cubemx/CMakeFiles/STM32_Drivers.dir/__/__/Drivers/STM32F7xx_HAL_Driver/Src/stm32f7xx_hal_cortex.c.obj
 .debug_info    0x000016ad      0x94b cmake/stm32cubemx/CMakeFiles/STM32_Drivers.dir/__/__/Drivers/STM32F7xx_HAL_Driver/Src/stm32f7xx_hal_rcc.c.obj
 .debug_info    0x00001ff8      0x6e1 cmake/stm32cubemx/CMakeFiles/STM32_Drivers.dir/__/__/Drivers/STM32F7xx_HAL_Driver/Src/stm32f7xx_hal_rcc_ex.c.obj
 .debug_info    0x000026d9      0x6f3 cmake/stm32cubemx/CMakeFiles/STM32_Drivers.dir/__/__/Drivers/STM32F7xx_HAL_Driver/Src/stm32f7xx_hal_gpio.c.obj
 .debug_info    0x00002dcc      0x90e cmake/stm32cubemx/CMakeFiles/STM32_Drivers.dir/__/__/Drivers/STM32F7xx_HAL_Driver/Src/stm32f7xx_hal_pwr.c.obj
 .debug_info    0x000036da      0x8cd cmake/stm32cubemx/CMakeFiles/STM32_Drivers.dir/__/__/Drivers/STM32F7xx_HAL_Driver/Src/stm32f7xx_hal_pwr_ex.c.obj
 .debug_info    0x00003fa7      0xa4c cmake/stm32cubemx/CMakeFiles/STM32_Drivers.dir/__/__/Drivers/STM32F7xx_HAL_Driver/Src/stm32f7xx_hal.c.obj
 .debug_info    0x000049f3     0x21b6 cmake/stm32cubemx/CMakeFiles/STM32_Drivers.dir/__/__/Drivers/STM32F7xx_HAL_Driver/Src/stm32f7xx_hal_eth.c.obj
 .debug_info    0x00006ba9     0x2ad5 cmake/stm32cubemx/CMakeFiles/STM32_Drivers.dir/__/__/Drivers/STM32F7xx_HAL_Driver/Src/stm32f7xx_hal_tim.c.obj
 .debug_info    0x0000967e     0x16bb cmake/stm32cubemx/CMakeFiles/STM32_Drivers.dir/__/__/Drivers/STM32F7xx_HAL_Driver/Src/stm32f7xx_hal_tim_ex.c.obj
 .debug_info    0x0000ad39     0x3b13 cmake/stm32cubemx/CMakeFiles/STM32_Drivers.dir/__/__/Drivers/STM32F7xx_HAL_Driver/Src/stm32f7xx_hal_uart.c.obj
 .debug_info    0x0000e84c     0x1599 cmake/stm32cubemx/CMakeFiles/STM32_Drivers.dir/__/__/Drivers/STM32F7xx_HAL_Driver/Src/stm32f7xx_hal_pcd.c.obj
 .debug_info    0x0000fde5      0x7a3 cmake/stm32cubemx/CMakeFiles/STM32_Drivers.dir/__/__/Drivers/STM32F7xx_HAL_Driver/Src/stm32f7xx_hal_pcd_ex.c.obj
 .debug_info    0x00010588     0x19fc cmake/stm32cubemx/CMakeFiles/STM32_Drivers.dir/__/__/Drivers/STM32F7xx_HAL_Driver/Src/stm32f7xx_ll_usb.c.obj
 .debug_info    0x00011f84      0x635 CMakeFiles/EMS_vsdebug_cmake.dir/Core/Src/main.c.obj
 .debug_info    0x000125b9      0x465 CMakeFiles/EMS_vsdebug_cmake.dir/Core/Src/gpio.c.obj
 .debug_info    0x00012a1e      0xf6c CMakeFiles/EMS_vsdebug_cmake.dir/Core/Src/eth.c.obj
 .debug_info    0x0001398a      0xcc3 CMakeFiles/EMS_vsdebug_cmake.dir/Core/Src/tim.c.obj
 .debug_info    0x0001464d      0xc81 CMakeFiles/EMS_vsdebug_cmake.dir/Core/Src/usart.c.obj
 .debug_info    0x000152ce      0xc1d CMakeFiles/EMS_vsdebug_cmake.dir/Core/Src/usb_otg.c.obj
 .debug_info    0x00015eeb      0x744 CMakeFiles/EMS_vsdebug_cmake.dir/Core/Src/stm32f7xx_it.c.obj
 .debug_info    0x0001662f      0x28d CMakeFiles/EMS_vsdebug_cmake.dir/Core/Src/stm32f7xx_hal_msp.c.obj
 .debug_info    0x000168bc       0x30 CMakeFiles/EMS_vsdebug_cmake.dir/startup_stm32f767xx.s.obj
 .debug_info    0x000168ec       0xe0 C:/ST/STM32CubeCLT_1.21.0/GNU-tools-for-STM32/bin/../lib/gcc/arm-none-eabi/14.3.1/../../../../arm-none-eabi/lib/thumb/v7e-m+dp/hard\libg_nano.a(libc_a-memset.o)
 .debug_info    0x000169cc      0x10b C:/ST/STM32CubeCLT_1.21.0/GNU-tools-for-STM32/bin/../lib/gcc/arm-none-eabi/14.3.1/../../../../arm-none-eabi/lib/thumb/v7e-m+dp/hard\libg_nano.a(libc_a-init.o)

.debug_abbrev   0x00000000     0x32d9
 .debug_abbrev  0x00000000      0x13b cmake/stm32cubemx/CMakeFiles/STM32_Drivers.dir/__/__/Core/Src/system_stm32f7xx.c.obj
 .debug_abbrev  0x0000013b      0x31e cmake/stm32cubemx/CMakeFiles/STM32_Drivers.dir/__/__/Drivers/STM32F7xx_HAL_Driver/Src/stm32f7xx_hal_cortex.c.obj
 .debug_abbrev  0x00000459      0x2de cmake/stm32cubemx/CMakeFiles/STM32_Drivers.dir/__/__/Drivers/STM32F7xx_HAL_Driver/Src/stm32f7xx_hal_rcc.c.obj
 .debug_abbrev  0x00000737      0x1c9 cmake/stm32cubemx/CMakeFiles/STM32_Drivers.dir/__/__/Drivers/STM32F7xx_HAL_Driver/Src/stm32f7xx_hal_rcc_ex.c.obj
 .debug_abbrev  0x00000900      0x1d4 cmake/stm32cubemx/CMakeFiles/STM32_Drivers.dir/__/__/Drivers/STM32F7xx_HAL_Driver/Src/stm32f7xx_hal_gpio.c.obj
 .debug_abbrev  0x00000ad4      0x1c5 cmake/stm32cubemx/CMakeFiles/STM32_Drivers.dir/__/__/Drivers/STM32F7xx_HAL_Driver/Src/stm32f7xx_hal_pwr.c.obj
 .debug_abbrev  0x00000c99      0x1d5 cmake/stm32cubemx/CMakeFiles/STM32_Drivers.dir/__/__/Drivers/STM32F7xx_HAL_Driver/Src/stm32f7xx_hal_pwr_ex.c.obj
 .debug_abbrev  0x00000e6e      0x213 cmake/stm32cubemx/CMakeFiles/STM32_Drivers.dir/__/__/Drivers/STM32F7xx_HAL_Driver/Src/stm32f7xx_hal.c.obj
 .debug_abbrev  0x00001081      0x35a cmake/stm32cubemx/CMakeFiles/STM32_Drivers.dir/__/__/Drivers/STM32F7xx_HAL_Driver/Src/stm32f7xx_hal_eth.c.obj
 .debug_abbrev  0x000013db      0x278 cmake/stm32cubemx/CMakeFiles/STM32_Drivers.dir/__/__/Drivers/STM32F7xx_HAL_Driver/Src/stm32f7xx_hal_tim.c.obj
 .debug_abbrev  0x00001653      0x283 cmake/stm32cubemx/CMakeFiles/STM32_Drivers.dir/__/__/Drivers/STM32F7xx_HAL_Driver/Src/stm32f7xx_hal_tim_ex.c.obj
 .debug_abbrev  0x000018d6      0x2e6 cmake/stm32cubemx/CMakeFiles/STM32_Drivers.dir/__/__/Drivers/STM32F7xx_HAL_Driver/Src/stm32f7xx_hal_uart.c.obj
 .debug_abbrev  0x00001bbc      0x2ee cmake/stm32cubemx/CMakeFiles/STM32_Drivers.dir/__/__/Drivers/STM32F7xx_HAL_Driver/Src/stm32f7xx_hal_pcd.c.obj
 .debug_abbrev  0x00001eaa      0x1ca cmake/stm32cubemx/CMakeFiles/STM32_Drivers.dir/__/__/Drivers/STM32F7xx_HAL_Driver/Src/stm32f7xx_hal_pcd_ex.c.obj
 .debug_abbrev  0x00002074      0x293 cmake/stm32cubemx/CMakeFiles/STM32_Drivers.dir/__/__/Drivers/STM32F7xx_HAL_Driver/Src/stm32f7xx_ll_usb.c.obj
 .debug_abbrev  0x00002307      0x222 CMakeFiles/EMS_vsdebug_cmake.dir/Core/Src/main.c.obj
 .debug_abbrev  0x00002529      0x152 CMakeFiles/EMS_vsdebug_cmake.dir/Core/Src/gpio.c.obj
 .debug_abbrev  0x0000267b      0x249 CMakeFiles/EMS_vsdebug_cmake.dir/Core/Src/eth.c.obj
 .debug_abbrev  0x000028c4      0x1f7 CMakeFiles/EMS_vsdebug_cmake.dir/Core/Src/tim.c.obj
 .debug_abbrev  0x00002abb      0x1f9 CMakeFiles/EMS_vsdebug_cmake.dir/Core/Src/usart.c.obj
 .debug_abbrev  0x00002cb4      0x230 CMakeFiles/EMS_vsdebug_cmake.dir/Core/Src/usb_otg.c.obj
 .debug_abbrev  0x00002ee4      0x192 CMakeFiles/EMS_vsdebug_cmake.dir/Core/Src/stm32f7xx_it.c.obj
 .debug_abbrev  0x00003076       0xd8 CMakeFiles/EMS_vsdebug_cmake.dir/Core/Src/stm32f7xx_hal_msp.c.obj
 .debug_abbrev  0x0000314e       0x24 CMakeFiles/EMS_vsdebug_cmake.dir/startup_stm32f767xx.s.obj
 .debug_abbrev  0x00003172       0x9e C:/ST/STM32CubeCLT_1.21.0/GNU-tools-for-STM32/bin/../lib/gcc/arm-none-eabi/14.3.1/../../../../arm-none-eabi/lib/thumb/v7e-m+dp/hard\libg_nano.a(libc_a-memset.o)
 .debug_abbrev  0x00003210       0xc9 C:/ST/STM32CubeCLT_1.21.0/GNU-tools-for-STM32/bin/../lib/gcc/arm-none-eabi/14.3.1/../../../../arm-none-eabi/lib/thumb/v7e-m+dp/hard\libg_nano.a(libc_a-init.o)

.debug_aranges  0x00000000     0x1360
 .debug_aranges
                0x00000000       0x28 cmake/stm32cubemx/CMakeFiles/STM32_Drivers.dir/__/__/Core/Src/system_stm32f7xx.c.obj
 .debug_aranges
                0x00000028      0x128 cmake/stm32cubemx/CMakeFiles/STM32_Drivers.dir/__/__/Drivers/STM32F7xx_HAL_Driver/Src/stm32f7xx_hal_cortex.c.obj
 .debug_aranges
                0x00000150       0x88 cmake/stm32cubemx/CMakeFiles/STM32_Drivers.dir/__/__/Drivers/STM32F7xx_HAL_Driver/Src/stm32f7xx_hal_rcc.c.obj
 .debug_aranges
                0x000001d8       0x50 cmake/stm32cubemx/CMakeFiles/STM32_Drivers.dir/__/__/Drivers/STM32F7xx_HAL_Driver/Src/stm32f7xx_hal_rcc_ex.c.obj
 .debug_aranges
                0x00000228       0x58 cmake/stm32cubemx/CMakeFiles/STM32_Drivers.dir/__/__/Drivers/STM32F7xx_HAL_Driver/Src/stm32f7xx_hal_gpio.c.obj
 .debug_aranges
                0x00000280       0xa0 cmake/stm32cubemx/CMakeFiles/STM32_Drivers.dir/__/__/Drivers/STM32F7xx_HAL_Driver/Src/stm32f7xx_hal_pwr.c.obj
 .debug_aranges
                0x00000320       0x80 cmake/stm32cubemx/CMakeFiles/STM32_Drivers.dir/__/__/Drivers/STM32F7xx_HAL_Driver/Src/stm32f7xx_hal_pwr_ex.c.obj
 .debug_aranges
                0x000003a0      0x110 cmake/stm32cubemx/CMakeFiles/STM32_Drivers.dir/__/__/Drivers/STM32F7xx_HAL_Driver/Src/stm32f7xx_hal.c.obj
 .debug_aranges
                0x000004b0      0x1e8 cmake/stm32cubemx/CMakeFiles/STM32_Drivers.dir/__/__/Drivers/STM32F7xx_HAL_Driver/Src/stm32f7xx_hal_eth.c.obj
 .debug_aranges
                0x00000698      0x3e0 cmake/stm32cubemx/CMakeFiles/STM32_Drivers.dir/__/__/Drivers/STM32F7xx_HAL_Driver/Src/stm32f7xx_hal_tim.c.obj
 .debug_aranges
                0x00000a78      0x180 cmake/stm32cubemx/CMakeFiles/STM32_Drivers.dir/__/__/Drivers/STM32F7xx_HAL_Driver/Src/stm32f7xx_hal_tim_ex.c.obj
 .debug_aranges
                0x00000bf8      0x230 cmake/stm32cubemx/CMakeFiles/STM32_Drivers.dir/__/__/Drivers/STM32F7xx_HAL_Driver/Src/stm32f7xx_hal_uart.c.obj
 .debug_aranges
                0x00000e28      0x148 cmake/stm32cubemx/CMakeFiles/STM32_Drivers.dir/__/__/Drivers/STM32F7xx_HAL_Driver/Src/stm32f7xx_hal_pcd.c.obj
 .debug_aranges
                0x00000f70       0x48 cmake/stm32cubemx/CMakeFiles/STM32_Drivers.dir/__/__/Drivers/STM32F7xx_HAL_Driver/Src/stm32f7xx_hal_pcd_ex.c.obj
 .debug_aranges
                0x00000fb8      0x1a0 cmake/stm32cubemx/CMakeFiles/STM32_Drivers.dir/__/__/Drivers/STM32F7xx_HAL_Driver/Src/stm32f7xx_ll_usb.c.obj
 .debug_aranges
                0x00001158       0x38 CMakeFiles/EMS_vsdebug_cmake.dir/Core/Src/main.c.obj
 .debug_aranges
                0x00001190       0x20 CMakeFiles/EMS_vsdebug_cmake.dir/Core/Src/gpio.c.obj
 .debug_aranges
                0x000011b0       0x30 CMakeFiles/EMS_vsdebug_cmake.dir/Core/Src/eth.c.obj
 .debug_aranges
                0x000011e0       0x30 CMakeFiles/EMS_vsdebug_cmake.dir/Core/Src/tim.c.obj
 .debug_aranges
                0x00001210       0x30 CMakeFiles/EMS_vsdebug_cmake.dir/Core/Src/usart.c.obj
 .debug_aranges
                0x00001240       0x30 CMakeFiles/EMS_vsdebug_cmake.dir/Core/Src/usb_otg.c.obj
 .debug_aranges
                0x00001270       0x68 CMakeFiles/EMS_vsdebug_cmake.dir/Core/Src/stm32f7xx_it.c.obj
 .debug_aranges
                0x000012d8       0x20 CMakeFiles/EMS_vsdebug_cmake.dir/Core/Src/stm32f7xx_hal_msp.c.obj
 .debug_aranges
                0x000012f8       0x28 CMakeFiles/EMS_vsdebug_cmake.dir/startup_stm32f767xx.s.obj
 .debug_aranges
                0x00001320       0x20 C:/ST/STM32CubeCLT_1.21.0/GNU-tools-for-STM32/bin/../lib/gcc/arm-none-eabi/14.3.1/../../../../arm-none-eabi/lib/thumb/v7e-m+dp/hard\libg_nano.a(libc_a-memset.o)
 .debug_aranges
                0x00001340       0x20 C:/ST/STM32CubeCLT_1.21.0/GNU-tools-for-STM32/bin/../lib/gcc/arm-none-eabi/14.3.1/../../../../arm-none-eabi/lib/thumb/v7e-m+dp/hard\libg_nano.a(libc_a-init.o)

.debug_rnglists
                0x00000000      0xefb
 .debug_rnglists
                0x00000000       0x1a cmake/stm32cubemx/CMakeFiles/STM32_Drivers.dir/__/__/Core/Src/system_stm32f7xx.c.obj
 .debug_rnglists
                0x0000001a       0xda cmake/stm32cubemx/CMakeFiles/STM32_Drivers.dir/__/__/Drivers/STM32F7xx_HAL_Driver/Src/stm32f7xx_hal_cortex.c.obj
 .debug_rnglists
                0x000000f4       0x67 cmake/stm32cubemx/CMakeFiles/STM32_Drivers.dir/__/__/Drivers/STM32F7xx_HAL_Driver/Src/stm32f7xx_hal_rcc.c.obj
 .debug_rnglists
                0x0000015b       0x3c cmake/stm32cubemx/CMakeFiles/STM32_Drivers.dir/__/__/Drivers/STM32F7xx_HAL_Driver/Src/stm32f7xx_hal_rcc_ex.c.obj
 .debug_rnglists
                0x00000197       0x3f cmake/stm32cubemx/CMakeFiles/STM32_Drivers.dir/__/__/Drivers/STM32F7xx_HAL_Driver/Src/stm32f7xx_hal_gpio.c.obj
 .debug_rnglists
                0x000001d6       0x74 cmake/stm32cubemx/CMakeFiles/STM32_Drivers.dir/__/__/Drivers/STM32F7xx_HAL_Driver/Src/stm32f7xx_hal_pwr.c.obj
 .debug_rnglists
                0x0000024a       0x5f cmake/stm32cubemx/CMakeFiles/STM32_Drivers.dir/__/__/Drivers/STM32F7xx_HAL_Driver/Src/stm32f7xx_hal_pwr_ex.c.obj
 .debug_rnglists
                0x000002a9       0xc7 cmake/stm32cubemx/CMakeFiles/STM32_Drivers.dir/__/__/Drivers/STM32F7xx_HAL_Driver/Src/stm32f7xx_hal.c.obj
 .debug_rnglists
                0x00000370      0x183 cmake/stm32cubemx/CMakeFiles/STM32_Drivers.dir/__/__/Drivers/STM32F7xx_HAL_Driver/Src/stm32f7xx_hal_eth.c.obj
 .debug_rnglists
                0x000004f3      0x328 cmake/stm32cubemx/CMakeFiles/STM32_Drivers.dir/__/__/Drivers/STM32F7xx_HAL_Driver/Src/stm32f7xx_hal_tim.c.obj
 .debug_rnglists
                0x0000081b      0x138 cmake/stm32cubemx/CMakeFiles/STM32_Drivers.dir/__/__/Drivers/STM32F7xx_HAL_Driver/Src/stm32f7xx_hal_tim_ex.c.obj
 .debug_rnglists
                0x00000953      0x1e0 cmake/stm32cubemx/CMakeFiles/STM32_Drivers.dir/__/__/Drivers/STM32F7xx_HAL_Driver/Src/stm32f7xx_hal_uart.c.obj
 .debug_rnglists
                0x00000b33       0xfa cmake/stm32cubemx/CMakeFiles/STM32_Drivers.dir/__/__/Drivers/STM32F7xx_HAL_Driver/Src/stm32f7xx_hal_pcd.c.obj
 .debug_rnglists
                0x00000c2d       0x32 cmake/stm32cubemx/CMakeFiles/STM32_Drivers.dir/__/__/Drivers/STM32F7xx_HAL_Driver/Src/stm32f7xx_hal_pcd_ex.c.obj
 .debug_rnglists
                0x00000c5f      0x147 cmake/stm32cubemx/CMakeFiles/STM32_Drivers.dir/__/__/Drivers/STM32F7xx_HAL_Driver/Src/stm32f7xx_ll_usb.c.obj
 .debug_rnglists
                0x00000da6       0x26 CMakeFiles/EMS_vsdebug_cmake.dir/Core/Src/main.c.obj
 .debug_rnglists
                0x00000dcc       0x14 CMakeFiles/EMS_vsdebug_cmake.dir/Core/Src/gpio.c.obj
 .debug_rnglists
                0x00000de0       0x21 CMakeFiles/EMS_vsdebug_cmake.dir/Core/Src/eth.c.obj
 .debug_rnglists
                0x00000e01       0x1f CMakeFiles/EMS_vsdebug_cmake.dir/Core/Src/tim.c.obj
 .debug_rnglists
                0x00000e20       0x20 CMakeFiles/EMS_vsdebug_cmake.dir/Core/Src/usart.c.obj
 .debug_rnglists
                0x00000e40       0x20 CMakeFiles/EMS_vsdebug_cmake.dir/Core/Src/usb_otg.c.obj
 .debug_rnglists
                0x00000e60       0x49 CMakeFiles/EMS_vsdebug_cmake.dir/Core/Src/stm32f7xx_it.c.obj
 .debug_rnglists
                0x00000ea9       0x13 CMakeFiles/EMS_vsdebug_cmake.dir/Core/Src/stm32f7xx_hal_msp.c.obj
 .debug_rnglists
                0x00000ebc       0x19 CMakeFiles/EMS_vsdebug_cmake.dir/startup_stm32f767xx.s.obj
 .debug_rnglists
                0x00000ed5       0x13 C:/ST/STM32CubeCLT_1.21.0/GNU-tools-for-STM32/bin/../lib/gcc/arm-none-eabi/14.3.1/../../../../arm-none-eabi/lib/thumb/v7e-m+dp/hard\libg_nano.a(libc_a-memset.o)
 .debug_rnglists
                0x00000ee8       0x13 C:/ST/STM32CubeCLT_1.21.0/GNU-tools-for-STM32/bin/../lib/gcc/arm-none-eabi/14.3.1/../../../../arm-none-eabi/lib/thumb/v7e-m+dp/hard\libg_nano.a(libc_a-init.o)

.debug_macro    0x00000000    0x29aa1
 .debug_macro   0x00000000      0x1f8 cmake/stm32cubemx/CMakeFiles/STM32_Drivers.dir/__/__/Core/Src/system_stm32f7xx.c.obj
 .debug_macro   0x000001f8      0xaf0 cmake/stm32cubemx/CMakeFiles/STM32_Drivers.dir/__/__/Core/Src/system_stm32f7xx.c.obj
 .debug_macro   0x00000ce8       0x2e cmake/stm32cubemx/CMakeFiles/STM32_Drivers.dir/__/__/Core/Src/system_stm32f7xx.c.obj
 .debug_macro   0x00000d16       0x3b cmake/stm32cubemx/CMakeFiles/STM32_Drivers.dir/__/__/Core/Src/system_stm32f7xx.c.obj
 .debug_macro   0x00000d51       0x22 cmake/stm32cubemx/CMakeFiles/STM32_Drivers.dir/__/__/Core/Src/system_stm32f7xx.c.obj
 .debug_macro   0x00000d73       0x8e cmake/stm32cubemx/CMakeFiles/STM32_Drivers.dir/__/__/Core/Src/system_stm32f7xx.c.obj
 .debug_macro   0x00000e01       0x51 cmake/stm32cubemx/CMakeFiles/STM32_Drivers.dir/__/__/Core/Src/system_stm32f7xx.c.obj
 .debug_macro   0x00000e52      0x103 cmake/stm32cubemx/CMakeFiles/STM32_Drivers.dir/__/__/Core/Src/system_stm32f7xx.c.obj
 .debug_macro   0x00000f55       0x6a cmake/stm32cubemx/CMakeFiles/STM32_Drivers.dir/__/__/Core/Src/system_stm32f7xx.c.obj
 .debug_macro   0x00000fbf      0x1df cmake/stm32cubemx/CMakeFiles/STM32_Drivers.dir/__/__/Core/Src/system_stm32f7xx.c.obj
 .debug_macro   0x0000119e       0x1c cmake/stm32cubemx/CMakeFiles/STM32_Drivers.dir/__/__/Core/Src/system_stm32f7xx.c.obj
 .debug_macro   0x000011ba       0x22 cmake/stm32cubemx/CMakeFiles/STM32_Drivers.dir/__/__/Core/Src/system_stm32f7xx.c.obj
 .debug_macro   0x000011dc       0xd9 cmake/stm32cubemx/CMakeFiles/STM32_Drivers.dir/__/__/Core/Src/system_stm32f7xx.c.obj
 .debug_macro   0x000012b5     0x12cd cmake/stm32cubemx/CMakeFiles/STM32_Drivers.dir/__/__/Core/Src/system_stm32f7xx.c.obj
 .debug_macro   0x00002582      0x11f cmake/stm32cubemx/CMakeFiles/STM32_Drivers.dir/__/__/Core/Src/system_stm32f7xx.c.obj
 .debug_macro   0x000026a1       0x19 cmake/stm32cubemx/CMakeFiles/STM32_Drivers.dir/__/__/Core/Src/system_stm32f7xx.c.obj
 .debug_macro   0x000026ba    0x1aa23 cmake/stm32cubemx/CMakeFiles/STM32_Drivers.dir/__/__/Core/Src/system_stm32f7xx.c.obj
 .debug_macro   0x0001d0dd       0x6d cmake/stm32cubemx/CMakeFiles/STM32_Drivers.dir/__/__/Core/Src/system_stm32f7xx.c.obj
 .debug_macro   0x0001d14a      0x299 cmake/stm32cubemx/CMakeFiles/STM32_Drivers.dir/__/__/Core/Src/system_stm32f7xx.c.obj
 .debug_macro   0x0001d3e3     0x375e cmake/stm32cubemx/CMakeFiles/STM32_Drivers.dir/__/__/Core/Src/system_stm32f7xx.c.obj
 .debug_macro   0x00020b41      0x190 cmake/stm32cubemx/CMakeFiles/STM32_Drivers.dir/__/__/Core/Src/system_stm32f7xx.c.obj
 .debug_macro   0x00020cd1       0x63 cmake/stm32cubemx/CMakeFiles/STM32_Drivers.dir/__/__/Core/Src/system_stm32f7xx.c.obj
 .debug_macro   0x00020d34     0x1add cmake/stm32cubemx/CMakeFiles/STM32_Drivers.dir/__/__/Core/Src/system_stm32f7xx.c.obj
 .debug_macro   0x00022811      0x6c4 cmake/stm32cubemx/CMakeFiles/STM32_Drivers.dir/__/__/Core/Src/system_stm32f7xx.c.obj
 .debug_macro   0x00022ed5      0x18b cmake/stm32cubemx/CMakeFiles/STM32_Drivers.dir/__/__/Core/Src/system_stm32f7xx.c.obj
 .debug_macro   0x00023060      0x115 cmake/stm32cubemx/CMakeFiles/STM32_Drivers.dir/__/__/Core/Src/system_stm32f7xx.c.obj
 .debug_macro   0x00023175      0x26e cmake/stm32cubemx/CMakeFiles/STM32_Drivers.dir/__/__/Core/Src/system_stm32f7xx.c.obj
 .debug_macro   0x000233e3       0xa5 cmake/stm32cubemx/CMakeFiles/STM32_Drivers.dir/__/__/Core/Src/system_stm32f7xx.c.obj
 .debug_macro   0x00023488      0x24f cmake/stm32cubemx/CMakeFiles/STM32_Drivers.dir/__/__/Core/Src/system_stm32f7xx.c.obj
 .debug_macro   0x000236d7       0x71 cmake/stm32cubemx/CMakeFiles/STM32_Drivers.dir/__/__/Core/Src/system_stm32f7xx.c.obj
 .debug_macro   0x00023748       0x58 cmake/stm32cubemx/CMakeFiles/STM32_Drivers.dir/__/__/Core/Src/system_stm32f7xx.c.obj
 .debug_macro   0x000237a0      0x236 cmake/stm32cubemx/CMakeFiles/STM32_Drivers.dir/__/__/Core/Src/system_stm32f7xx.c.obj
 .debug_macro   0x000239d6      0xb99 cmake/stm32cubemx/CMakeFiles/STM32_Drivers.dir/__/__/Core/Src/system_stm32f7xx.c.obj
 .debug_macro   0x0002456f      0x14e cmake/stm32cubemx/CMakeFiles/STM32_Drivers.dir/__/__/Core/Src/system_stm32f7xx.c.obj
 .debug_macro   0x000246bd      0x3db cmake/stm32cubemx/CMakeFiles/STM32_Drivers.dir/__/__/Core/Src/system_stm32f7xx.c.obj
 .debug_macro   0x00024a98       0x12 cmake/stm32cubemx/CMakeFiles/STM32_Drivers.dir/__/__/Core/Src/system_stm32f7xx.c.obj
 .debug_macro   0x00024aaa      0x12e cmake/stm32cubemx/CMakeFiles/STM32_Drivers.dir/__/__/Core/Src/system_stm32f7xx.c.obj
 .debug_macro   0x00024bd8      0x108 cmake/stm32cubemx/CMakeFiles/STM32_Drivers.dir/__/__/Core/Src/system_stm32f7xx.c.obj
 .debug_macro   0x00024ce0       0x35 cmake/stm32cubemx/CMakeFiles/STM32_Drivers.dir/__/__/Core/Src/system_stm32f7xx.c.obj
 .debug_macro   0x00024d15      0xa91 cmake/stm32cubemx/CMakeFiles/STM32_Drivers.dir/__/__/Core/Src/system_stm32f7xx.c.obj
 .debug_macro   0x000257a6       0xa9 cmake/stm32cubemx/CMakeFiles/STM32_Drivers.dir/__/__/Core/Src/system_stm32f7xx.c.obj
 .debug_macro   0x0002584f      0x5ba cmake/stm32cubemx/CMakeFiles/STM32_Drivers.dir/__/__/Core/Src/system_stm32f7xx.c.obj
 .debug_macro   0x00025e09       0x44 cmake/stm32cubemx/CMakeFiles/STM32_Drivers.dir/__/__/Core/Src/system_stm32f7xx.c.obj
 .debug_macro   0x00025e4d      0x2cb cmake/stm32cubemx/CMakeFiles/STM32_Drivers.dir/__/__/Core/Src/system_stm32f7xx.c.obj
 .debug_macro   0x00026118       0xba cmake/stm32cubemx/CMakeFiles/STM32_Drivers.dir/__/__/Core/Src/system_stm32f7xx.c.obj
 .debug_macro   0x000261d2      0x15b cmake/stm32cubemx/CMakeFiles/STM32_Drivers.dir/__/__/Core/Src/system_stm32f7xx.c.obj
 .debug_macro   0x0002632d      0x1f8 cmake/stm32cubemx/CMakeFiles/STM32_Drivers.dir/__/__/Drivers/STM32F7xx_HAL_Driver/Src/stm32f7xx_hal_cortex.c.obj
 .debug_macro   0x00026525      0x21c cmake/stm32cubemx/CMakeFiles/STM32_Drivers.dir/__/__/Drivers/STM32F7xx_HAL_Driver/Src/stm32f7xx_hal_rcc.c.obj
 .debug_macro   0x00026741      0x1f8 cmake/stm32cubemx/CMakeFiles/STM32_Drivers.dir/__/__/Drivers/STM32F7xx_HAL_Driver/Src/stm32f7xx_hal_rcc_ex.c.obj
 .debug_macro   0x00026939      0x1fe cmake/stm32cubemx/CMakeFiles/STM32_Drivers.dir/__/__/Drivers/STM32F7xx_HAL_Driver/Src/stm32f7xx_hal_gpio.c.obj
 .debug_macro   0x00026b37      0x216 cmake/stm32cubemx/CMakeFiles/STM32_Drivers.dir/__/__/Drivers/STM32F7xx_HAL_Driver/Src/stm32f7xx_hal_pwr.c.obj
 .debug_macro   0x00026d4d      0x210 cmake/stm32cubemx/CMakeFiles/STM32_Drivers.dir/__/__/Drivers/STM32F7xx_HAL_Driver/Src/stm32f7xx_hal_pwr_ex.c.obj
 .debug_macro   0x00026f5d      0x21c cmake/stm32cubemx/CMakeFiles/STM32_Drivers.dir/__/__/Drivers/STM32F7xx_HAL_Driver/Src/stm32f7xx_hal.c.obj
 .debug_macro   0x00027179      0x2d2 cmake/stm32cubemx/CMakeFiles/STM32_Drivers.dir/__/__/Drivers/STM32F7xx_HAL_Driver/Src/stm32f7xx_hal_eth.c.obj
 .debug_macro   0x0002744b      0x1f9 cmake/stm32cubemx/CMakeFiles/STM32_Drivers.dir/__/__/Drivers/STM32F7xx_HAL_Driver/Src/stm32f7xx_hal_tim.c.obj
 .debug_macro   0x00027644      0x1f8 cmake/stm32cubemx/CMakeFiles/STM32_Drivers.dir/__/__/Drivers/STM32F7xx_HAL_Driver/Src/stm32f7xx_hal_tim_ex.c.obj
 .debug_macro   0x0002783c      0x215 cmake/stm32cubemx/CMakeFiles/STM32_Drivers.dir/__/__/Drivers/STM32F7xx_HAL_Driver/Src/stm32f7xx_hal_uart.c.obj
 .debug_macro   0x00027a51      0x204 cmake/stm32cubemx/CMakeFiles/STM32_Drivers.dir/__/__/Drivers/STM32F7xx_HAL_Driver/Src/stm32f7xx_hal_pcd.c.obj
 .debug_macro   0x00027c55      0x1f8 cmake/stm32cubemx/CMakeFiles/STM32_Drivers.dir/__/__/Drivers/STM32F7xx_HAL_Driver/Src/stm32f7xx_hal_pcd_ex.c.obj
 .debug_macro   0x00027e4d      0x1f8 cmake/stm32cubemx/CMakeFiles/STM32_Drivers.dir/__/__/Drivers/STM32F7xx_HAL_Driver/Src/stm32f7xx_ll_usb.c.obj
 .debug_macro   0x00028045      0x23d CMakeFiles/EMS_vsdebug_cmake.dir/Core/Src/main.c.obj
 .debug_macro   0x00028282      0x13c CMakeFiles/EMS_vsdebug_cmake.dir/Core/Src/main.c.obj
 .debug_macro   0x000283be      0x211 CMakeFiles/EMS_vsdebug_cmake.dir/Core/Src/gpio.c.obj
 .debug_macro   0x000285cf      0x2d0 CMakeFiles/EMS_vsdebug_cmake.dir/Core/Src/eth.c.obj
 .debug_macro   0x0002889f       0x74 CMakeFiles/EMS_vsdebug_cmake.dir/Core/Src/eth.c.obj
 .debug_macro   0x00028913       0x29 CMakeFiles/EMS_vsdebug_cmake.dir/Core/Src/eth.c.obj
 .debug_macro   0x0002893c       0x3c CMakeFiles/EMS_vsdebug_cmake.dir/Core/Src/eth.c.obj
 .debug_macro   0x00028978       0x34 CMakeFiles/EMS_vsdebug_cmake.dir/Core/Src/eth.c.obj
 .debug_macro   0x000289ac      0x364 CMakeFiles/EMS_vsdebug_cmake.dir/Core/Src/eth.c.obj
 .debug_macro   0x00028d10       0x16 CMakeFiles/EMS_vsdebug_cmake.dir/Core/Src/eth.c.obj
 .debug_macro   0x00028d26       0x4a CMakeFiles/EMS_vsdebug_cmake.dir/Core/Src/eth.c.obj
 .debug_macro   0x00028d70       0x34 CMakeFiles/EMS_vsdebug_cmake.dir/Core/Src/eth.c.obj
 .debug_macro   0x00028da4       0x10 CMakeFiles/EMS_vsdebug_cmake.dir/Core/Src/eth.c.obj
 .debug_macro   0x00028db4       0x58 CMakeFiles/EMS_vsdebug_cmake.dir/Core/Src/eth.c.obj
 .debug_macro   0x00028e0c      0x1de CMakeFiles/EMS_vsdebug_cmake.dir/Core/Src/eth.c.obj
 .debug_macro   0x00028fea       0x10 CMakeFiles/EMS_vsdebug_cmake.dir/Core/Src/eth.c.obj
 .debug_macro   0x00028ffa       0x3c CMakeFiles/EMS_vsdebug_cmake.dir/Core/Src/eth.c.obj
 .debug_macro   0x00029036       0x20 CMakeFiles/EMS_vsdebug_cmake.dir/Core/Src/eth.c.obj
 .debug_macro   0x00029056      0x211 CMakeFiles/EMS_vsdebug_cmake.dir/Core/Src/tim.c.obj
 .debug_macro   0x00029267      0x211 CMakeFiles/EMS_vsdebug_cmake.dir/Core/Src/usart.c.obj
 .debug_macro   0x00029478      0x211 CMakeFiles/EMS_vsdebug_cmake.dir/Core/Src/usb_otg.c.obj
 .debug_macro   0x00029689      0x211 CMakeFiles/EMS_vsdebug_cmake.dir/Core/Src/stm32f7xx_it.c.obj
 .debug_macro   0x0002989a      0x207 CMakeFiles/EMS_vsdebug_cmake.dir/Core/Src/stm32f7xx_hal_msp.c.obj

.debug_line     0x00000000    0x187dc
 .debug_line    0x00000000      0x858 cmake/stm32cubemx/CMakeFiles/STM32_Drivers.dir/__/__/Core/Src/system_stm32f7xx.c.obj
 .debug_line    0x00000858      0xd8b cmake/stm32cubemx/CMakeFiles/STM32_Drivers.dir/__/__/Drivers/STM32F7xx_HAL_Driver/Src/stm32f7xx_hal_cortex.c.obj
 .debug_line    0x000015e3     0x1042 cmake/stm32cubemx/CMakeFiles/STM32_Drivers.dir/__/__/Drivers/STM32F7xx_HAL_Driver/Src/stm32f7xx_hal_rcc.c.obj
 .debug_line    0x00002625      0xf8e cmake/stm32cubemx/CMakeFiles/STM32_Drivers.dir/__/__/Drivers/STM32F7xx_HAL_Driver/Src/stm32f7xx_hal_rcc_ex.c.obj
 .debug_line    0x000035b3      0xc62 cmake/stm32cubemx/CMakeFiles/STM32_Drivers.dir/__/__/Drivers/STM32F7xx_HAL_Driver/Src/stm32f7xx_hal_gpio.c.obj
 .debug_line    0x00004215      0xa0b cmake/stm32cubemx/CMakeFiles/STM32_Drivers.dir/__/__/Drivers/STM32F7xx_HAL_Driver/Src/stm32f7xx_hal_pwr.c.obj
 .debug_line    0x00004c20      0xadb cmake/stm32cubemx/CMakeFiles/STM32_Drivers.dir/__/__/Drivers/STM32F7xx_HAL_Driver/Src/stm32f7xx_hal_pwr_ex.c.obj
 .debug_line    0x000056fb      0xb3e cmake/stm32cubemx/CMakeFiles/STM32_Drivers.dir/__/__/Drivers/STM32F7xx_HAL_Driver/Src/stm32f7xx_hal.c.obj
 .debug_line    0x00006239     0x1aeb cmake/stm32cubemx/CMakeFiles/STM32_Drivers.dir/__/__/Drivers/STM32F7xx_HAL_Driver/Src/stm32f7xx_hal_eth.c.obj
 .debug_line    0x00007d24     0x3dac cmake/stm32cubemx/CMakeFiles/STM32_Drivers.dir/__/__/Drivers/STM32F7xx_HAL_Driver/Src/stm32f7xx_hal_tim.c.obj
 .debug_line    0x0000bad0     0x1c11 cmake/stm32cubemx/CMakeFiles/STM32_Drivers.dir/__/__/Drivers/STM32F7xx_HAL_Driver/Src/stm32f7xx_hal_tim_ex.c.obj
 .debug_line    0x0000d6e1     0x2df7 cmake/stm32cubemx/CMakeFiles/STM32_Drivers.dir/__/__/Drivers/STM32F7xx_HAL_Driver/Src/stm32f7xx_hal_uart.c.obj
 .debug_line    0x000104d8     0x14dd cmake/stm32cubemx/CMakeFiles/STM32_Drivers.dir/__/__/Drivers/STM32F7xx_HAL_Driver/Src/stm32f7xx_hal_pcd.c.obj
 .debug_line    0x000119b5      0x8f6 cmake/stm32cubemx/CMakeFiles/STM32_Drivers.dir/__/__/Drivers/STM32F7xx_HAL_Driver/Src/stm32f7xx_hal_pcd_ex.c.obj
 .debug_line    0x000122ab     0x1df2 cmake/stm32cubemx/CMakeFiles/STM32_Drivers.dir/__/__/Drivers/STM32F7xx_HAL_Driver/Src/stm32f7xx_ll_usb.c.obj
 .debug_line    0x0001409d      0x8d6 CMakeFiles/EMS_vsdebug_cmake.dir/Core/Src/main.c.obj
 .debug_line    0x00014973      0x818 CMakeFiles/EMS_vsdebug_cmake.dir/Core/Src/gpio.c.obj
 .debug_line    0x0001518b      0x930 CMakeFiles/EMS_vsdebug_cmake.dir/Core/Src/eth.c.obj
 .debug_line    0x00015abb      0x847 CMakeFiles/EMS_vsdebug_cmake.dir/Core/Src/tim.c.obj
 .debug_line    0x00016302      0x86e CMakeFiles/EMS_vsdebug_cmake.dir/Core/Src/usart.c.obj
 .debug_line    0x00016b70      0x87d CMakeFiles/EMS_vsdebug_cmake.dir/Core/Src/usb_otg.c.obj
 .debug_line    0x000173ed      0x8ab CMakeFiles/EMS_vsdebug_cmake.dir/Core/Src/stm32f7xx_it.c.obj
 .debug_line    0x00017c98      0x7e4 CMakeFiles/EMS_vsdebug_cmake.dir/Core/Src/stm32f7xx_hal_msp.c.obj
 .debug_line    0x0001847c       0x7a CMakeFiles/EMS_vsdebug_cmake.dir/startup_stm32f767xx.s.obj
 .debug_line    0x000184f6      0x17e C:/ST/STM32CubeCLT_1.21.0/GNU-tools-for-STM32/bin/../lib/gcc/arm-none-eabi/14.3.1/../../../../arm-none-eabi/lib/thumb/v7e-m+dp/hard\libg_nano.a(libc_a-memset.o)
 .debug_line    0x00018674      0x168 C:/ST/STM32CubeCLT_1.21.0/GNU-tools-for-STM32/bin/../lib/gcc/arm-none-eabi/14.3.1/../../../../arm-none-eabi/lib/thumb/v7e-m+dp/hard\libg_nano.a(libc_a-init.o)

.debug_str      0x00000000   0x101826
 .debug_str     0x00000000   0x101826 cmake/stm32cubemx/CMakeFiles/STM32_Drivers.dir/__/__/Core/Src/system_stm32f7xx.c.obj
                              0xf7a59 (size before relaxing)
 .debug_str     0x00101826    0xf847b cmake/stm32cubemx/CMakeFiles/STM32_Drivers.dir/__/__/Drivers/STM32F7xx_HAL_Driver/Src/stm32f7xx_hal_cortex.c.obj
 .debug_str     0x00101826    0xf7dd4 cmake/stm32cubemx/CMakeFiles/STM32_Drivers.dir/__/__/Drivers/STM32F7xx_HAL_Driver/Src/stm32f7xx_hal_rcc.c.obj
 .debug_str     0x00101826    0xf7d37 cmake/stm32cubemx/CMakeFiles/STM32_Drivers.dir/__/__/Drivers/STM32F7xx_HAL_Driver/Src/stm32f7xx_hal_rcc_ex.c.obj
 .debug_str     0x00101826    0xf7b17 cmake/stm32cubemx/CMakeFiles/STM32_Drivers.dir/__/__/Drivers/STM32F7xx_HAL_Driver/Src/stm32f7xx_hal_gpio.c.obj
 .debug_str     0x00101826    0xf7cfa cmake/stm32cubemx/CMakeFiles/STM32_Drivers.dir/__/__/Drivers/STM32F7xx_HAL_Driver/Src/stm32f7xx_hal_pwr.c.obj
 .debug_str     0x00101826    0xf7cc8 cmake/stm32cubemx/CMakeFiles/STM32_Drivers.dir/__/__/Drivers/STM32F7xx_HAL_Driver/Src/stm32f7xx_hal_pwr_ex.c.obj
 .debug_str     0x00101826    0xf8499 cmake/stm32cubemx/CMakeFiles/STM32_Drivers.dir/__/__/Drivers/STM32F7xx_HAL_Driver/Src/stm32f7xx_hal.c.obj
 .debug_str     0x00101826    0xf9295 cmake/stm32cubemx/CMakeFiles/STM32_Drivers.dir/__/__/Drivers/STM32F7xx_HAL_Driver/Src/stm32f7xx_hal_eth.c.obj
 .debug_str     0x00101826    0xf8d7c cmake/stm32cubemx/CMakeFiles/STM32_Drivers.dir/__/__/Drivers/STM32F7xx_HAL_Driver/Src/stm32f7xx_hal_tim.c.obj
 .debug_str     0x00101826    0xf8682 cmake/stm32cubemx/CMakeFiles/STM32_Drivers.dir/__/__/Drivers/STM32F7xx_HAL_Driver/Src/stm32f7xx_hal_tim_ex.c.obj
 .debug_str     0x00101826    0xf8722 cmake/stm32cubemx/CMakeFiles/STM32_Drivers.dir/__/__/Drivers/STM32F7xx_HAL_Driver/Src/stm32f7xx_hal_uart.c.obj
 .debug_str     0x00101826    0xf8492 cmake/stm32cubemx/CMakeFiles/STM32_Drivers.dir/__/__/Drivers/STM32F7xx_HAL_Driver/Src/stm32f7xx_hal_pcd.c.obj
 .debug_str     0x00101826    0xf7d94 cmake/stm32cubemx/CMakeFiles/STM32_Drivers.dir/__/__/Drivers/STM32F7xx_HAL_Driver/Src/stm32f7xx_hal_pcd_ex.c.obj
 .debug_str     0x00101826    0xf836f cmake/stm32cubemx/CMakeFiles/STM32_Drivers.dir/__/__/Drivers/STM32F7xx_HAL_Driver/Src/stm32f7xx_ll_usb.c.obj
 .debug_str     0x00101826    0xf812b CMakeFiles/EMS_vsdebug_cmake.dir/Core/Src/main.c.obj
 .debug_str     0x00101826    0xf7e93 CMakeFiles/EMS_vsdebug_cmake.dir/Core/Src/gpio.c.obj
 .debug_str     0x00101826    0xfb0a4 CMakeFiles/EMS_vsdebug_cmake.dir/Core/Src/eth.c.obj
 .debug_str     0x00101826    0xf8acc CMakeFiles/EMS_vsdebug_cmake.dir/Core/Src/tim.c.obj
 .debug_str     0x00101826    0xf8652 CMakeFiles/EMS_vsdebug_cmake.dir/Core/Src/usart.c.obj
 .debug_str     0x00101826    0xf85e1 CMakeFiles/EMS_vsdebug_cmake.dir/Core/Src/usb_otg.c.obj
 .debug_str     0x00101826    0xf82d5 CMakeFiles/EMS_vsdebug_cmake.dir/Core/Src/stm32f7xx_it.c.obj
 .debug_str     0x00101826    0xf7dc8 CMakeFiles/EMS_vsdebug_cmake.dir/Core/Src/stm32f7xx_hal_msp.c.obj
 .debug_str     0x00101826       0xba CMakeFiles/EMS_vsdebug_cmake.dir/startup_stm32f767xx.s.obj
 .debug_str     0x00101826      0x214 C:/ST/STM32CubeCLT_1.21.0/GNU-tools-for-STM32/bin/../lib/gcc/arm-none-eabi/14.3.1/../../../../arm-none-eabi/lib/thumb/v7e-m+dp/hard\libg_nano.a(libc_a-memset.o)
 .debug_str     0x00101826      0x275 C:/ST/STM32CubeCLT_1.21.0/GNU-tools-for-STM32/bin/../lib/gcc/arm-none-eabi/14.3.1/../../../../arm-none-eabi/lib/thumb/v7e-m+dp/hard\libg_nano.a(libc_a-init.o)

.debug_frame    0x00000000     0x4bf0
 .debug_frame   0x00000000       0x50 cmake/stm32cubemx/CMakeFiles/STM32_Drivers.dir/__/__/Core/Src/system_stm32f7xx.c.obj
 .debug_frame   0x00000050      0x49c cmake/stm32cubemx/CMakeFiles/STM32_Drivers.dir/__/__/Drivers/STM32F7xx_HAL_Driver/Src/stm32f7xx_hal_cortex.c.obj
 .debug_frame   0x000004ec      0x1e0 cmake/stm32cubemx/CMakeFiles/STM32_Drivers.dir/__/__/Drivers/STM32F7xx_HAL_Driver/Src/stm32f7xx_hal_rcc.c.obj
 .debug_frame   0x000006cc      0x110 cmake/stm32cubemx/CMakeFiles/STM32_Drivers.dir/__/__/Drivers/STM32F7xx_HAL_Driver/Src/stm32f7xx_hal_rcc_ex.c.obj
 .debug_frame   0x000007dc      0x130 cmake/stm32cubemx/CMakeFiles/STM32_Drivers.dir/__/__/Drivers/STM32F7xx_HAL_Driver/Src/stm32f7xx_hal_gpio.c.obj
 .debug_frame   0x0000090c      0x214 cmake/stm32cubemx/CMakeFiles/STM32_Drivers.dir/__/__/Drivers/STM32F7xx_HAL_Driver/Src/stm32f7xx_hal_pwr.c.obj
 .debug_frame   0x00000b20      0x1ac cmake/stm32cubemx/CMakeFiles/STM32_Drivers.dir/__/__/Drivers/STM32F7xx_HAL_Driver/Src/stm32f7xx_hal_pwr_ex.c.obj
 .debug_frame   0x00000ccc      0x38c cmake/stm32cubemx/CMakeFiles/STM32_Drivers.dir/__/__/Drivers/STM32F7xx_HAL_Driver/Src/stm32f7xx_hal.c.obj
 .debug_frame   0x00001058      0x83c cmake/stm32cubemx/CMakeFiles/STM32_Drivers.dir/__/__/Drivers/STM32F7xx_HAL_Driver/Src/stm32f7xx_hal_eth.c.obj
 .debug_frame   0x00001894     0x1144 cmake/stm32cubemx/CMakeFiles/STM32_Drivers.dir/__/__/Drivers/STM32F7xx_HAL_Driver/Src/stm32f7xx_hal_tim.c.obj
 .debug_frame   0x000029d8      0x66c cmake/stm32cubemx/CMakeFiles/STM32_Drivers.dir/__/__/Drivers/STM32F7xx_HAL_Driver/Src/stm32f7xx_hal_tim_ex.c.obj
 .debug_frame   0x00003044      0x998 cmake/stm32cubemx/CMakeFiles/STM32_Drivers.dir/__/__/Drivers/STM32F7xx_HAL_Driver/Src/stm32f7xx_hal_uart.c.obj
 .debug_frame   0x000039dc      0x574 cmake/stm32cubemx/CMakeFiles/STM32_Drivers.dir/__/__/Drivers/STM32F7xx_HAL_Driver/Src/stm32f7xx_hal_pcd.c.obj
 .debug_frame   0x00003f50       0xe8 cmake/stm32cubemx/CMakeFiles/STM32_Drivers.dir/__/__/Drivers/STM32F7xx_HAL_Driver/Src/stm32f7xx_hal_pcd_ex.c.obj
 .debug_frame   0x00004038      0x724 cmake/stm32cubemx/CMakeFiles/STM32_Drivers.dir/__/__/Drivers/STM32F7xx_HAL_Driver/Src/stm32f7xx_ll_usb.c.obj
 .debug_frame   0x0000475c       0x8c CMakeFiles/EMS_vsdebug_cmake.dir/Core/Src/main.c.obj
 .debug_frame   0x000047e8       0x34 CMakeFiles/EMS_vsdebug_cmake.dir/Core/Src/gpio.c.obj
 .debug_frame   0x0000481c       0x74 CMakeFiles/EMS_vsdebug_cmake.dir/Core/Src/eth.c.obj
 .debug_frame   0x00004890       0x7c CMakeFiles/EMS_vsdebug_cmake.dir/Core/Src/tim.c.obj
 .debug_frame   0x0000490c       0x78 CMakeFiles/EMS_vsdebug_cmake.dir/Core/Src/usart.c.obj
 .debug_frame   0x00004984       0x78 CMakeFiles/EMS_vsdebug_cmake.dir/Core/Src/usb_otg.c.obj
 .debug_frame   0x000049fc      0x114 CMakeFiles/EMS_vsdebug_cmake.dir/Core/Src/stm32f7xx_it.c.obj
 .debug_frame   0x00004b10       0x34 CMakeFiles/EMS_vsdebug_cmake.dir/Core/Src/stm32f7xx_hal_msp.c.obj
 .debug_frame   0x00004b44       0x2c C:/ST/STM32CubeCLT_1.21.0/GNU-tools-for-STM32/bin/../lib/gcc/arm-none-eabi/14.3.1/thumb/v7e-m+dp/hard\libgcc.a(_aeabi_uldivmod.o)
 .debug_frame   0x00004b70       0x34 C:/ST/STM32CubeCLT_1.21.0/GNU-tools-for-STM32/bin/../lib/gcc/arm-none-eabi/14.3.1/thumb/v7e-m+dp/hard\libgcc.a(_udivmoddi4.o)
 .debug_frame   0x00004ba4       0x20 C:/ST/STM32CubeCLT_1.21.0/GNU-tools-for-STM32/bin/../lib/gcc/arm-none-eabi/14.3.1/../../../../arm-none-eabi/lib/thumb/v7e-m+dp/hard\libg_nano.a(libc_a-memset.o)
 .debug_frame   0x00004bc4       0x2c C:/ST/STM32CubeCLT_1.21.0/GNU-tools-for-STM32/bin/../lib/gcc/arm-none-eabi/14.3.1/../../../../arm-none-eabi/lib/thumb/v7e-m+dp/hard\libg_nano.a(libc_a-init.o)

.debug_line_str
                0x00000000       0x9e
 .debug_line_str
                0x00000000       0x9e CMakeFiles/EMS_vsdebug_cmake.dir/startup_stm32f767xx.s.obj

.debug_loclists
                0x00000000       0xa1
 .debug_loclists
                0x00000000       0x4d C:/ST/STM32CubeCLT_1.21.0/GNU-tools-for-STM32/bin/../lib/gcc/arm-none-eabi/14.3.1/../../../../arm-none-eabi/lib/thumb/v7e-m+dp/hard\libg_nano.a(libc_a-memset.o)
 .debug_loclists
                0x0000004d       0x54 C:/ST/STM32CubeCLT_1.21.0/GNU-tools-for-STM32/bin/../lib/gcc/arm-none-eabi/14.3.1/../../../../arm-none-eabi/lib/thumb/v7e-m+dp/hard\libg_nano.a(libc_a-init.o)
