Archive member included to satisfy reference by file (symbol)

C:/ST/STM32CubeCLT_1.21.0/GNU-tools-for-STM32/bin/../lib/gcc/arm-none-eabi/14.3.1/thumb/v7e-m+dp/hard\libgcc.a(_aeabi_uldivmod.o)
                              build/make/Drivers/STM32F7xx_HAL_Driver/Src/stm32f7xx_hal_rcc.o (__aeabi_uldivmod)
C:/ST/STM32CubeCLT_1.21.0/GNU-tools-for-STM32/bin/../lib/gcc/arm-none-eabi/14.3.1/thumb/v7e-m+dp/hard\libgcc.a(_udivmoddi4.o)
                              C:/ST/STM32CubeCLT_1.21.0/GNU-tools-for-STM32/bin/../lib/gcc/arm-none-eabi/14.3.1/thumb/v7e-m+dp/hard\libgcc.a(_aeabi_uldivmod.o) (__udivmoddi4)
C:/ST/STM32CubeCLT_1.21.0/GNU-tools-for-STM32/bin/../lib/gcc/arm-none-eabi/14.3.1/thumb/v7e-m+dp/hard\libgcc.a(_dvmd_tls.o)
                              C:/ST/STM32CubeCLT_1.21.0/GNU-tools-for-STM32/bin/../lib/gcc/arm-none-eabi/14.3.1/thumb/v7e-m+dp/hard\libgcc.a(_aeabi_uldivmod.o) (__aeabi_ldiv0)
C:/ST/STM32CubeCLT_1.21.0/GNU-tools-for-STM32/bin/../lib/gcc/arm-none-eabi/14.3.1/../../../../arm-none-eabi/lib/thumb/v7e-m+dp/hard\libc_nano.a(libc_a-exit.o)
                              C:/ST/STM32CubeCLT_1.21.0/GNU-tools-for-STM32/bin/../lib/gcc/arm-none-eabi/14.3.1/../../../../arm-none-eabi/lib/thumb/v7e-m+dp/hard/crt0.o (exit)
C:/ST/STM32CubeCLT_1.21.0/GNU-tools-for-STM32/bin/../lib/gcc/arm-none-eabi/14.3.1/../../../../arm-none-eabi/lib/thumb/v7e-m+dp/hard\libc_nano.a(libc_a-findfp.o)
                              C:/ST/STM32CubeCLT_1.21.0/GNU-tools-for-STM32/bin/../lib/gcc/arm-none-eabi/14.3.1/../../../../arm-none-eabi/lib/thumb/v7e-m+dp/hard\libc_nano.a(libc_a-exit.o) (__stdio_exit_handler)
C:/ST/STM32CubeCLT_1.21.0/GNU-tools-for-STM32/bin/../lib/gcc/arm-none-eabi/14.3.1/../../../../arm-none-eabi/lib/thumb/v7e-m+dp/hard\libc_nano.a(libc_a-fwalk.o)
                              C:/ST/STM32CubeCLT_1.21.0/GNU-tools-for-STM32/bin/../lib/gcc/arm-none-eabi/14.3.1/../../../../arm-none-eabi/lib/thumb/v7e-m+dp/hard\libc_nano.a(libc_a-findfp.o) (_fwalk_sglue)
C:/ST/STM32CubeCLT_1.21.0/GNU-tools-for-STM32/bin/../lib/gcc/arm-none-eabi/14.3.1/../../../../arm-none-eabi/lib/thumb/v7e-m+dp/hard\libc_nano.a(libc_a-stdio.o)
                              C:/ST/STM32CubeCLT_1.21.0/GNU-tools-for-STM32/bin/../lib/gcc/arm-none-eabi/14.3.1/../../../../arm-none-eabi/lib/thumb/v7e-m+dp/hard\libc_nano.a(libc_a-findfp.o) (__sread)
C:/ST/STM32CubeCLT_1.21.0/GNU-tools-for-STM32/bin/../lib/gcc/arm-none-eabi/14.3.1/../../../../arm-none-eabi/lib/thumb/v7e-m+dp/hard\libc_nano.a(libc_a-memset.o)
                              C:/ST/STM32CubeCLT_1.21.0/GNU-tools-for-STM32/bin/../lib/gcc/arm-none-eabi/14.3.1/../../../../arm-none-eabi/lib/thumb/v7e-m+dp/hard/crt0.o (memset)
C:/ST/STM32CubeCLT_1.21.0/GNU-tools-for-STM32/bin/../lib/gcc/arm-none-eabi/14.3.1/../../../../arm-none-eabi/lib/thumb/v7e-m+dp/hard\libc_nano.a(libc_a-closer.o)
                              C:/ST/STM32CubeCLT_1.21.0/GNU-tools-for-STM32/bin/../lib/gcc/arm-none-eabi/14.3.1/../../../../arm-none-eabi/lib/thumb/v7e-m+dp/hard\libc_nano.a(libc_a-stdio.o) (_close_r)
C:/ST/STM32CubeCLT_1.21.0/GNU-tools-for-STM32/bin/../lib/gcc/arm-none-eabi/14.3.1/../../../../arm-none-eabi/lib/thumb/v7e-m+dp/hard\libc_nano.a(libc_a-reent.o)
                              C:/ST/STM32CubeCLT_1.21.0/GNU-tools-for-STM32/bin/../lib/gcc/arm-none-eabi/14.3.1/../../../../arm-none-eabi/lib/thumb/v7e-m+dp/hard\libc_nano.a(libc_a-closer.o) (errno)
C:/ST/STM32CubeCLT_1.21.0/GNU-tools-for-STM32/bin/../lib/gcc/arm-none-eabi/14.3.1/../../../../arm-none-eabi/lib/thumb/v7e-m+dp/hard\libc_nano.a(libc_a-impure.o)
                              C:/ST/STM32CubeCLT_1.21.0/GNU-tools-for-STM32/bin/../lib/gcc/arm-none-eabi/14.3.1/../../../../arm-none-eabi/lib/thumb/v7e-m+dp/hard\libc_nano.a(libc_a-reent.o) (_impure_ptr)
C:/ST/STM32CubeCLT_1.21.0/GNU-tools-for-STM32/bin/../lib/gcc/arm-none-eabi/14.3.1/../../../../arm-none-eabi/lib/thumb/v7e-m+dp/hard\libc_nano.a(libc_a-lseekr.o)
                              C:/ST/STM32CubeCLT_1.21.0/GNU-tools-for-STM32/bin/../lib/gcc/arm-none-eabi/14.3.1/../../../../arm-none-eabi/lib/thumb/v7e-m+dp/hard\libc_nano.a(libc_a-stdio.o) (_lseek_r)
C:/ST/STM32CubeCLT_1.21.0/GNU-tools-for-STM32/bin/../lib/gcc/arm-none-eabi/14.3.1/../../../../arm-none-eabi/lib/thumb/v7e-m+dp/hard\libc_nano.a(libc_a-readr.o)
                              C:/ST/STM32CubeCLT_1.21.0/GNU-tools-for-STM32/bin/../lib/gcc/arm-none-eabi/14.3.1/../../../../arm-none-eabi/lib/thumb/v7e-m+dp/hard\libc_nano.a(libc_a-stdio.o) (_read_r)
C:/ST/STM32CubeCLT_1.21.0/GNU-tools-for-STM32/bin/../lib/gcc/arm-none-eabi/14.3.1/../../../../arm-none-eabi/lib/thumb/v7e-m+dp/hard\libc_nano.a(libc_a-writer.o)
                              C:/ST/STM32CubeCLT_1.21.0/GNU-tools-for-STM32/bin/../lib/gcc/arm-none-eabi/14.3.1/../../../../arm-none-eabi/lib/thumb/v7e-m+dp/hard\libc_nano.a(libc_a-stdio.o) (_write_r)
[...]
Memory Configuration

Name             Origin             Length             Attributes
RAM              0x20000000         0x00080000         xrw
FLASH            0x08000000         0x00200000         xr
*default*        0x00000000         0xffffffff

Linker script and memory map

LOAD C:/ST/STM32CubeCLT_1.21.0/GNU-tools-for-STM32/bin/../lib/gcc/arm-none-eabi/14.3.1/thumb/v7e-m+dp/hard/crti.o
LOAD C:/ST/STM32CubeCLT_1.21.0/GNU-tools-for-STM32/bin/../lib/gcc/arm-none-eabi/14.3.1/thumb/v7e-m+dp/hard/crtbegin.o
LOAD C:/ST/STM32CubeCLT_1.21.0/GNU-tools-for-STM32/bin/../lib/gcc/arm-none-eabi/14.3.1/../../../../arm-none-eabi/lib/thumb/v7e-m+dp/hard/crt0.o
LOAD build/make/Core/Src/eth.o
LOAD build/make/Core/Src/gpio.o
LOAD build/make/Core/Src/main.o
LOAD build/make/Core/Src/stm32f7xx_hal_msp.o
LOAD build/make/Core/Src/stm32f7xx_it.o
LOAD build/make/Core/Src/syscalls.o
LOAD build/make/Core/Src/sysmem.o
LOAD build/make/Core/Src/system_stm32f7xx.o
LOAD build/make/Core/Src/tim.o
LOAD build/make/Core/Src/usart.o
LOAD build/make/Core/Src/usb_otg.o
LOAD build/make/Drivers/STM32F7xx_HAL_Driver/Src/stm32f7xx_hal.o
LOAD build/make/Drivers/STM32F7xx_HAL_Driver/Src/stm32f7xx_hal_cortex.o
LOAD build/make/Drivers/STM32F7xx_HAL_Driver/Src/stm32f7xx_hal_dma.o
LOAD build/make/Drivers/STM32F7xx_HAL_Driver/Src/stm32f7xx_hal_dma_ex.o
LOAD build/make/Drivers/STM32F7xx_HAL_Driver/Src/stm32f7xx_hal_eth.o
LOAD build/make/Drivers/STM32F7xx_HAL_Driver/Src/stm32f7xx_hal_exti.o
LOAD build/make/Drivers/STM32F7xx_HAL_Driver/Src/stm32f7xx_hal_flash.o
LOAD build/make/Drivers/STM32F7xx_HAL_Driver/Src/stm32f7xx_hal_flash_ex.o
LOAD build/make/Drivers/STM32F7xx_HAL_Driver/Src/stm32f7xx_hal_gpio.o
LOAD build/make/Drivers/STM32F7xx_HAL_Driver/Src/stm32f7xx_hal_i2c.o
LOAD build/make/Drivers/STM32F7xx_HAL_Driver/Src/stm32f7xx_hal_i2c_ex.o
LOAD build/make/Drivers/STM32F7xx_HAL_Driver/Src/stm32f7xx_hal_pcd.o
LOAD build/make/Drivers/STM32F7xx_HAL_Driver/Src/stm32f7xx_hal_pcd_ex.o
LOAD build/make/Drivers/STM32F7xx_HAL_Driver/Src/stm32f7xx_hal_pwr.o
LOAD build/make/Drivers/STM32F7xx_HAL_Driver/Src/stm32f7xx_hal_pwr_ex.o
LOAD build/make/Drivers/STM32F7xx_HAL_Driver/Src/stm32f7xx_hal_rcc.o
LOAD build/make/Drivers/STM32F7xx_HAL_Driver/Src/stm32f7xx_hal_rcc_ex.o
LOAD build/make/Drivers/STM32F7xx_HAL_Driver/Src/stm32f7xx_hal_tim.o
LOAD build/make/Drivers/STM32F7xx_HAL_Driver/Src/stm32f7xx_hal_tim_ex.o
LOAD build/make/Drivers/STM32F7xx_HAL_Driver/Src/stm32f7xx_hal_uart.o
LOAD build/make/Drivers/STM32F7xx_HAL_Driver/Src/stm32f7xx_hal_uart_ex.o
LOAD build/make/Drivers/STM32F7xx_HAL_Driver/Src/stm32f7xx_ll_usb.o
LOAD build/make/startup_stm32f767xx.o
LOAD C:/ST/STM32CubeCLT_1.21.0/GNU-tools-for-STM32/bin/../lib/gcc/arm-none-eabi/14.3.1/../../../../arm-none-eabi/lib/thumb/v7e-m+dp/hard\libm.a
START GROUP
LOAD C:/ST/STM32CubeCLT_1.21.0/GNU-tools-for-STM32/bin/../lib/gcc/arm-none-eabi/14.3.1/thumb/v7e-m+dp/hard\libgcc.a
LOAD C:/ST/STM32CubeCLT_1.21.0/GNU-tools-for-STM32/bin/../lib/gcc/arm-none-eabi/14.3.1/../../../../arm-none-eabi/lib/thumb/v7e-m+dp/hard\libc_nano.a
END GROUP
START GROUP
LOAD C:/ST/STM32CubeCLT_1.21.0/GNU-tools-for-STM32/bin/../lib/gcc/arm-none-eabi/14.3.1/thumb/v7e-m+dp/hard\libgcc.a
LOAD C:/ST/STM32CubeCLT_1.21.0/GNU-tools-for-STM32/bin/../lib/gcc/arm-none-eabi/14.3.1/../../../../arm-none-eabi/lib/thumb/v7e-m+dp/hard\libc_nano.a
END GROUP
LOAD C:/ST/STM32CubeCLT_1.21.0/GNU-tools-for-STM32/bin/../lib/gcc/arm-none-eabi/14.3.1/thumb/v7e-m+dp/hard/crtend.o
LOAD C:/ST/STM32CubeCLT_1.21.0/GNU-tools-for-STM32/bin/../lib/gcc/arm-none-eabi/14.3.1/thumb/v7e-m+dp/hard/crtn.o
                0x20080000                        _estack = (ORIGIN (RAM) + LENGTH (RAM))
                0x2007fc00                        _sstack = (_estack - _Min_Stack_Size)
                0x00000200                        _Min_Heap_Size = 0x200
                0x00000400                        _Min_Stack_Size = 0x400

.isr_vector     0x08000000      0x1f8
                0x08000000                        . = ALIGN (0x4)
 *(.isr_vector)
 .isr_vector    0x08000000      0x1f8 build/make/startup_stm32f767xx.o
                0x08000000                g_pfnVectors
                0x080001f8                        . = ALIGN (0x4)

.text           0x080001f8     0x45b0
                0x080001f8                        . = ALIGN (0x4)
 *(.text)
 .text          0x080001f8       0x40 C:/ST/STM32CubeCLT_1.21.0/GNU-tools-for-STM32/bin/../lib/gcc/arm-none-eabi/14.3.1/thumb/v7e-m+dp/hard/crtbegin.o
 .text          0x08000238       0x30 C:/ST/STM32CubeCLT_1.21.0/GNU-tools-for-STM32/bin/../lib/gcc/arm-none-eabi/14.3.1/thumb/v7e-m+dp/hard\libgcc.a(_aeabi_uldivmod.o)
                0x08000238                __aeabi_uldivmod
 .text          0x08000268      0x2f8 C:/ST/STM32CubeCLT_1.21.0/GNU-tools-for-STM32/bin/../lib/gcc/arm-none-eabi/14.3.1/thumb/v7e-m+dp/hard\libgcc.a(_udivmoddi4.o)
                0x08000268                __udivmoddi4
 .text          0x08000560        0x4 C:/ST/STM32CubeCLT_1.21.0/GNU-tools-for-STM32/bin/../lib/gcc/arm-none-eabi/14.3.1/thumb/v7e-m+dp/hard\libgcc.a(_dvmd_tls.o)
                0x08000560                __aeabi_idiv0
                0x08000560                __aeabi_ldiv0
 *(.text*)
 .text.MX_ETH_Init
                0x08000564       0x9c build/make/Core/Src/eth.o
                0x08000564                MX_ETH_Init
 .text.HAL_ETH_MspInit
                0x08000600      0x170 build/make/Core/Src/eth.o
                0x08000600                HAL_ETH_MspInit
 .text.MX_GPIO_Init
                0x08000770      0x144 build/make/Core/Src/gpio.o
                0x08000770                MX_GPIO_Init
 .text.main     0x080008b4       0x28 build/make/Core/Src/main.o
                0x080008b4                main
 .text.SystemClock_Config
                0x080008dc       0xe4 build/make/Core/Src/main.o
                0x080008dc                SystemClock_Config
 .text.MPU_Config
                0x080009c0       0x58 build/make/Core/Src/main.o
 .text.Error_Handler
                0x08000a18        0xc build/make/Core/Src/main.o
                0x08000a18                Error_Handler
 .text.HAL_MspInit
                0x08000a24       0x48 build/make/Core/Src/stm32f7xx_hal_msp.o
                0x08000a24                HAL_MspInit
 .text.NMI_Handler
                0x08000a6c        0x8 build/make/Core/Src/stm32f7xx_it.o
                0x08000a6c                NMI_Handler
 .text.HardFault_Handler
                0x08000a74        0x8 build/make/Core/Src/stm32f7xx_it.o
                0x08000a74                HardFault_Handler
 .text.MemManage_Handler
                0x08000a7c        0x8 build/make/Core/Src/stm32f7xx_it.o
                0x08000a7c                MemManage_Handler
 .text.BusFault_Handler
                0x08000a84        0x8 build/make/Core/Src/stm32f7xx_it.o
                0x08000a84                BusFault_Handler
 .text.UsageFault_Handler
                0x08000a8c        0x8 build/make/Core/Src/stm32f7xx_it.o
                0x08000a8c                UsageFault_Handler
 .text.SVC_Handler
                0x08000a94        0xe build/make/Core/Src/stm32f7xx_it.o
                0x08000a94                SVC_Handler
 .text.DebugMon_Handler
                0x08000aa2        0xe build/make/Core/Src/stm32f7xx_it.o
                0x08000aa2                DebugMon_Handler
 .text.PendSV_Handler
                0x08000ab0        0xe build/make/Core/Src/stm32f7xx_it.o
                0x08000ab0                PendSV_Handler
 .text.SysTick_Handler
                0x08000abe        0xc build/make/Core/Src/stm32f7xx_it.o
                0x08000abe                SysTick_Handler
 *fill*         0x08000aca        0x2 
 .text.TIM6_DAC_IRQHandler
                0x08000acc       0x14 build/make/Core/Src/stm32f7xx_it.o
                0x08000acc                TIM6_DAC_IRQHandler
 .text.SystemInit
                0x08000ae0       0x24 build/make/Core/Src/system_stm32f7xx.o
                0x08000ae0                SystemInit
 .text.MX_TIM6_Init
                0x08000b04       0x6c build/make/Core/Src/tim.o
                0x08000b04                MX_TIM6_Init
 .text.HAL_TIM_Base_MspInit
                0x08000b70       0x4c build/make/Core/Src/tim.o
                0x08000b70                HAL_TIM_Base_MspInit
 .text.MX_USART3_UART_Init
                0x08000bbc       0x60 build/make/Core/Src/usart.o
                0x08000bbc                MX_USART3_UART_Init
 .text.HAL_UART_MspInit
                0x08000c1c       0xc0 build/make/Core/Src/usart.o
                0x08000c1c                HAL_UART_MspInit
 .text.MX_USB_OTG_FS_PCD_Init
                0x08000cdc       0x5c build/make/Core/Src/usb_otg.o
                0x08000cdc                MX_USB_OTG_FS_PCD_Init
 .text.HAL_PCD_MspInit
                0x08000d38       0xf4 build/make/Core/Src/usb_otg.o
                0x08000d38                HAL_PCD_MspInit
 .text.HAL_Init
                0x08000e2c       0x1a build/make/Drivers/STM32F7xx_HAL_Driver/Src/stm32f7xx_hal.o
                0x08000e2c                HAL_Init
 *fill*         0x08000e46        0x2 
 .text.HAL_InitTick
                0x08000e48       0x60 build/make/Drivers/STM32F7xx_HAL_Driver/Src/stm32f7xx_hal.o
                0x08000e48                HAL_InitTick
 .text.HAL_IncTick
                0x08000ea8       0x28 build/make/Drivers/STM32F7xx_HAL_Driver/Src/stm32f7xx_hal.o
                0x08000ea8                HAL_IncTick
 .text.HAL_GetTick
                0x08000ed0       0x18 build/make/Drivers/STM32F7xx_HAL_Driver/Src/stm32f7xx_hal.o
                0x08000ed0                HAL_GetTick
 .text.HAL_Delay
                0x08000ee8       0x48 build/make/Drivers/STM32F7xx_HAL_Driver/Src/stm32f7xx_hal.o
                0x08000ee8                HAL_Delay
 .text.__NVIC_SetPriorityGrouping
                0x08000f30       0x48 build/make/Drivers/STM32F7xx_HAL_Driver/Src/stm32f7xx_hal_cortex.o
 .text.__NVIC_GetPriorityGrouping
                0x08000f78       0x1c build/make/Drivers/STM32F7xx_HAL_Driver/Src/stm32f7xx_hal_cortex.o
 .text.__NVIC_EnableIRQ
                0x08000f94       0x3c build/make/Drivers/STM32F7xx_HAL_Driver/Src/stm32f7xx_hal_cortex.o
 .text.__NVIC_SetPriority
                0x08000fd0       0x54 build/make/Drivers/STM32F7xx_HAL_Driver/Src/stm32f7xx_hal_cortex.o
 .text.NVIC_EncodePriority
                0x08001024       0x66 build/make/Drivers/STM32F7xx_HAL_Driver/Src/stm32f7xx_hal_cortex.o
 *fill*         0x0800108a        0x2 
 .text.SysTick_Config
                0x0800108c       0x44 build/make/Drivers/STM32F7xx_HAL_Driver/Src/stm32f7xx_hal_cortex.o
 .text.HAL_NVIC_SetPriorityGrouping
                0x080010d0       0x16 build/make/Drivers/STM32F7xx_HAL_Driver/Src/stm32f7xx_hal_cortex.o
                0x080010d0                HAL_NVIC_SetPriorityGrouping
 .text.HAL_NVIC_SetPriority
                0x080010e6       0x38 build/make/Drivers/STM32F7xx_HAL_Driver/Src/stm32f7xx_hal_cortex.o
                0x080010e6                HAL_NVIC_SetPriority
 .text.HAL_NVIC_EnableIRQ
                0x0800111e       0x1c build/make/Drivers/STM32F7xx_HAL_Driver/Src/stm32f7xx_hal_cortex.o
                0x0800111e                HAL_NVIC_EnableIRQ
 .text.HAL_SYSTICK_Config
                0x0800113a       0x18 build/make/Drivers/STM32F7xx_HAL_Driver/Src/stm32f7xx_hal_cortex.o
                0x0800113a                HAL_SYSTICK_Config
 *fill*         0x08001152        0x2 
 .text.HAL_MPU_Disable
                0x08001154       0x30 build/make/Drivers/STM32F7xx_HAL_Driver/Src/stm32f7xx_hal_cortex.o
                0x08001154                HAL_MPU_Disable
 .text.HAL_MPU_Enable
                0x08001184       0x40 build/make/Drivers/STM32F7xx_HAL_Driver/Src/stm32f7xx_hal_cortex.o
                0x08001184                HAL_MPU_Enable
 .text.HAL_MPU_ConfigRegion
                0x080011c4       0x80 build/make/Drivers/STM32F7xx_HAL_Driver/Src/stm32f7xx_hal_cortex.o
                0x080011c4                HAL_MPU_ConfigRegion
 .text.HAL_ETH_Init
                0x08001244      0x134 build/make/Drivers/STM32F7xx_HAL_Driver/Src/stm32f7xx_hal_eth.o
                0x08001244                HAL_ETH_Init
 .text.ETH_SetMACConfig
                0x08001378      0x168 build/make/Drivers/STM32F7xx_HAL_Driver/Src/stm32f7xx_hal_eth.o
 .text.ETH_SetDMAConfig
                0x080014e0      0x114 build/make/Drivers/STM32F7xx_HAL_Driver/Src/stm32f7xx_hal_eth.o
 .text.ETH_MACDMAConfig
                0x080015f4       0xea build/make/Drivers/STM32F7xx_HAL_Driver/Src/stm32f7xx_hal_eth.o
 *fill*         0x080016de        0x2 
 .text.ETH_MACAddressConfig
                0x080016e0       0x70 build/make/Drivers/STM32F7xx_HAL_Driver/Src/stm32f7xx_hal_eth.o
 .text.ETH_DMATxDescListInit
                0x08001750       0xb2 build/make/Drivers/STM32F7xx_HAL_Driver/Src/stm32f7xx_hal_eth.o
 .text.ETH_DMARxDescListInit
                0x08001802       0xde build/make/Drivers/STM32F7xx_HAL_Driver/Src/stm32f7xx_hal_eth.o
 .text.HAL_GPIO_Init
                0x080018e0      0x358 build/make/Drivers/STM32F7xx_HAL_Driver/Src/stm32f7xx_hal_gpio.o
                0x080018e0                HAL_GPIO_Init
 .text.HAL_GPIO_WritePin
                0x08001c38       0x32 build/make/Drivers/STM32F7xx_HAL_Driver/Src/stm32f7xx_hal_gpio.o
                0x08001c38                HAL_GPIO_WritePin
 .text.HAL_PCD_Init
                0x08001c6a      0x22c build/make/Drivers/STM32F7xx_HAL_Driver/Src/stm32f7xx_hal_pcd.o
                0x08001c6a                HAL_PCD_Init
 *fill*         0x08001e96        0x2 
 .text.HAL_PCDEx_ActivateLPM
                0x08001e98       0x48 build/make/Drivers/STM32F7xx_HAL_Driver/Src/stm32f7xx_hal_pcd_ex.o
                0x08001e98                HAL_PCDEx_ActivateLPM
 .text.HAL_PWR_EnableBkUpAccess
                0x08001ee0       0x20 build/make/Drivers/STM32F7xx_HAL_Driver/Src/stm32f7xx_hal_pwr.o
                0x08001ee0                HAL_PWR_EnableBkUpAccess
 .text.HAL_PWREx_EnableOverDrive
                0x08001f00       0xa0 build/make/Drivers/STM32F7xx_HAL_Driver/Src/stm32f7xx_hal_pwr_ex.o
                0x08001f00                HAL_PWREx_EnableOverDrive
 .text.HAL_RCC_OscConfig
                0x08001fa0      0x55c build/make/Drivers/STM32F7xx_HAL_Driver/Src/stm32f7xx_hal_rcc.o
                0x08001fa0                HAL_RCC_OscConfig
 .text.HAL_RCC_ClockConfig
                0x080024fc      0x1d8 build/make/Drivers/STM32F7xx_HAL_Driver/Src/stm32f7xx_hal_rcc.o
                0x080024fc                HAL_RCC_ClockConfig
 .text.HAL_RCC_GetSysClockFreq
                0x080026d4      0x20c build/make/Drivers/STM32F7xx_HAL_Driver/Src/stm32f7xx_hal_rcc.o
                0x080026d4                HAL_RCC_GetSysClockFreq
 .text.HAL_RCC_GetHCLKFreq
                0x080028e0       0x18 build/make/Drivers/STM32F7xx_HAL_Driver/Src/stm32f7xx_hal_rcc.o
                0x080028e0                HAL_RCC_GetHCLKFreq
 .text.HAL_RCC_GetPCLK1Freq
                0x080028f8       0x28 build/make/Drivers/STM32F7xx_HAL_Driver/Src/stm32f7xx_hal_rcc.o
                0x080028f8                HAL_RCC_GetPCLK1Freq
 .text.HAL_RCC_GetPCLK2Freq
                0x08002920       0x28 build/make/Drivers/STM32F7xx_HAL_Driver/Src/stm32f7xx_hal_rcc.o
                0x08002920                HAL_RCC_GetPCLK2Freq
 .text.HAL_RCCEx_PeriphCLKConfig
                0x08002948      0x850 build/make/Drivers/STM32F7xx_HAL_Driver/Src/stm32f7xx_hal_rcc_ex.o
                0x08002948                HAL_RCCEx_PeriphCLKConfig
 .text.HAL_TIM_Base_Init
                0x08003198       0xae build/make/Drivers/STM32F7xx_HAL_Driver/Src/stm32f7xx_hal_tim.o
                0x08003198                HAL_TIM_Base_Init
 .text.HAL_TIM_IRQHandler
                0x08003246      0x20e build/make/Drivers/STM32F7xx_HAL_Driver/Src/stm32f7xx_hal_tim.o
                0x08003246                HAL_TIM_IRQHandler
 .text.HAL_TIM_PeriodElapsedCallback
                0x08003454       0x14 build/make/Drivers/STM32F7xx_HAL_Driver/Src/stm32f7xx_hal_tim.o
                0x08003454                HAL_TIM_PeriodElapsedCallback
 .text.HAL_TIM_OC_DelayElapsedCallback
                0x08003468       0x14 build/make/Drivers/STM32F7xx_HAL_Driver/Src/stm32f7xx_hal_tim.o
                0x08003468                HAL_TIM_OC_DelayElapsedCallback
 .text.HAL_TIM_IC_CaptureCallback
                0x0800347c       0x14 build/make/Drivers/STM32F7xx_HAL_Driver/Src/stm32f7xx_hal_tim.o
                0x0800347c                HAL_TIM_IC_CaptureCallback
 .text.HAL_TIM_PWM_PulseFinishedCallback
                0x08003490       0x14 build/make/Drivers/STM32F7xx_HAL_Driver/Src/stm32f7xx_hal_tim.o
                0x08003490                HAL_TIM_PWM_PulseFinishedCallback
 .text.HAL_TIM_TriggerCallback
                0x080034a4       0x14 build/make/Drivers/STM32F7xx_HAL_Driver/Src/stm32f7xx_hal_tim.o
                0x080034a4                HAL_TIM_TriggerCallback
 .text.TIM_Base_SetConfig
                0x080034b8      0x14c build/make/Drivers/STM32F7xx_HAL_Driver/Src/stm32f7xx_hal_tim.o
                0x080034b8                TIM_Base_SetConfig
 .text.HAL_TIMEx_MasterConfigSynchronization
                0x08003604      0x11c build/make/Drivers/STM32F7xx_HAL_Driver/Src/stm32f7xx_hal_tim_ex.o
                0x08003604                HAL_TIMEx_MasterConfigSynchronization
 .text.HAL_TIMEx_CommutCallback
                0x08003720       0x14 build/make/Drivers/STM32F7xx_HAL_Driver/Src/stm32f7xx_hal_tim_ex.o
                0x08003720                HAL_TIMEx_CommutCallback
 .text.HAL_TIMEx_BreakCallback
                0x08003734       0x14 build/make/Drivers/STM32F7xx_HAL_Driver/Src/stm32f7xx_hal_tim_ex.o
                0x08003734                HAL_TIMEx_BreakCallback
 .text.HAL_TIMEx_Break2Callback
                0x08003748       0x14 build/make/Drivers/STM32F7xx_HAL_Driver/Src/stm32f7xx_hal_tim_ex.o
                0x08003748                HAL_TIMEx_Break2Callback
 .text.HAL_UART_Init
                0x0800375c       0x9c build/make/Drivers/STM32F7xx_HAL_Driver/Src/stm32f7xx_hal_uart.o
                0x0800375c                HAL_UART_Init
 .text.UART_SetConfig
                0x080037f8      0x4c8 build/make/Drivers/STM32F7xx_HAL_Driver/Src/stm32f7xx_hal_uart.o
                0x080037f8                UART_SetConfig
 .text.UART_AdvFeatureConfig
                0x08003cc0      0x144 build/make/Drivers/STM32F7xx_HAL_Driver/Src/stm32f7xx_hal_uart.o
                0x08003cc0                UART_AdvFeatureConfig
 .text.UART_CheckIdleState
                0x08003e04      0x150 build/make/Drivers/STM32F7xx_HAL_Driver/Src/stm32f7xx_hal_uart.o
                0x08003e04                UART_CheckIdleState
 .text.UART_WaitOnFlagUntilTimeout
                0x08003f54       0xda build/make/Drivers/STM32F7xx_HAL_Driver/Src/stm32f7xx_hal_uart.o
                0x08003f54                UART_WaitOnFlagUntilTimeout
 .text.UART_EndRxTransfer
                0x0800402e       0xc8 build/make/Drivers/STM32F7xx_HAL_Driver/Src/stm32f7xx_hal_uart.o
 *fill*         0x080040f6        0x2 
 .text.USB_CoreInit
                0x080040f8       0xb4 build/make/Drivers/STM32F7xx_HAL_Driver/Src/stm32f7xx_ll_usb.o
                0x080040f8                USB_CoreInit
 .text.USB_DisableGlobalInt
                0x080041ac       0x22 build/make/Drivers/STM32F7xx_HAL_Driver/Src/stm32f7xx_ll_usb.o
                0x080041ac                USB_DisableGlobalInt
 .text.USB_SetCurrentMode
                0x080041ce       0x98 build/make/Drivers/STM32F7xx_HAL_Driver/Src/stm32f7xx_ll_usb.o
                0x080041ce                USB_SetCurrentMode
 *fill*         0x08004266        0x2 
 .text.USB_DevInit
                0x08004268      0x2bc build/make/Drivers/STM32F7xx_HAL_Driver/Src/stm32f7xx_ll_usb.o
                0x08004268                USB_DevInit
 .text.USB_FlushTxFifo
                0x08004524       0x64 build/make/Drivers/STM32F7xx_HAL_Driver/Src/stm32f7xx_ll_usb.o
                0x08004524                USB_FlushTxFifo
 .text.USB_FlushRxFifo
                0x08004588       0x5c build/make/Drivers/STM32F7xx_HAL_Driver/Src/stm32f7xx_ll_usb.o
                0x08004588                USB_FlushRxFifo
 .text.USB_SetDevSpeed
                0x080045e4       0x32 build/make/Drivers/STM32F7xx_HAL_Driver/Src/stm32f7xx_ll_usb.o
                0x080045e4                USB_SetDevSpeed
 .text.USB_DevDisconnect
                0x08004616       0x42 build/make/Drivers/STM32F7xx_HAL_Driver/Src/stm32f7xx_ll_usb.o
                0x08004616                USB_DevDisconnect
 .text.USB_GetMode
                0x08004658       0x1c build/make/Drivers/STM32F7xx_HAL_Driver/Src/stm32f7xx_ll_usb.o
                0x08004658                USB_GetMode
 .text.USB_CoreReset
                0x08004674       0x70 build/make/Drivers/STM32F7xx_HAL_Driver/Src/stm32f7xx_ll_usb.o
 .text.Reset_Handler
                0x080046e4       0x50 build/make/startup_stm32f767xx.o
                0x080046e4                Reset_Handler
 .text.Default_Handler
                0x08004734        0x2 build/make/startup_stm32f767xx.o
                0x08004734                RTC_Alarm_IRQHandler
                0x08004734                EXTI2_IRQHandler
                0x08004734                TIM8_CC_IRQHandler
                0x08004734                UART8_IRQHandler
                0x08004734                SPI4_IRQHandler
                0x08004734                TIM1_CC_IRQHandler
                0x08004734                DMA2_Stream5_IRQHandler
                0x08004734                JPEG_IRQHandler
                0x08004734                DMA1_Stream5_IRQHandler
                0x08004734                CAN3_RX1_IRQHandler
                0x08004734                PVD_IRQHandler
                0x08004734                TAMP_STAMP_IRQHandler
                0x08004734                CAN2_RX1_IRQHandler
                0x08004734                EXTI3_IRQHandler
                0x08004734                TIM8_TRG_COM_TIM14_IRQHandler
                0x08004734                DFSDM1_FLT1_IRQHandler
                0x08004734                TIM1_UP_TIM10_IRQHandler
                0x08004734                TIM8_UP_TIM13_IRQHandler
                0x08004734                I2C3_ER_IRQHandler
                0x08004734                DFSDM1_FLT2_IRQHandler
                0x08004734                EXTI0_IRQHandler
                0x08004734                I2C2_EV_IRQHandler
                0x08004734                DMA1_Stream2_IRQHandler
                0x08004734                CAN1_RX0_IRQHandler
                0x08004734                FPU_IRQHandler
                0x08004734                OTG_HS_WKUP_IRQHandler
                0x08004734                CAN3_SCE_IRQHandler
                0x08004734                LTDC_ER_IRQHandler
                0x08004734                CAN2_SCE_IRQHandler
                0x08004734                DMA2_Stream2_IRQHandler
                0x08004734                SPI1_IRQHandler
                0x08004734                TIM1_BRK_TIM9_IRQHandler
                0x08004734                DCMI_IRQHandler
                0x08004734                CAN2_RX0_IRQHandler
                0x08004734                DMA2_Stream3_IRQHandler
                0x08004734                SAI2_IRQHandler
                0x08004734                DFSDM1_FLT3_IRQHandler
                0x08004734                USART6_IRQHandler
                0x08004734                CAN3_RX0_IRQHandler
                0x08004734                USART3_IRQHandler
                0x08004734                CAN1_RX1_IRQHandler
                0x08004734                UART5_IRQHandler
                0x08004734                DMA2_Stream0_IRQHandler
                0x08004734                TIM4_IRQHandler
                0x08004734                QUADSPI_IRQHandler
                0x08004734                I2C1_EV_IRQHandler
                0x08004734                DMA1_Stream6_IRQHandler
                0x08004734                DMA1_Stream1_IRQHandler
                0x08004734                UART4_IRQHandler
                0x08004734                TIM3_IRQHandler
                0x08004734                RCC_IRQHandler
                0x08004734                TIM8_BRK_TIM12_IRQHandler
                0x08004734                Default_Handler
                0x08004734                CEC_IRQHandler
                0x08004734                EXTI15_10_IRQHandler
                0x08004734                ADC_IRQHandler
                0x08004734                DMA1_Stream7_IRQHandler
                0x08004734                SPI5_IRQHandler
                0x08004734                TIM7_IRQHandler
                0x08004734                SDMMC1_IRQHandler
                0x08004734                CAN2_TX_IRQHandler
                0x08004734                TIM5_IRQHandler
                0x08004734                DMA2_Stream7_IRQHandler
                0x08004734                I2C3_EV_IRQHandler
                0x08004734                EXTI9_5_IRQHandler
                0x08004734                RTC_WKUP_IRQHandler
                0x08004734                LTDC_IRQHandler
                0x08004734                ETH_WKUP_IRQHandler
                0x08004734                SPDIF_RX_IRQHandler
                0x08004734                SPI2_IRQHandler
                0x08004734                OTG_HS_EP1_IN_IRQHandler
                0x08004734                DMA1_Stream0_IRQHandler
                0x08004734                CAN1_TX_IRQHandler
                0x08004734                EXTI4_IRQHandler
                0x08004734                RNG_IRQHandler
                0x08004734                ETH_IRQHandler
                0x08004734                OTG_HS_EP1_OUT_IRQHandler
                0x08004734                WWDG_IRQHandler
                0x08004734                SPI6_IRQHandler
                0x08004734                MDIOS_IRQHandler
                0x08004734                I2C4_EV_IRQHandler
                0x08004734                CAN3_TX_IRQHandler
                0x08004734                TIM2_IRQHandler
                0x08004734                OTG_FS_WKUP_IRQHandler
                0x08004734                TIM1_TRG_COM_TIM11_IRQHandler
                0x08004734                OTG_HS_IRQHandler
                0x08004734                DMA2D_IRQHandler
                0x08004734                EXTI1_IRQHandler
                0x08004734                SDMMC2_IRQHandler
                0x08004734                UART7_IRQHandler
                0x08004734                USART2_IRQHandler
                0x08004734                DFSDM1_FLT0_IRQHandler
                0x08004734                I2C2_ER_IRQHandler
                0x08004734                DMA2_Stream1_IRQHandler
                0x08004734                CAN1_SCE_IRQHandler
                0x08004734                FLASH_IRQHandler
                0x08004734                DMA2_Stream4_IRQHandler
                0x08004734                USART1_IRQHandler
                0x08004734                OTG_FS_IRQHandler
                0x08004734                SPI3_IRQHandler
                0x08004734                DMA1_Stream4_IRQHandler
                0x08004734                I2C1_ER_IRQHandler
                0x08004734                FMC_IRQHandler
                0x08004734                LPTIM1_IRQHandler
                0x08004734                I2C4_ER_IRQHandler
                0x08004734                DMA2_Stream6_IRQHandler
                0x08004734                SAI1_IRQHandler
                0x08004734                DMA1_Stream3_IRQHandler
 .text.memset   0x08004736       0x10 C:/ST/STM32CubeCLT_1.21.0/GNU-tools-for-STM32/bin/../lib/gcc/arm-none-eabi/14.3.1/../../../../arm-none-eabi/lib/thumb/v7e-m+dp/hard\libc_nano.a(libc_a-memset.o)
                0x08004736                memset
 *fill*         0x08004746        0x2 
 .text.__libc_init_array
                0x08004748       0x48 C:/ST/STM32CubeCLT_1.21.0/GNU-tools-for-STM32/bin/../lib/gcc/arm-none-eabi/14.3.1/../../../../arm-none-eabi/lib/thumb/v7e-m+dp/hard\libc_nano.a(libc_a-init.o)
                0x08004748                __libc_init_array
 *(.glue_7)
 .glue_7        0x08004790        0x0 linker stubs
 *(.glue_7t)
 .glue_7t       0x08004790        0x0 linker stubs
 *(.eh_frame)
 .eh_frame      0x08004790        0x0 C:/ST/STM32CubeCLT_1.21.0/GNU-tools-for-STM32/bin/../lib/gcc/arm-none-eabi/14.3.1/thumb/v7e-m+dp/hard/crtbegin.o
 *(.init)
 .init          0x08004790        0x4 C:/ST/STM32CubeCLT_1.21.0/GNU-tools-for-STM32/bin/../lib/gcc/arm-none-eabi/14.3.1/thumb/v7e-m+dp/hard/crti.o
                0x08004790                _init
 .init          0x08004794        0x8 C:/ST/STM32CubeCLT_1.21.0/GNU-tools-for-STM32/bin/../lib/gcc/arm-none-eabi/14.3.1/thumb/v7e-m+dp/hard/crtn.o
 *(.fini)
 .fini          0x0800479c        0x4 C:/ST/STM32CubeCLT_1.21.0/GNU-tools-for-STM32/bin/../lib/gcc/arm-none-eabi/14.3.1/thumb/v7e-m+dp/hard/crti.o
                0x0800479c                _fini
 .fini          0x080047a0        0x8 C:/ST/STM32CubeCLT_1.21.0/GNU-tools-for-STM32/bin/../lib/gcc/arm-none-eabi/14.3.1/thumb/v7e-m+dp/hard/crtn.o
                0x080047a8                        . = ALIGN (0x4)
                0x080047a8                        _etext = .

.vfp11_veneer   0x080047a8        0x0
 .vfp11_veneer  0x080047a8        0x0 linker stubs

.v4_bx          0x080047a8        0x0
 .v4_bx         0x080047a8        0x0 linker stubs

.iplt           0x080047a8        0x0
 .iplt          0x080047a8        0x0 C:/ST/STM32CubeCLT_1.21.0/GNU-tools-for-STM32/bin/../lib/gcc/arm-none-eabi/14.3.1/thumb/v7e-m+dp/hard/crtbegin.o

.rodata         0x080047a8       0x18
                0x080047a8                        . = ALIGN (0x4)
 *(.rodata)
 *(.rodata*)
 .rodata.AHBPrescTable
                0x080047a8       0x10 build/make/Core/Src/system_stm32f7xx.o
                0x080047a8                AHBPrescTable
 .rodata.APBPrescTable
                0x080047b8        0x8 build/make/Core/Src/system_stm32f7xx.o
                0x080047b8                APBPrescTable
                0x080047c0                        . = ALIGN (0x4)

.ARM.extab      0x080047c0        0x0
                0x080047c0                        . = ALIGN (0x4)
 *(.ARM.extab* .gnu.linkonce.armextab.*)
                0x080047c0                        . = ALIGN (0x4)

.ARM            0x080047c0        0x8
                0x080047c0                        . = ALIGN (0x4)
                0x080047c0                        __exidx_start = .
 *(.ARM.exidx*)
 .ARM.exidx     0x080047c0        0x8 C:/ST/STM32CubeCLT_1.21.0/GNU-tools-for-STM32/bin/../lib/gcc/arm-none-eabi/14.3.1/thumb/v7e-m+dp/hard\libgcc.a(_udivmoddi4.o)
                0x080047c8                        __exidx_end = .
                0x080047c8                        . = ALIGN (0x4)

.preinit_array  0x080047c8        0x0
                0x080047c8                        . = ALIGN (0x4)
                0x080047c8                        PROVIDE (__preinit_array_start = .)
 *(.preinit_array*)
                0x080047c8                        PROVIDE (__preinit_array_end = .)
                0x080047c8                        . = ALIGN (0x4)

.init_array     0x080047c8        0x4
                0x080047c8                        . = ALIGN (0x4)
                0x080047c8                        PROVIDE (__init_array_start = .)
 *(SORT_BY_NAME(.init_array.*))
 *(.init_array*)
 .init_array    0x080047c8        0x4 C:/ST/STM32CubeCLT_1.21.0/GNU-tools-for-STM32/bin/../lib/gcc/arm-none-eabi/14.3.1/thumb/v7e-m+dp/hard/crtbegin.o
                0x080047cc                        PROVIDE (__init_array_end = .)
                0x080047cc                        . = ALIGN (0x4)

.fini_array     0x080047cc        0x4
                0x080047cc                        . = ALIGN (0x4)
                [!provide]                        PROVIDE (__fini_array_start = .)
 *(SORT_BY_NAME(.fini_array.*))
 *(.fini_array*)
 .fini_array    0x080047cc        0x4 C:/ST/STM32CubeCLT_1.21.0/GNU-tools-for-STM32/bin/../lib/gcc/arm-none-eabi/14.3.1/thumb/v7e-m+dp/hard/crtbegin.o
                [!provide]                        PROVIDE (__fini_array_end = .)
                0x080047d0                        . = ALIGN (0x4)
                0x080047d0                        _sidata = LOADADDR (.data)

.rel.dyn        0x080047d0        0x0
 .rel.iplt      0x080047d0        0x0 C:/ST/STM32CubeCLT_1.21.0/GNU-tools-for-STM32/bin/../lib/gcc/arm-none-eabi/14.3.1/thumb/v7e-m+dp/hard/crtbegin.o

.data           0x20000000        0xc load address 0x080047d0
                0x20000000                        . = ALIGN (0x4)
                0x20000000                        _sdata = .
 *(.data)
 *(.data*)
 .data.SystemCoreClock
                0x20000000        0x4 build/make/Core/Src/system_stm32f7xx.o
                0x20000000                SystemCoreClock
 .data.uwTickPrio
                0x20000004        0x4 build/make/Drivers/STM32F7xx_HAL_Driver/Src/stm32f7xx_hal.o
                0x20000004                uwTickPrio
 .data.uwTickFreq
                0x20000008        0x1 build/make/Drivers/STM32F7xx_HAL_Driver/Src/stm32f7xx_hal.o
                0x20000008                uwTickFreq
 *(.RamFunc)
 *(.RamFunc*)
                0x2000000c                        . = ALIGN (0x4)
 *fill*         0x20000009        0x3 

.igot.plt       0x2000000c        0x0 load address 0x080047dc
 .igot.plt      0x2000000c        0x0 C:/ST/STM32CubeCLT_1.21.0/GNU-tools-for-STM32/bin/../lib/gcc/arm-none-eabi/14.3.1/thumb/v7e-m+dp/hard/crtbegin.o

.RxDecripSection
                0x2000000c       0xa0 load address 0x080047dc
 .RxDecripSection
                0x2000000c       0xa0 build/make/Core/Src/eth.o
                0x2000000c                DMARxDscrTab

.TxDecripSection
                0x200000ac       0xa0 load address 0x0800487c
 .TxDecripSection
                0x200000ac       0xa0 build/make/Core/Src/eth.o
                0x200000ac                DMATxDscrTab

.tdata          0x2000014c        0x0 load address 0x0800491c
 *(.tdata .tdata.* .gnu.linkonce.td.*)
                0x2000014c                        . = ALIGN (0x4)
                0x2000014c                        _edata = .
                [!provide]                        PROVIDE (__data_end = .)
                [!provide]                        PROVIDE (__tdata_end = .)
                [!provide]                        PROVIDE (__tdata_start = ADDR (.tdata))
                [!provide]                        PROVIDE (__tdata_size = (__tdata_end - __tdata_start))
                [!provide]                        PROVIDE (__data_start = ADDR (.data))
                [!provide]                        PROVIDE (__data_size = (__data_end - __data_start))
                [!provide]                        PROVIDE (__tdata_source = LOADADDR (.tdata))
                [!provide]                        PROVIDE (__tdata_source_end = (LOADADDR (.tdata) + SIZEOF (.tdata)))
                [!provide]                        PROVIDE (__tdata_source_size = (__tdata_source_end - __tdata_source))
                [!provide]                        PROVIDE (__data_source = LOADADDR (.data))
                [!provide]                        PROVIDE (__data_source_end = __tdata_source_end)
                [!provide]                        PROVIDE (__data_source_size = (__data_source_end - __data_source))

.tbss           0x2000014c        0x0 load address 0x0800491c
                0x2000014c                        _sbss = .
                0x2000014c                        __bss_start__ = _sbss
 *(.tbss .tbss.*)
                0x2000014c                        . = ALIGN (0x4)
                [!provide]                        PROVIDE (__tbss_end = .)
                [!provide]                        PROVIDE (__tbss_start = ADDR (.tbss))
                [!provide]                        PROVIDE (__tbss_size = (__tbss_end - __tbss_start))
                [!provide]                        PROVIDE (__tbss_offset = (ADDR (.tbss) - ADDR (.tdata)))
                [!provide]                        PROVIDE (__tls_base = __tdata_start)
                [!provide]                        PROVIDE (__tls_end = __tbss_end)
                [!provide]                        PROVIDE (__tls_size = (__tls_end - __tls_base))
                [!provide]                        PROVIDE (__tls_align = MAX (ALIGNOF (.tdata), ALIGNOF (.tbss)))
                [!provide]                        PROVIDE (__tls_size_align = (((__tls_size + __tls_align) - 0x1) & ~ ((__tls_align - 0x1))))
                [!provide]                        PROVIDE (__arm32_tls_tcb_offset = MAX (0x8, __tls_align))
                [!provide]                        PROVIDE (__arm64_tls_tcb_offset = MAX (0x10, __tls_align))

.bss            0x2000014c      0x6c4 load address 0x0800491c
 *(.bss)
 .bss           0x2000014c       0x1c C:/ST/STM32CubeCLT_1.21.0/GNU-tools-for-STM32/bin/../lib/gcc/arm-none-eabi/14.3.1/thumb/v7e-m+dp/hard/crtbegin.o
 *(.bss*)
 .bss.TxConfig  0x20000168       0x38 build/make/Core/Src/eth.o
                0x20000168                TxConfig
 .bss.heth      0x200001a0       0xb0 build/make/Core/Src/eth.o
                0x200001a0                heth
 .bss.MACAddr.0
                0x20000250        0x6 build/make/Core/Src/eth.o
 *fill*         0x20000256        0x2 
 .bss.htim6     0x20000258       0x4c build/make/Core/Src/tim.o
                0x20000258                htim6
 .bss.huart3    0x200002a4       0x88 build/make/Core/Src/usart.o
                0x200002a4                huart3
 .bss.hpcd_USB_OTG_FS
                0x2000032c      0x4e0 build/make/Core/Src/usb_otg.o
                0x2000032c                hpcd_USB_OTG_FS
 .bss.uwTick    0x2000080c        0x4 build/make/Drivers/STM32F7xx_HAL_Driver/Src/stm32f7xx_hal.o
                0x2000080c                uwTick
 *(COMMON)
                0x20000810                        . = ALIGN (0x4)
                0x20000810                        _ebss = .
                0x20000810                        __bss_end__ = _ebss
                [!provide]                        PROVIDE (__bss_end = .)
                [!provide]                        PROVIDE (__non_tls_bss_start = ADDR (.bss))
                [!provide]                        PROVIDE (__bss_start = __tbss_start)
                [!provide]                        PROVIDE (__bss_size = (__bss_end - __bss_start))

._user_heap_stack
                0x20000810      0x600 load address 0x0800491c
                0x20000810                        . = ALIGN (0x8)
                [!provide]                        PROVIDE (end = .)
                0x20000810                        PROVIDE (_end = .)
                0x20000a10                        . = (. + _Min_Heap_Size)
 *fill*         0x20000810      0x200 
                0x20000e10                        . = (. + _Min_Stack_Size)
 *fill*         0x20000a10      0x400 
                0x20000e10                        . = ALIGN (0x8)

/DISCARD/
 libc.a:*(*)
 libm.a:*(*)
 libgcc.a:*(*)
OUTPUT(build/make/EMS_vsdebug_cmake.elf elf32-littlearm)
LOAD linker stubs

.ARM.attributes
                0x00000000       0x2e
 .ARM.attributes
                0x00000000       0x20 C:/ST/STM32CubeCLT_1.21.0/GNU-tools-for-STM32/bin/../lib/gcc/arm-none-eabi/14.3.1/thumb/v7e-m+dp/hard/crti.o
 .ARM.attributes
                0x00000020       0x32 C:/ST/STM32CubeCLT_1.21.0/GNU-tools-for-STM32/bin/../lib/gcc/arm-none-eabi/14.3.1/thumb/v7e-m+dp/hard/crtbegin.o
 .ARM.attributes
                0x00000052       0x32 build/make/Core/Src/eth.o
 .ARM.attributes
                0x00000084       0x32 build/make/Core/Src/gpio.o
 .ARM.attributes
                0x000000b6       0x32 build/make/Core/Src/main.o
 .ARM.attributes
                0x000000e8       0x32 build/make/Core/Src/stm32f7xx_hal_msp.o
 .ARM.attributes
                0x0000011a       0x32 build/make/Core/Src/stm32f7xx_it.o
 .ARM.attributes
                0x0000014c       0x32 build/make/Core/Src/system_stm32f7xx.o
 .ARM.attributes
                0x0000017e       0x32 build/make/Core/Src/tim.o
 .ARM.attributes
                0x000001b0       0x32 build/make/Core/Src/usart.o
 .ARM.attributes
                0x000001e2       0x32 build/make/Core/Src/usb_otg.o
 .ARM.attributes
                0x00000214       0x32 build/make/Drivers/STM32F7xx_HAL_Driver/Src/stm32f7xx_hal.o
 .ARM.attributes
                0x00000246       0x32 build/make/Drivers/STM32F7xx_HAL_Driver/Src/stm32f7xx_hal_cortex.o
 .ARM.attributes
                0x00000278       0x32 build/make/Drivers/STM32F7xx_HAL_Driver/Src/stm32f7xx_hal_eth.o
 .ARM.attributes
                0x000002aa       0x32 build/make/Drivers/STM32F7xx_HAL_Driver/Src/stm32f7xx_hal_gpio.o
 .ARM.attributes
                0x000002dc       0x32 build/make/Drivers/STM32F7xx_HAL_Driver/Src/stm32f7xx_hal_pcd.o
 .ARM.attributes
                0x0000030e       0x32 build/make/Drivers/STM32F7xx_HAL_Driver/Src/stm32f7xx_hal_pcd_ex.o
 .ARM.attributes
                0x00000340       0x32 build/make/Drivers/STM32F7xx_HAL_Driver/Src/stm32f7xx_hal_pwr.o
 .ARM.attributes
                0x00000372       0x32 build/make/Drivers/STM32F7xx_HAL_Driver/Src/stm32f7xx_hal_pwr_ex.o
 .ARM.attributes
                0x000003a4       0x32 build/make/Drivers/STM32F7xx_HAL_Driver/Src/stm32f7xx_hal_rcc.o
 .ARM.attributes
                0x000003d6       0x32 build/make/Drivers/STM32F7xx_HAL_Driver/Src/stm32f7xx_hal_rcc_ex.o
 .ARM.attributes
                0x00000408       0x32 build/make/Drivers/STM32F7xx_HAL_Driver/Src/stm32f7xx_hal_tim.o
 .ARM.attributes
                0x0000043a       0x32 build/make/Drivers/STM32F7xx_HAL_Driver/Src/stm32f7xx_hal_tim_ex.o
 .ARM.attributes
                0x0000046c       0x32 build/make/Drivers/STM32F7xx_HAL_Driver/Src/stm32f7xx_hal_uart.o
 .ARM.attributes
                0x0000049e       0x32 build/make/Drivers/STM32F7xx_HAL_Driver/Src/stm32f7xx_ll_usb.o
 .ARM.attributes
                0x000004d0       0x21 build/make/startup_stm32f767xx.o
 .ARM.attributes
                0x000004f1       0x20 C:/ST/STM32CubeCLT_1.21.0/GNU-tools-for-STM32/bin/../lib/gcc/arm-none-eabi/14.3.1/thumb/v7e-m+dp/hard\libgcc.a(_aeabi_uldivmod.o)
 .ARM.attributes
                0x00000511       0x32 C:/ST/STM32CubeCLT_1.21.0/GNU-tools-for-STM32/bin/../lib/gcc/arm-none-eabi/14.3.1/thumb/v7e-m+dp/hard\libgcc.a(_udivmoddi4.o)
 .ARM.attributes
                0x00000543       0x20 C:/ST/STM32CubeCLT_1.21.0/GNU-tools-for-STM32/bin/../lib/gcc/arm-none-eabi/14.3.1/thumb/v7e-m+dp/hard\libgcc.a(_dvmd_tls.o)
 .ARM.attributes
                0x00000563       0x32 C:/ST/STM32CubeCLT_1.21.0/GNU-tools-for-STM32/bin/../lib/gcc/arm-none-eabi/14.3.1/../../../../arm-none-eabi/lib/thumb/v7e-m+dp/hard\libc_nano.a(libc_a-memset.o)
 .ARM.attributes
                0x00000595       0x32 C:/ST/STM32CubeCLT_1.21.0/GNU-tools-for-STM32/bin/../lib/gcc/arm-none-eabi/14.3.1/../../../../arm-none-eabi/lib/thumb/v7e-m+dp/hard\libc_nano.a(libc_a-init.o)
 .ARM.attributes
                0x000005c7       0x20 C:/ST/STM32CubeCLT_1.21.0/GNU-tools-for-STM32/bin/../lib/gcc/arm-none-eabi/14.3.1/thumb/v7e-m+dp/hard/crtn.o

.comment        0x00000000       0x43
 .comment       0x00000000       0x43 build/make/Core/Src/eth.o
                                 0x44 (size before relaxing)
 .comment       0x00000043       0x44 build/make/Core/Src/gpio.o
 .comment       0x00000043       0x44 build/make/Core/Src/main.o
 .comment       0x00000043       0x44 build/make/Core/Src/stm32f7xx_hal_msp.o
 .comment       0x00000043       0x44 build/make/Core/Src/stm32f7xx_it.o
 .comment       0x00000043       0x44 build/make/Core/Src/system_stm32f7xx.o
 .comment       0x00000043       0x44 build/make/Core/Src/tim.o
 .comment       0x00000043       0x44 build/make/Core/Src/usart.o
 .comment       0x00000043       0x44 build/make/Core/Src/usb_otg.o
 .comment       0x00000043       0x44 build/make/Drivers/STM32F7xx_HAL_Driver/Src/stm32f7xx_hal.o
 .comment       0x00000043       0x44 build/make/Drivers/STM32F7xx_HAL_Driver/Src/stm32f7xx_hal_cortex.o
 .comment       0x00000043       0x44 build/make/Drivers/STM32F7xx_HAL_Driver/Src/stm32f7xx_hal_eth.o
 .comment       0x00000043       0x44 build/make/Drivers/STM32F7xx_HAL_Driver/Src/stm32f7xx_hal_gpio.o
 .comment       0x00000043       0x44 build/make/Drivers/STM32F7xx_HAL_Driver/Src/stm32f7xx_hal_pcd.o
 .comment       0x00000043       0x44 build/make/Drivers/STM32F7xx_HAL_Driver/Src/stm32f7xx_hal_pcd_ex.o
 .comment       0x00000043       0x44 build/make/Drivers/STM32F7xx_HAL_Driver/Src/stm32f7xx_hal_pwr.o
 .comment       0x00000043       0x44 build/make/Drivers/STM32F7xx_HAL_Driver/Src/stm32f7xx_hal_pwr_ex.o
 .comment       0x00000043       0x44 build/make/Drivers/STM32F7xx_HAL_Driver/Src/stm32f7xx_hal_rcc.o
 .comment       0x00000043       0x44 build/make/Drivers/STM32F7xx_HAL_Driver/Src/stm32f7xx_hal_rcc_ex.o
 .comment       0x00000043       0x44 build/make/Drivers/STM32F7xx_HAL_Driver/Src/stm32f7xx_hal_tim.o
 .comment       0x00000043       0x44 build/make/Drivers/STM32F7xx_HAL_Driver/Src/stm32f7xx_hal_tim_ex.o
 .comment       0x00000043       0x44 build/make/Drivers/STM32F7xx_HAL_Driver/Src/stm32f7xx_hal_uart.o
 .comment       0x00000043       0x44 build/make/Drivers/STM32F7xx_HAL_Driver/Src/stm32f7xx_ll_usb.o

.debug_info     0x00000000    0x168bc
 .debug_info    0x00000000      0xf6c build/make/Core/Src/eth.o
 .debug_info    0x00000f6c      0x465 build/make/Core/Src/gpio.o
 .debug_info    0x000013d1      0x635 build/make/Core/Src/main.o
 .debug_info    0x00001a06      0x28d build/make/Core/Src/stm32f7xx_hal_msp.o
 .debug_info    0x00001c93      0x744 build/make/Core/Src/stm32f7xx_it.o
 .debug_info    0x000023d7      0x6ed build/make/Core/Src/system_stm32f7xx.o
 .debug_info    0x00002ac4      0xcc3 build/make/Core/Src/tim.o
 .debug_info    0x00003787      0xc81 build/make/Core/Src/usart.o
 .debug_info    0x00004408      0xc1d build/make/Core/Src/usb_otg.o
 .debug_info    0x00005025      0xa4c build/make/Drivers/STM32F7xx_HAL_Driver/Src/stm32f7xx_hal.o
 .debug_info    0x00005a71      0xfc0 build/make/Drivers/STM32F7xx_HAL_Driver/Src/stm32f7xx_hal_cortex.o
 .debug_info    0x00006a31     0x21b6 build/make/Drivers/STM32F7xx_HAL_Driver/Src/stm32f7xx_hal_eth.o
 .debug_info    0x00008be7      0x6f3 build/make/Drivers/STM32F7xx_HAL_Driver/Src/stm32f7xx_hal_gpio.o
 .debug_info    0x000092da     0x1599 build/make/Drivers/STM32F7xx_HAL_Driver/Src/stm32f7xx_hal_pcd.o
 .debug_info    0x0000a873      0x7a3 build/make/Drivers/STM32F7xx_HAL_Driver/Src/stm32f7xx_hal_pcd_ex.o
 .debug_info    0x0000b016      0x90e build/make/Drivers/STM32F7xx_HAL_Driver/Src/stm32f7xx_hal_pwr.o
 .debug_info    0x0000b924      0x8cd build/make/Drivers/STM32F7xx_HAL_Driver/Src/stm32f7xx_hal_pwr_ex.o
 .debug_info    0x0000c1f1      0x94b build/make/Drivers/STM32F7xx_HAL_Driver/Src/stm32f7xx_hal_rcc.o
 .debug_info    0x0000cb3c      0x6e1 build/make/Drivers/STM32F7xx_HAL_Driver/Src/stm32f7xx_hal_rcc_ex.o
 .debug_info    0x0000d21d     0x2ad5 build/make/Drivers/STM32F7xx_HAL_Driver/Src/stm32f7xx_hal_tim.o
 .debug_info    0x0000fcf2     0x16bb build/make/Drivers/STM32F7xx_HAL_Driver/Src/stm32f7xx_hal_tim_ex.o
 .debug_info    0x000113ad     0x3b13 build/make/Drivers/STM32F7xx_HAL_Driver/Src/stm32f7xx_hal_uart.o
 .debug_info    0x00014ec0     0x19fc build/make/Drivers/STM32F7xx_HAL_Driver/Src/stm32f7xx_ll_usb.o

.debug_abbrev   0x00000000     0x314e
 .debug_abbrev  0x00000000      0x249 build/make/Core/Src/eth.o
 .debug_abbrev  0x00000249      0x152 build/make/Core/Src/gpio.o
 .debug_abbrev  0x0000039b      0x222 build/make/Core/Src/main.o
 .debug_abbrev  0x000005bd       0xd8 build/make/Core/Src/stm32f7xx_hal_msp.o
 .debug_abbrev  0x00000695      0x192 build/make/Core/Src/stm32f7xx_it.o
 .debug_abbrev  0x00000827      0x13b build/make/Core/Src/system_stm32f7xx.o
 .debug_abbrev  0x00000962      0x1f7 build/make/Core/Src/tim.o
 .debug_abbrev  0x00000b59      0x1f9 build/make/Core/Src/usart.o
 .debug_abbrev  0x00000d52      0x230 build/make/Core/Src/usb_otg.o
 .debug_abbrev  0x00000f82      0x213 build/make/Drivers/STM32F7xx_HAL_Driver/Src/stm32f7xx_hal.o
 .debug_abbrev  0x00001195      0x31e build/make/Drivers/STM32F7xx_HAL_Driver/Src/stm32f7xx_hal_cortex.o
 .debug_abbrev  0x000014b3      0x35a build/make/Drivers/STM32F7xx_HAL_Driver/Src/stm32f7xx_hal_eth.o
 .debug_abbrev  0x0000180d      0x1d4 build/make/Drivers/STM32F7xx_HAL_Driver/Src/stm32f7xx_hal_gpio.o
 .debug_abbrev  0x000019e1      0x2ee build/make/Drivers/STM32F7xx_HAL_Driver/Src/stm32f7xx_hal_pcd.o
 .debug_abbrev  0x00001ccf      0x1ca build/make/Drivers/STM32F7xx_HAL_Driver/Src/stm32f7xx_hal_pcd_ex.o
 .debug_abbrev  0x00001e99      0x1c5 build/make/Drivers/STM32F7xx_HAL_Driver/Src/stm32f7xx_hal_pwr.o
 .debug_abbrev  0x0000205e      0x1d5 build/make/Drivers/STM32F7xx_HAL_Driver/Src/stm32f7xx_hal_pwr_ex.o
 .debug_abbrev  0x00002233      0x2de build/make/Drivers/STM32F7xx_HAL_Driver/Src/stm32f7xx_hal_rcc.o
 .debug_abbrev  0x00002511      0x1c9 build/make/Drivers/STM32F7xx_HAL_Driver/Src/stm32f7xx_hal_rcc_ex.o
 .debug_abbrev  0x000026da      0x278 build/make/Drivers/STM32F7xx_HAL_Driver/Src/stm32f7xx_hal_tim.o
 .debug_abbrev  0x00002952      0x283 build/make/Drivers/STM32F7xx_HAL_Driver/Src/stm32f7xx_hal_tim_ex.o
 .debug_abbrev  0x00002bd5      0x2e6 build/make/Drivers/STM32F7xx_HAL_Driver/Src/stm32f7xx_hal_uart.o
 .debug_abbrev  0x00002ebb      0x293 build/make/Drivers/STM32F7xx_HAL_Driver/Src/stm32f7xx_ll_usb.o

.debug_aranges  0x00000000     0x12f8
 .debug_aranges
                0x00000000       0x30 build/make/Core/Src/eth.o
 .debug_aranges
                0x00000030       0x20 build/make/Core/Src/gpio.o
 .debug_aranges
                0x00000050       0x38 build/make/Core/Src/main.o
 .debug_aranges
                0x00000088       0x20 build/make/Core/Src/stm32f7xx_hal_msp.o
 .debug_aranges
                0x000000a8       0x68 build/make/Core/Src/stm32f7xx_it.o
 .debug_aranges
                0x00000110       0x28 build/make/Core/Src/system_stm32f7xx.o
 .debug_aranges
                0x00000138       0x30 build/make/Core/Src/tim.o
 .debug_aranges
                0x00000168       0x30 build/make/Core/Src/usart.o
 .debug_aranges
                0x00000198       0x30 build/make/Core/Src/usb_otg.o
 .debug_aranges
                0x000001c8      0x110 build/make/Drivers/STM32F7xx_HAL_Driver/Src/stm32f7xx_hal.o
 .debug_aranges
                0x000002d8      0x128 build/make/Drivers/STM32F7xx_HAL_Driver/Src/stm32f7xx_hal_cortex.o
 .debug_aranges
                0x00000400      0x1e8 build/make/Drivers/STM32F7xx_HAL_Driver/Src/stm32f7xx_hal_eth.o
 .debug_aranges
                0x000005e8       0x58 build/make/Drivers/STM32F7xx_HAL_Driver/Src/stm32f7xx_hal_gpio.o
 .debug_aranges
                0x00000640      0x148 build/make/Drivers/STM32F7xx_HAL_Driver/Src/stm32f7xx_hal_pcd.o
 .debug_aranges
                0x00000788       0x48 build/make/Drivers/STM32F7xx_HAL_Driver/Src/stm32f7xx_hal_pcd_ex.o
 .debug_aranges
                0x000007d0       0xa0 build/make/Drivers/STM32F7xx_HAL_Driver/Src/stm32f7xx_hal_pwr.o
 .debug_aranges
                0x00000870       0x80 build/make/Drivers/STM32F7xx_HAL_Driver/Src/stm32f7xx_hal_pwr_ex.o
 .debug_aranges
                0x000008f0       0x88 build/make/Drivers/STM32F7xx_HAL_Driver/Src/stm32f7xx_hal_rcc.o
 .debug_aranges
                0x00000978       0x50 build/make/Drivers/STM32F7xx_HAL_Driver/Src/stm32f7xx_hal_rcc_ex.o
 .debug_aranges
                0x000009c8      0x3e0 build/make/Drivers/STM32F7xx_HAL_Driver/Src/stm32f7xx_hal_tim.o
 .debug_aranges
                0x00000da8      0x180 build/make/Drivers/STM32F7xx_HAL_Driver/Src/stm32f7xx_hal_tim_ex.o
 .debug_aranges
                0x00000f28      0x230 build/make/Drivers/STM32F7xx_HAL_Driver/Src/stm32f7xx_hal_uart.o
 .debug_aranges
                0x00001158      0x1a0 build/make/Drivers/STM32F7xx_HAL_Driver/Src/stm32f7xx_ll_usb.o

.debug_rnglists
                0x00000000      0xebc
 .debug_rnglists
                0x00000000       0x21 build/make/Core/Src/eth.o
 .debug_rnglists
                0x00000021       0x14 build/make/Core/Src/gpio.o
 .debug_rnglists
                0x00000035       0x26 build/make/Core/Src/main.o
 .debug_rnglists
                0x0000005b       0x13 build/make/Core/Src/stm32f7xx_hal_msp.o
 .debug_rnglists
                0x0000006e       0x49 build/make/Core/Src/stm32f7xx_it.o
 .debug_rnglists
                0x000000b7       0x1a build/make/Core/Src/system_stm32f7xx.o
 .debug_rnglists
                0x000000d1       0x1f build/make/Core/Src/tim.o
 .debug_rnglists
                0x000000f0       0x20 build/make/Core/Src/usart.o
 .debug_rnglists
                0x00000110       0x20 build/make/Core/Src/usb_otg.o
 .debug_rnglists
                0x00000130       0xc7 build/make/Drivers/STM32F7xx_HAL_Driver/Src/stm32f7xx_hal.o
 .debug_rnglists
                0x000001f7       0xda build/make/Drivers/STM32F7xx_HAL_Driver/Src/stm32f7xx_hal_cortex.o
 .debug_rnglists
                0x000002d1      0x183 build/make/Drivers/STM32F7xx_HAL_Driver/Src/stm32f7xx_hal_eth.o
 .debug_rnglists
                0x00000454       0x3f build/make/Drivers/STM32F7xx_HAL_Driver/Src/stm32f7xx_hal_gpio.o
 .debug_rnglists
                0x00000493       0xfa build/make/Drivers/STM32F7xx_HAL_Driver/Src/stm32f7xx_hal_pcd.o
 .debug_rnglists
                0x0000058d       0x32 build/make/Drivers/STM32F7xx_HAL_Driver/Src/stm32f7xx_hal_pcd_ex.o
 .debug_rnglists
                0x000005bf       0x74 build/make/Drivers/STM32F7xx_HAL_Driver/Src/stm32f7xx_hal_pwr.o
 .debug_rnglists
                0x00000633       0x5f build/make/Drivers/STM32F7xx_HAL_Driver/Src/stm32f7xx_hal_pwr_ex.o
 .debug_rnglists
                0x00000692       0x67 build/make/Drivers/STM32F7xx_HAL_Driver/Src/stm32f7xx_hal_rcc.o
 .debug_rnglists
                0x000006f9       0x3c build/make/Drivers/STM32F7xx_HAL_Driver/Src/stm32f7xx_hal_rcc_ex.o
 .debug_rnglists
                0x00000735      0x328 build/make/Drivers/STM32F7xx_HAL_Driver/Src/stm32f7xx_hal_tim.o
 .debug_rnglists
                0x00000a5d      0x138 build/make/Drivers/STM32F7xx_HAL_Driver/Src/stm32f7xx_hal_tim_ex.o
 .debug_rnglists
                0x00000b95      0x1e0 build/make/Drivers/STM32F7xx_HAL_Driver/Src/stm32f7xx_hal_uart.o
 .debug_rnglists
                0x00000d75      0x147 build/make/Drivers/STM32F7xx_HAL_Driver/Src/stm32f7xx_ll_usb.o

.debug_macro    0x00000000    0x29a9b
 .debug_macro   0x00000000      0x2d0 build/make/Core/Src/eth.o
 .debug_macro   0x000002d0      0xaea build/make/Core/Src/eth.o
 .debug_macro   0x00000dba      0x299 build/make/Core/Src/eth.o
 .debug_macro   0x00001053       0x2e build/make/Core/Src/eth.o
 .debug_macro   0x00001081       0x3b build/make/Core/Src/eth.o
 .debug_macro   0x000010bc       0x22 build/make/Core/Src/eth.o
 .debug_macro   0x000010de       0x8e build/make/Core/Src/eth.o
 .debug_macro   0x0000116c       0x51 build/make/Core/Src/eth.o
 .debug_macro   0x000011bd      0x103 build/make/Core/Src/eth.o
 .debug_macro   0x000012c0       0x6a build/make/Core/Src/eth.o
 .debug_macro   0x0000132a      0x1df build/make/Core/Src/eth.o
 .debug_macro   0x00001509       0x1c build/make/Core/Src/eth.o
 .debug_macro   0x00001525       0x22 build/make/Core/Src/eth.o
 .debug_macro   0x00001547       0xd9 build/make/Core/Src/eth.o
 .debug_macro   0x00001620     0x12cd build/make/Core/Src/eth.o
 .debug_macro   0x000028ed      0x11f build/make/Core/Src/eth.o
 .debug_macro   0x00002a0c       0x19 build/make/Core/Src/eth.o
 .debug_macro   0x00002a25    0x1aa23 build/make/Core/Src/eth.o
 .debug_macro   0x0001d448       0x6d build/make/Core/Src/eth.o
 .debug_macro   0x0001d4b5     0x375e build/make/Core/Src/eth.o
 .debug_macro   0x00020c13      0x190 build/make/Core/Src/eth.o
 .debug_macro   0x00020da3       0x63 build/make/Core/Src/eth.o
 .debug_macro   0x00020e06     0x1add build/make/Core/Src/eth.o
 .debug_macro   0x000228e3      0x6c4 build/make/Core/Src/eth.o
 .debug_macro   0x00022fa7      0x18b build/make/Core/Src/eth.o
 .debug_macro   0x00023132      0x115 build/make/Core/Src/eth.o
 .debug_macro   0x00023247      0x26e build/make/Core/Src/eth.o
 .debug_macro   0x000234b5       0xa5 build/make/Core/Src/eth.o
 .debug_macro   0x0002355a      0x24f build/make/Core/Src/eth.o
 .debug_macro   0x000237a9       0x71 build/make/Core/Src/eth.o
 .debug_macro   0x0002381a       0x58 build/make/Core/Src/eth.o
 .debug_macro   0x00023872      0x236 build/make/Core/Src/eth.o
 .debug_macro   0x00023aa8      0xb99 build/make/Core/Src/eth.o
 .debug_macro   0x00024641      0x14e build/make/Core/Src/eth.o
 .debug_macro   0x0002478f      0x3db build/make/Core/Src/eth.o
 .debug_macro   0x00024b6a       0x12 build/make/Core/Src/eth.o
 .debug_macro   0x00024b7c      0x12e build/make/Core/Src/eth.o
 .debug_macro   0x00024caa      0x108 build/make/Core/Src/eth.o
 .debug_macro   0x00024db2       0x35 build/make/Core/Src/eth.o
 .debug_macro   0x00024de7      0xa91 build/make/Core/Src/eth.o
 .debug_macro   0x00025878       0xa9 build/make/Core/Src/eth.o
 .debug_macro   0x00025921      0x5ba build/make/Core/Src/eth.o
 .debug_macro   0x00025edb       0x44 build/make/Core/Src/eth.o
 .debug_macro   0x00025f1f      0x2cb build/make/Core/Src/eth.o
 .debug_macro   0x000261ea       0xba build/make/Core/Src/eth.o
 .debug_macro   0x000262a4      0x15b build/make/Core/Src/eth.o
 .debug_macro   0x000263ff      0x13c build/make/Core/Src/eth.o
 .debug_macro   0x0002653b       0x74 build/make/Core/Src/eth.o
 .debug_macro   0x000265af       0x29 build/make/Core/Src/eth.o
 .debug_macro   0x000265d8       0x3c build/make/Core/Src/eth.o
 .debug_macro   0x00026614       0x34 build/make/Core/Src/eth.o
 .debug_macro   0x00026648      0x364 build/make/Core/Src/eth.o
 .debug_macro   0x000269ac       0x16 build/make/Core/Src/eth.o
 .debug_macro   0x000269c2       0x4a build/make/Core/Src/eth.o
 .debug_macro   0x00026a0c       0x34 build/make/Core/Src/eth.o
 .debug_macro   0x00026a40       0x10 build/make/Core/Src/eth.o
 .debug_macro   0x00026a50       0x58 build/make/Core/Src/eth.o
 .debug_macro   0x00026aa8      0x1de build/make/Core/Src/eth.o
 .debug_macro   0x00026c86       0x10 build/make/Core/Src/eth.o
 .debug_macro   0x00026c96       0x3c build/make/Core/Src/eth.o
 .debug_macro   0x00026cd2       0x20 build/make/Core/Src/eth.o
 .debug_macro   0x00026cf2      0x211 build/make/Core/Src/gpio.o
 .debug_macro   0x00026f03      0x23d build/make/Core/Src/main.o
 .debug_macro   0x00027140      0x207 build/make/Core/Src/stm32f7xx_hal_msp.o
 .debug_macro   0x00027347      0x211 build/make/Core/Src/stm32f7xx_it.o
 .debug_macro   0x00027558      0x1f8 build/make/Core/Src/system_stm32f7xx.o
 .debug_macro   0x00027750      0x211 build/make/Core/Src/tim.o
 .debug_macro   0x00027961      0x211 build/make/Core/Src/usart.o
 .debug_macro   0x00027b72      0x211 build/make/Core/Src/usb_otg.o
 .debug_macro   0x00027d83      0x21c build/make/Drivers/STM32F7xx_HAL_Driver/Src/stm32f7xx_hal.o
 .debug_macro   0x00027f9f      0x1f8 build/make/Drivers/STM32F7xx_HAL_Driver/Src/stm32f7xx_hal_cortex.o
 .debug_macro   0x00028197      0x2d2 build/make/Drivers/STM32F7xx_HAL_Driver/Src/stm32f7xx_hal_eth.o
 .debug_macro   0x00028469      0x1fe build/make/Drivers/STM32F7xx_HAL_Driver/Src/stm32f7xx_hal_gpio.o
 .debug_macro   0x00028667      0x204 build/make/Drivers/STM32F7xx_HAL_Driver/Src/stm32f7xx_hal_pcd.o
 .debug_macro   0x0002886b      0x1f8 build/make/Drivers/STM32F7xx_HAL_Driver/Src/stm32f7xx_hal_pcd_ex.o
 .debug_macro   0x00028a63      0x216 build/make/Drivers/STM32F7xx_HAL_Driver/Src/stm32f7xx_hal_pwr.o
 .debug_macro   0x00028c79      0x210 build/make/Drivers/STM32F7xx_HAL_Driver/Src/stm32f7xx_hal_pwr_ex.o
 .debug_macro   0x00028e89      0x21c build/make/Drivers/STM32F7xx_HAL_Driver/Src/stm32f7xx_hal_rcc.o
 .debug_macro   0x000290a5      0x1f8 build/make/Drivers/STM32F7xx_HAL_Driver/Src/stm32f7xx_hal_rcc_ex.o
 .debug_macro   0x0002929d      0x1f9 build/make/Drivers/STM32F7xx_HAL_Driver/Src/stm32f7xx_hal_tim.o
 .debug_macro   0x00029496      0x1f8 build/make/Drivers/STM32F7xx_HAL_Driver/Src/stm32f7xx_hal_tim_ex.o
 .debug_macro   0x0002968e      0x215 build/make/Drivers/STM32F7xx_HAL_Driver/Src/stm32f7xx_hal_uart.o
 .debug_macro   0x000298a3      0x1f8 build/make/Drivers/STM32F7xx_HAL_Driver/Src/stm32f7xx_ll_usb.o

.debug_line     0x00000000    0x15848
 .debug_line    0x00000000      0x744 build/make/Core/Src/eth.o
 .debug_line    0x00000744      0x62c build/make/Core/Src/gpio.o
 .debug_line    0x00000d70      0x6ea build/make/Core/Src/main.o
 .debug_line    0x0000145a      0x5f8 build/make/Core/Src/stm32f7xx_hal_msp.o
 .debug_line    0x00001a52      0x6bf build/make/Core/Src/stm32f7xx_it.o
 .debug_line    0x00002111      0x66c build/make/Core/Src/system_stm32f7xx.o
 .debug_line    0x0000277d      0x65b build/make/Core/Src/tim.o
 .debug_line    0x00002dd8      0x682 build/make/Core/Src/usart.o
 .debug_line    0x0000345a      0x691 build/make/Core/Src/usb_otg.o
 .debug_line    0x00003aeb      0x952 build/make/Drivers/STM32F7xx_HAL_Driver/Src/stm32f7xx_hal.o
 .debug_line    0x0000443d      0xb9f build/make/Drivers/STM32F7xx_HAL_Driver/Src/stm32f7xx_hal_cortex.o
 .debug_line    0x00004fdc     0x18ff build/make/Drivers/STM32F7xx_HAL_Driver/Src/stm32f7xx_hal_eth.o
 .debug_line    0x000068db      0xa76 build/make/Drivers/STM32F7xx_HAL_Driver/Src/stm32f7xx_hal_gpio.o
 .debug_line    0x00007351     0x12f1 build/make/Drivers/STM32F7xx_HAL_Driver/Src/stm32f7xx_hal_pcd.o
 .debug_line    0x00008642      0x70a build/make/Drivers/STM32F7xx_HAL_Driver/Src/stm32f7xx_hal_pcd_ex.o
 .debug_line    0x00008d4c      0x81f build/make/Drivers/STM32F7xx_HAL_Driver/Src/stm32f7xx_hal_pwr.o
 .debug_line    0x0000956b      0x8ef build/make/Drivers/STM32F7xx_HAL_Driver/Src/stm32f7xx_hal_pwr_ex.o
 .debug_line    0x00009e5a      0xe56 build/make/Drivers/STM32F7xx_HAL_Driver/Src/stm32f7xx_hal_rcc.o
 .debug_line    0x0000acb0      0xda2 build/make/Drivers/STM32F7xx_HAL_Driver/Src/stm32f7xx_hal_rcc_ex.o
 .debug_line    0x0000ba52     0x3bc0 build/make/Drivers/STM32F7xx_HAL_Driver/Src/stm32f7xx_hal_tim.o
 .debug_line    0x0000f612     0x1a25 build/make/Drivers/STM32F7xx_HAL_Driver/Src/stm32f7xx_hal_tim_ex.o
 .debug_line    0x00011037     0x2c0b build/make/Drivers/STM32F7xx_HAL_Driver/Src/stm32f7xx_hal_uart.o
 .debug_line    0x00013c42     0x1c06 build/make/Drivers/STM32F7xx_HAL_Driver/Src/stm32f7xx_ll_usb.o

.debug_str      0x00000000   0x100f9c
 .debug_str     0x00000000   0x100f9c build/make/Core/Src/eth.o
                              0xfb00b (size before relaxing)
 .debug_str     0x00100f9c    0xf7dfa build/make/Core/Src/gpio.o
 .debug_str     0x00100f9c    0xf8092 build/make/Core/Src/main.o
 .debug_str     0x00100f9c    0xf7d2f build/make/Core/Src/stm32f7xx_hal_msp.o
 .debug_str     0x00100f9c    0xf823c build/make/Core/Src/stm32f7xx_it.o
 .debug_str     0x00100f9c    0xf79c0 build/make/Core/Src/system_stm32f7xx.o
 .debug_str     0x00100f9c    0xf8a33 build/make/Core/Src/tim.o
 .debug_str     0x00100f9c    0xf85b9 build/make/Core/Src/usart.o
 .debug_str     0x00100f9c    0xf8548 build/make/Core/Src/usb_otg.o
 .debug_str     0x00100f9c    0xf8400 build/make/Drivers/STM32F7xx_HAL_Driver/Src/stm32f7xx_hal.o
 .debug_str     0x00100f9c    0xf83e2 build/make/Drivers/STM32F7xx_HAL_Driver/Src/stm32f7xx_hal_cortex.o
 .debug_str     0x00100f9c    0xf91fc build/make/Drivers/STM32F7xx_HAL_Driver/Src/stm32f7xx_hal_eth.o
 .debug_str     0x00100f9c    0xf7a7e build/make/Drivers/STM32F7xx_HAL_Driver/Src/stm32f7xx_hal_gpio.o
 .debug_str     0x00100f9c    0xf83f9 build/make/Drivers/STM32F7xx_HAL_Driver/Src/stm32f7xx_hal_pcd.o
 .debug_str     0x00100f9c    0xf7cfb build/make/Drivers/STM32F7xx_HAL_Driver/Src/stm32f7xx_hal_pcd_ex.o
 .debug_str     0x00100f9c    0xf7c61 build/make/Drivers/STM32F7xx_HAL_Driver/Src/stm32f7xx_hal_pwr.o
 .debug_str     0x00100f9c    0xf7c2f build/make/Drivers/STM32F7xx_HAL_Driver/Src/stm32f7xx_hal_pwr_ex.o
 .debug_str     0x00100f9c    0xf7d3b build/make/Drivers/STM32F7xx_HAL_Driver/Src/stm32f7xx_hal_rcc.o
 .debug_str     0x00100f9c    0xf7c9e build/make/Drivers/STM32F7xx_HAL_Driver/Src/stm32f7xx_hal_rcc_ex.o
 .debug_str     0x00100f9c    0xf8ce3 build/make/Drivers/STM32F7xx_HAL_Driver/Src/stm32f7xx_hal_tim.o
 .debug_str     0x00100f9c    0xf85e9 build/make/Drivers/STM32F7xx_HAL_Driver/Src/stm32f7xx_hal_tim_ex.o
 .debug_str     0x00100f9c    0xf8689 build/make/Drivers/STM32F7xx_HAL_Driver/Src/stm32f7xx_hal_uart.o
 .debug_str     0x00100f9c    0xf82d6 build/make/Drivers/STM32F7xx_HAL_Driver/Src/stm32f7xx_ll_usb.o

.debug_frame    0x00000000     0x4bf0
 .debug_frame   0x00000000       0x74 build/make/Core/Src/eth.o
 .debug_frame   0x00000074       0x34 build/make/Core/Src/gpio.o
 .debug_frame   0x000000a8       0x8c build/make/Core/Src/main.o
 .debug_frame   0x00000134       0x34 build/make/Core/Src/stm32f7xx_hal_msp.o
 .debug_frame   0x00000168      0x114 build/make/Core/Src/stm32f7xx_it.o
 .debug_frame   0x0000027c       0x50 build/make/Core/Src/system_stm32f7xx.o
 .debug_frame   0x000002cc       0x7c build/make/Core/Src/tim.o
 .debug_frame   0x00000348       0x78 build/make/Core/Src/usart.o
 .debug_frame   0x000003c0       0x78 build/make/Core/Src/usb_otg.o
 .debug_frame   0x00000438      0x38c build/make/Drivers/STM32F7xx_HAL_Driver/Src/stm32f7xx_hal.o
 .debug_frame   0x000007c4      0x49c build/make/Drivers/STM32F7xx_HAL_Driver/Src/stm32f7xx_hal_cortex.o
 .debug_frame   0x00000c60      0x83c build/make/Drivers/STM32F7xx_HAL_Driver/Src/stm32f7xx_hal_eth.o
 .debug_frame   0x0000149c      0x130 build/make/Drivers/STM32F7xx_HAL_Driver/Src/stm32f7xx_hal_gpio.o
 .debug_frame   0x000015cc      0x574 build/make/Drivers/STM32F7xx_HAL_Driver/Src/stm32f7xx_hal_pcd.o
 .debug_frame   0x00001b40       0xe8 build/make/Drivers/STM32F7xx_HAL_Driver/Src/stm32f7xx_hal_pcd_ex.o
 .debug_frame   0x00001c28      0x214 build/make/Drivers/STM32F7xx_HAL_Driver/Src/stm32f7xx_hal_pwr.o
 .debug_frame   0x00001e3c      0x1ac build/make/Drivers/STM32F7xx_HAL_Driver/Src/stm32f7xx_hal_pwr_ex.o
 .debug_frame   0x00001fe8      0x1e0 build/make/Drivers/STM32F7xx_HAL_Driver/Src/stm32f7xx_hal_rcc.o
 .debug_frame   0x000021c8      0x110 build/make/Drivers/STM32F7xx_HAL_Driver/Src/stm32f7xx_hal_rcc_ex.o
 .debug_frame   0x000022d8     0x1144 build/make/Drivers/STM32F7xx_HAL_Driver/Src/stm32f7xx_hal_tim.o
 .debug_frame   0x0000341c      0x66c build/make/Drivers/STM32F7xx_HAL_Driver/Src/stm32f7xx_hal_tim_ex.o
 .debug_frame   0x00003a88      0x998 build/make/Drivers/STM32F7xx_HAL_Driver/Src/stm32f7xx_hal_uart.o
 .debug_frame   0x00004420      0x724 build/make/Drivers/STM32F7xx_HAL_Driver/Src/stm32f7xx_ll_usb.o
 .debug_frame   0x00004b44       0x2c C:/ST/STM32CubeCLT_1.21.0/GNU-tools-for-STM32/bin/../lib/gcc/arm-none-eabi/14.3.1/thumb/v7e-m+dp/hard\libgcc.a(_aeabi_uldivmod.o)
 .debug_frame   0x00004b70       0x34 C:/ST/STM32CubeCLT_1.21.0/GNU-tools-for-STM32/bin/../lib/gcc/arm-none-eabi/14.3.1/thumb/v7e-m+dp/hard\libgcc.a(_udivmoddi4.o)
 .debug_frame   0x00004ba4       0x20 C:/ST/STM32CubeCLT_1.21.0/GNU-tools-for-STM32/bin/../lib/gcc/arm-none-eabi/14.3.1/../../../../arm-none-eabi/lib/thumb/v7e-m+dp/hard\libc_nano.a(libc_a-memset.o)
 .debug_frame   0x00004bc4       0x2c C:/ST/STM32CubeCLT_1.21.0/GNU-tools-for-STM32/bin/../lib/gcc/arm-none-eabi/14.3.1/../../../../arm-none-eabi/lib/thumb/v7e-m+dp/hard\libc_nano.a(libc_a-init.o)

Cross Reference Table

Symbol                                            File
ADC_IRQHandler                                    build/make/startup_stm32f767xx.o
AHBPrescTable                                     build/make/Core/Src/system_stm32f7xx.o
                                                  build/make/Drivers/STM32F7xx_HAL_Driver/Src/stm32f7xx_hal_rcc.o
APBPrescTable                                     build/make/Core/Src/system_stm32f7xx.o
                                                  build/make/Drivers/STM32F7xx_HAL_Driver/Src/stm32f7xx_hal_rcc.o
BusFault_Handler                                  build/make/Core/Src/stm32f7xx_it.o
CAN1_RX0_IRQHandler                               build/make/startup_stm32f767xx.o
CAN1_RX1_IRQHandler                               build/make/startup_stm32f767xx.o
CAN1_SCE_IRQHandler                               build/make/startup_stm32f767xx.o
CAN1_TX_IRQHandler                                build/make/startup_stm32f767xx.o
CAN2_RX0_IRQHandler                               build/make/startup_stm32f767xx.o
CAN2_RX1_IRQHandler                               build/make/startup_stm32f767xx.o
CAN2_SCE_IRQHandler                               build/make/startup_stm32f767xx.o
CAN2_TX_IRQHandler                                build/make/startup_stm32f767xx.o
CAN3_RX0_IRQHandler                               build/make/startup_stm32f767xx.o
CAN3_RX1_IRQHandler                               build/make/startup_stm32f767xx.o
CAN3_SCE_IRQHandler                               build/make/startup_stm32f767xx.o
CAN3_TX_IRQHandler                                build/make/startup_stm32f767xx.o
CEC_IRQHandler                                    build/make/startup_stm32f767xx.o
DCMI_IRQHandler                                   build/make/startup_stm32f767xx.o
DFSDM1_FLT0_IRQHandler                            build/make/startup_stm32f767xx.o
DFSDM1_FLT1_IRQHandler                            build/make/startup_stm32f767xx.o
DFSDM1_FLT2_IRQHandler                            build/make/startup_stm32f767xx.o
DFSDM1_FLT3_IRQHandler                            build/make/startup_stm32f767xx.o
DMA1_Stream0_IRQHandler                           build/make/startup_stm32f767xx.o
DMA1_Stream1_IRQHandler                           build/make/startup_stm32f767xx.o
DMA1_Stream2_IRQHandler                           build/make/startup_stm32f767xx.o
DMA1_Stream3_IRQHandler                           build/make/startup_stm32f767xx.o
DMA1_Stream4_IRQHandler                           build/make/startup_stm32f767xx.o
DMA1_Stream5_IRQHandler                           build/make/startup_stm32f767xx.o
DMA1_Stream6_IRQHandler                           build/make/startup_stm32f767xx.o
DMA1_Stream7_IRQHandler                           build/make/startup_stm32f767xx.o
DMA2D_IRQHandler                                  build/make/startup_stm32f767xx.o
DMA2_Stream0_IRQHandler                           build/make/startup_stm32f767xx.o
DMA2_Stream1_IRQHandler                           build/make/startup_stm32f767xx.o
DMA2_Stream2_IRQHandler                           build/make/startup_stm32f767xx.o
DMA2_Stream3_IRQHandler                           build/make/startup_stm32f767xx.o
DMA2_Stream4_IRQHandler                           build/make/startup_stm32f767xx.o
DMA2_Stream5_IRQHandler                           build/make/startup_stm32f767xx.o
DMA2_Stream6_IRQHandler                           build/make/startup_stm32f767xx.o
DMA2_Stream7_IRQHandler                           build/make/startup_stm32f767xx.o
DMARxDscrTab                                      build/make/Core/Src/eth.o
DMATxDscrTab                                      build/make/Core/Src/eth.o
DebugMon_Handler                                  build/make/Core/Src/stm32f7xx_it.o
Default_Handler                                   build/make/startup_stm32f767xx.o
ETH_IRQHandler                                    build/make/startup_stm32f767xx.o
ETH_WKUP_IRQHandler                               build/make/startup_stm32f767xx.o
EXTI0_IRQHandler                                  build/make/startup_stm32f767xx.o
EXTI15_10_IRQHandler                              build/make/startup_stm32f767xx.o
EXTI1_IRQHandler                                  build/make/startup_stm32f767xx.o
EXTI2_IRQHandler                                  build/make/startup_stm32f767xx.o
EXTI3_IRQHandler                                  build/make/startup_stm32f767xx.o
EXTI4_IRQHandler                                  build/make/startup_stm32f767xx.o
EXTI9_5_IRQHandler                                build/make/startup_stm32f767xx.o
Error_Handler                                     build/make/Core/Src/main.o
                                                  build/make/Core/Src/usb_otg.o
                                                  build/make/Core/Src/usart.o
                                                  build/make/Core/Src/tim.o
                                                  build/make/Core/Src/eth.o
FLASH_Erase_Sector                                build/make/Drivers/STM32F7xx_HAL_Driver/Src/stm32f7xx_hal_flash_ex.o
                                                  build/make/Drivers/STM32F7xx_HAL_Driver/Src/stm32f7xx_hal_flash.o
FLASH_IRQHandler                                  build/make/startup_stm32f767xx.o
FLASH_WaitForLastOperation                        build/make/Drivers/STM32F7xx_HAL_Driver/Src/stm32f7xx_hal_flash.o
                                                  build/make/Drivers/STM32F7xx_HAL_Driver/Src/stm32f7xx_hal_flash_ex.o
FMC_IRQHandler                                    build/make/startup_stm32f767xx.o
FPU_IRQHandler                                    build/make/startup_stm32f767xx.o
HAL_DBGMCU_DisableDBGSleepMode                    build/make/Drivers/STM32F7xx_HAL_Driver/Src/stm32f7xx_hal.o
HAL_DBGMCU_DisableDBGStandbyMode                  build/make/Drivers/STM32F7xx_HAL_Driver/Src/stm32f7xx_hal.o
HAL_DBGMCU_DisableDBGStopMode                     build/make/Drivers/STM32F7xx_HAL_Driver/Src/stm32f7xx_hal.o
HAL_DBGMCU_EnableDBGSleepMode                     build/make/Drivers/STM32F7xx_HAL_Driver/Src/stm32f7xx_hal.o
HAL_DBGMCU_EnableDBGStandbyMode                   build/make/Drivers/STM32F7xx_HAL_Driver/Src/stm32f7xx_hal.o
HAL_DBGMCU_EnableDBGStopMode                      build/make/Drivers/STM32F7xx_HAL_Driver/Src/stm32f7xx_hal.o
HAL_DMAEx_ChangeMemory                            build/make/Drivers/STM32F7xx_HAL_Driver/Src/stm32f7xx_hal_dma_ex.o
HAL_DMAEx_MultiBufferStart                        build/make/Drivers/STM32F7xx_HAL_Driver/Src/stm32f7xx_hal_dma_ex.o
HAL_DMAEx_MultiBufferStart_IT                     build/make/Drivers/STM32F7xx_HAL_Driver/Src/stm32f7xx_hal_dma_ex.o
HAL_DMA_Abort                                     build/make/Drivers/STM32F7xx_HAL_Driver/Src/stm32f7xx_hal_dma.o
                                                  build/make/Drivers/STM32F7xx_HAL_Driver/Src/stm32f7xx_hal_uart.o
HAL_DMA_Abort_IT                                  build/make/Drivers/STM32F7xx_HAL_Driver/Src/stm32f7xx_hal_dma.o
                                                  build/make/Drivers/STM32F7xx_HAL_Driver/Src/stm32f7xx_hal_uart.o
                                                  build/make/Drivers/STM32F7xx_HAL_Driver/Src/stm32f7xx_hal_tim_ex.o
                                                  build/make/Drivers/STM32F7xx_HAL_Driver/Src/stm32f7xx_hal_tim.o
HAL_DMA_DeInit                                    build/make/Drivers/STM32F7xx_HAL_Driver/Src/stm32f7xx_hal_dma.o
HAL_DMA_GetError                                  build/make/Drivers/STM32F7xx_HAL_Driver/Src/stm32f7xx_hal_dma.o
                                                  build/make/Drivers/STM32F7xx_HAL_Driver/Src/stm32f7xx_hal_uart.o
HAL_DMA_GetState                                  build/make/Drivers/STM32F7xx_HAL_Driver/Src/stm32f7xx_hal_dma.o
HAL_DMA_IRQHandler                                build/make/Drivers/STM32F7xx_HAL_Driver/Src/stm32f7xx_hal_dma.o
HAL_DMA_Init                                      build/make/Drivers/STM32F7xx_HAL_Driver/Src/stm32f7xx_hal_dma.o
HAL_DMA_PollForTransfer                           build/make/Drivers/STM32F7xx_HAL_Driver/Src/stm32f7xx_hal_dma.o
HAL_DMA_RegisterCallback                          build/make/Drivers/STM32F7xx_HAL_Driver/Src/stm32f7xx_hal_dma.o
HAL_DMA_Start                                     build/make/Drivers/STM32F7xx_HAL_Driver/Src/stm32f7xx_hal_dma.o
HAL_DMA_Start_IT                                  build/make/Drivers/STM32F7xx_HAL_Driver/Src/stm32f7xx_hal_dma.o
                                                  build/make/Drivers/STM32F7xx_HAL_Driver/Src/stm32f7xx_hal_uart.o
                                                  build/make/Drivers/STM32F7xx_HAL_Driver/Src/stm32f7xx_hal_tim_ex.o
                                                  build/make/Drivers/STM32F7xx_HAL_Driver/Src/stm32f7xx_hal_tim.o
HAL_DMA_UnRegisterCallback                        build/make/Drivers/STM32F7xx_HAL_Driver/Src/stm32f7xx_hal_dma.o
HAL_DeInit                                        build/make/Drivers/STM32F7xx_HAL_Driver/Src/stm32f7xx_hal.o
HAL_Delay                                         build/make/Drivers/STM32F7xx_HAL_Driver/Src/stm32f7xx_hal.o
                                                  build/make/Drivers/STM32F7xx_HAL_Driver/Src/stm32f7xx_ll_usb.o
                                                  build/make/Drivers/STM32F7xx_HAL_Driver/Src/stm32f7xx_hal_eth.o
HAL_DisableCompensationCell                       build/make/Drivers/STM32F7xx_HAL_Driver/Src/stm32f7xx_hal.o
HAL_DisableFMCMemorySwapping                      build/make/Drivers/STM32F7xx_HAL_Driver/Src/stm32f7xx_hal.o
HAL_DisableMemorySwappingBank                     build/make/Drivers/STM32F7xx_HAL_Driver/Src/stm32f7xx_hal.o
HAL_ETH_DeInit                                    build/make/Drivers/STM32F7xx_HAL_Driver/Src/stm32f7xx_hal_eth.o
HAL_ETH_EnterPowerDownMode                        build/make/Drivers/STM32F7xx_HAL_Driver/Src/stm32f7xx_hal_eth.o
HAL_ETH_ErrorCallback                             build/make/Drivers/STM32F7xx_HAL_Driver/Src/stm32f7xx_hal_eth.o
HAL_ETH_ExitPowerDownMode                         build/make/Drivers/STM32F7xx_HAL_Driver/Src/stm32f7xx_hal_eth.o
HAL_ETH_GetDMAConfig                              build/make/Drivers/STM32F7xx_HAL_Driver/Src/stm32f7xx_hal_eth.o
HAL_ETH_GetDMAError                               build/make/Drivers/STM32F7xx_HAL_Driver/Src/stm32f7xx_hal_eth.o
HAL_ETH_GetError                                  build/make/Drivers/STM32F7xx_HAL_Driver/Src/stm32f7xx_hal_eth.o
HAL_ETH_GetMACConfig                              build/make/Drivers/STM32F7xx_HAL_Driver/Src/stm32f7xx_hal_eth.o
HAL_ETH_GetMACError                               build/make/Drivers/STM32F7xx_HAL_Driver/Src/stm32f7xx_hal_eth.o
HAL_ETH_GetMACFilterConfig                        build/make/Drivers/STM32F7xx_HAL_Driver/Src/stm32f7xx_hal_eth.o
HAL_ETH_GetMACWakeUpSource                        build/make/Drivers/STM32F7xx_HAL_Driver/Src/stm32f7xx_hal_eth.o
HAL_ETH_GetRxDataErrorCode                        build/make/Drivers/STM32F7xx_HAL_Driver/Src/stm32f7xx_hal_eth.o
HAL_ETH_GetState                                  build/make/Drivers/STM32F7xx_HAL_Driver/Src/stm32f7xx_hal_eth.o
HAL_ETH_GetTxBuffersNumber                        build/make/Drivers/STM32F7xx_HAL_Driver/Src/stm32f7xx_hal_eth.o
HAL_ETH_IRQHandler                                build/make/Drivers/STM32F7xx_HAL_Driver/Src/stm32f7xx_hal_eth.o
HAL_ETH_Init                                      build/make/Drivers/STM32F7xx_HAL_Driver/Src/stm32f7xx_hal_eth.o
                                                  build/make/Core/Src/eth.o
HAL_ETH_MspDeInit                                 build/make/Core/Src/eth.o
HAL_ETH_MspInit                                   build/make/Core/Src/eth.o
HAL_ETH_PMTCallback                               build/make/Drivers/STM32F7xx_HAL_Driver/Src/stm32f7xx_hal_eth.o
HAL_ETH_ReadData                                  build/make/Drivers/STM32F7xx_HAL_Driver/Src/stm32f7xx_hal_eth.o
HAL_ETH_ReadPHYRegister                           build/make/Drivers/STM32F7xx_HAL_Driver/Src/stm32f7xx_hal_eth.o
HAL_ETH_RegisterRxAllocateCallback                build/make/Drivers/STM32F7xx_HAL_Driver/Src/stm32f7xx_hal_eth.o
HAL_ETH_RegisterRxLinkCallback                    build/make/Drivers/STM32F7xx_HAL_Driver/Src/stm32f7xx_hal_eth.o
HAL_ETH_RegisterTxFreeCallback                    build/make/Drivers/STM32F7xx_HAL_Driver/Src/stm32f7xx_hal_eth.o
HAL_ETH_ReleaseTxPacket                           build/make/Drivers/STM32F7xx_HAL_Driver/Src/stm32f7xx_hal_eth.o
HAL_ETH_RxAllocateCallback                        build/make/Drivers/STM32F7xx_HAL_Driver/Src/stm32f7xx_hal_eth.o
HAL_ETH_RxCpltCallback                            build/make/Drivers/STM32F7xx_HAL_Driver/Src/stm32f7xx_hal_eth.o
HAL_ETH_RxLinkCallback                            build/make/Drivers/STM32F7xx_HAL_Driver/Src/stm32f7xx_hal_eth.o
HAL_ETH_SetDMAConfig                              build/make/Drivers/STM32F7xx_HAL_Driver/Src/stm32f7xx_hal_eth.o
HAL_ETH_SetHashTable                              build/make/Drivers/STM32F7xx_HAL_Driver/Src/stm32f7xx_hal_eth.o
HAL_ETH_SetMACConfig                              build/make/Drivers/STM32F7xx_HAL_Driver/Src/stm32f7xx_hal_eth.o
HAL_ETH_SetMACFilterConfig                        build/make/Drivers/STM32F7xx_HAL_Driver/Src/stm32f7xx_hal_eth.o
HAL_ETH_SetMDIOClockRange                         build/make/Drivers/STM32F7xx_HAL_Driver/Src/stm32f7xx_hal_eth.o
HAL_ETH_SetRxVLANIdentifier                       build/make/Drivers/STM32F7xx_HAL_Driver/Src/stm32f7xx_hal_eth.o
HAL_ETH_SetSourceMACAddrMatch                     build/make/Drivers/STM32F7xx_HAL_Driver/Src/stm32f7xx_hal_eth.o
HAL_ETH_SetWakeUpFilter                           build/make/Drivers/STM32F7xx_HAL_Driver/Src/stm32f7xx_hal_eth.o
HAL_ETH_Start                                     build/make/Drivers/STM32F7xx_HAL_Driver/Src/stm32f7xx_hal_eth.o
HAL_ETH_Start_IT                                  build/make/Drivers/STM32F7xx_HAL_Driver/Src/stm32f7xx_hal_eth.o
HAL_ETH_Stop                                      build/make/Drivers/STM32F7xx_HAL_Driver/Src/stm32f7xx_hal_eth.o
HAL_ETH_Stop_IT                                   build/make/Drivers/STM32F7xx_HAL_Driver/Src/stm32f7xx_hal_eth.o
HAL_ETH_Transmit                                  build/make/Drivers/STM32F7xx_HAL_Driver/Src/stm32f7xx_hal_eth.o
HAL_ETH_Transmit_IT                               build/make/Drivers/STM32F7xx_HAL_Driver/Src/stm32f7xx_hal_eth.o
HAL_ETH_TxCpltCallback                            build/make/Drivers/STM32F7xx_HAL_Driver/Src/stm32f7xx_hal_eth.o
HAL_ETH_TxFreeCallback                            build/make/Drivers/STM32F7xx_HAL_Driver/Src/stm32f7xx_hal_eth.o
HAL_ETH_UnRegisterRxAllocateCallback              build/make/Drivers/STM32F7xx_HAL_Driver/Src/stm32f7xx_hal_eth.o
HAL_ETH_UnRegisterRxLinkCallback                  build/make/Drivers/STM32F7xx_HAL_Driver/Src/stm32f7xx_hal_eth.o
HAL_ETH_UnRegisterTxFreeCallback                  build/make/Drivers/STM32F7xx_HAL_Driver/Src/stm32f7xx_hal_eth.o
HAL_ETH_WakeUpCallback                            build/make/Drivers/STM32F7xx_HAL_Driver/Src/stm32f7xx_hal_eth.o
HAL_ETH_WritePHYRegister                          build/make/Drivers/STM32F7xx_HAL_Driver/Src/stm32f7xx_hal_eth.o
HAL_EXTI_ClearConfigLine                          build/make/Drivers/STM32F7xx_HAL_Driver/Src/stm32f7xx_hal_exti.o
HAL_EXTI_ClearPending                             build/make/Drivers/STM32F7xx_HAL_Driver/Src/stm32f7xx_hal_exti.o
HAL_EXTI_GenerateSWI                              build/make/Drivers/STM32F7xx_HAL_Driver/Src/stm32f7xx_hal_exti.o
HAL_EXTI_GetConfigLine                            build/make/Drivers/STM32F7xx_HAL_Driver/Src/stm32f7xx_hal_exti.o
HAL_EXTI_GetHandle                                build/make/Drivers/STM32F7xx_HAL_Driver/Src/stm32f7xx_hal_exti.o
HAL_EXTI_GetPending                               build/make/Drivers/STM32F7xx_HAL_Driver/Src/stm32f7xx_hal_exti.o
HAL_EXTI_IRQHandler                               build/make/Drivers/STM32F7xx_HAL_Driver/Src/stm32f7xx_hal_exti.o
HAL_EXTI_RegisterCallback                         build/make/Drivers/STM32F7xx_HAL_Driver/Src/stm32f7xx_hal_exti.o
HAL_EXTI_SetConfigLine                            build/make/Drivers/STM32F7xx_HAL_Driver/Src/stm32f7xx_hal_exti.o
HAL_EnableCompensationCell                        build/make/Drivers/STM32F7xx_HAL_Driver/Src/stm32f7xx_hal.o
HAL_EnableFMCMemorySwapping                       build/make/Drivers/STM32F7xx_HAL_Driver/Src/stm32f7xx_hal.o
HAL_EnableMemorySwappingBank                      build/make/Drivers/STM32F7xx_HAL_Driver/Src/stm32f7xx_hal.o
HAL_FLASHEx_Erase                                 build/make/Drivers/STM32F7xx_HAL_Driver/Src/stm32f7xx_hal_flash_ex.o
HAL_FLASHEx_Erase_IT                              build/make/Drivers/STM32F7xx_HAL_Driver/Src/stm32f7xx_hal_flash_ex.o
HAL_FLASHEx_OBGetConfig                           build/make/Drivers/STM32F7xx_HAL_Driver/Src/stm32f7xx_hal_flash_ex.o
HAL_FLASHEx_OBProgram                             build/make/Drivers/STM32F7xx_HAL_Driver/Src/stm32f7xx_hal_flash_ex.o
HAL_FLASH_EndOfOperationCallback                  build/make/Drivers/STM32F7xx_HAL_Driver/Src/stm32f7xx_hal_flash.o
HAL_FLASH_GetError                                build/make/Drivers/STM32F7xx_HAL_Driver/Src/stm32f7xx_hal_flash.o
HAL_FLASH_IRQHandler                              build/make/Drivers/STM32F7xx_HAL_Driver/Src/stm32f7xx_hal_flash.o
HAL_FLASH_Lock                                    build/make/Drivers/STM32F7xx_HAL_Driver/Src/stm32f7xx_hal_flash.o
HAL_FLASH_OB_Launch                               build/make/Drivers/STM32F7xx_HAL_Driver/Src/stm32f7xx_hal_flash.o
HAL_FLASH_OB_Lock                                 build/make/Drivers/STM32F7xx_HAL_Driver/Src/stm32f7xx_hal_flash.o
HAL_FLASH_OB_Unlock                               build/make/Drivers/STM32F7xx_HAL_Driver/Src/stm32f7xx_hal_flash.o
HAL_FLASH_OperationErrorCallback                  build/make/Drivers/STM32F7xx_HAL_Driver/Src/stm32f7xx_hal_flash.o
HAL_FLASH_Program                                 build/make/Drivers/STM32F7xx_HAL_Driver/Src/stm32f7xx_hal_flash.o
HAL_FLASH_Program_IT                              build/make/Drivers/STM32F7xx_HAL_Driver/Src/stm32f7xx_hal_flash.o
HAL_FLASH_Unlock                                  build/make/Drivers/STM32F7xx_HAL_Driver/Src/stm32f7xx_hal_flash.o
HAL_GPIO_DeInit                                   build/make/Drivers/STM32F7xx_HAL_Driver/Src/stm32f7xx_hal_gpio.o
                                                  build/make/Core/Src/usb_otg.o
                                                  build/make/Core/Src/usart.o
                                                  build/make/Core/Src/eth.o
HAL_GPIO_EXTI_Callback                            build/make/Drivers/STM32F7xx_HAL_Driver/Src/stm32f7xx_hal_gpio.o
HAL_GPIO_EXTI_IRQHandler                          build/make/Drivers/STM32F7xx_HAL_Driver/Src/stm32f7xx_hal_gpio.o
HAL_GPIO_Init                                     build/make/Drivers/STM32F7xx_HAL_Driver/Src/stm32f7xx_hal_gpio.o
                                                  build/make/Drivers/STM32F7xx_HAL_Driver/Src/stm32f7xx_hal_rcc.o
                                                  build/make/Core/Src/usb_otg.o
                                                  build/make/Core/Src/usart.o
                                                  build/make/Core/Src/gpio.o
                                                  build/make/Core/Src/eth.o
HAL_GPIO_LockPin                                  build/make/Drivers/STM32F7xx_HAL_Driver/Src/stm32f7xx_hal_gpio.o
HAL_GPIO_ReadPin                                  build/make/Drivers/STM32F7xx_HAL_Driver/Src/stm32f7xx_hal_gpio.o
HAL_GPIO_TogglePin                                build/make/Drivers/STM32F7xx_HAL_Driver/Src/stm32f7xx_hal_gpio.o
HAL_GPIO_WritePin                                 build/make/Drivers/STM32F7xx_HAL_Driver/Src/stm32f7xx_hal_gpio.o
                                                  build/make/Core/Src/gpio.o
HAL_GetDEVID                                      build/make/Drivers/STM32F7xx_HAL_Driver/Src/stm32f7xx_hal.o
HAL_GetHalVersion                                 build/make/Drivers/STM32F7xx_HAL_Driver/Src/stm32f7xx_hal.o
HAL_GetREVID                                      build/make/Drivers/STM32F7xx_HAL_Driver/Src/stm32f7xx_hal.o
HAL_GetTick                                       build/make/Drivers/STM32F7xx_HAL_Driver/Src/stm32f7xx_hal.o
                                                  build/make/Drivers/STM32F7xx_HAL_Driver/Src/stm32f7xx_hal_uart_ex.o
                                                  build/make/Drivers/STM32F7xx_HAL_Driver/Src/stm32f7xx_hal_uart.o
                                                  build/make/Drivers/STM32F7xx_HAL_Driver/Src/stm32f7xx_hal_rcc_ex.o
                                                  build/make/Drivers/STM32F7xx_HAL_Driver/Src/stm32f7xx_hal_rcc.o
                                                  build/make/Drivers/STM32F7xx_HAL_Driver/Src/stm32f7xx_hal_pwr_ex.o
                                                  build/make/Drivers/STM32F7xx_HAL_Driver/Src/stm32f7xx_hal_flash.o
                                                  build/make/Drivers/STM32F7xx_HAL_Driver/Src/stm32f7xx_hal_eth.o
                                                  build/make/Drivers/STM32F7xx_HAL_Driver/Src/stm32f7xx_hal_dma.o
HAL_GetTickFreq                                   build/make/Drivers/STM32F7xx_HAL_Driver/Src/stm32f7xx_hal.o
HAL_GetTickPrio                                   build/make/Drivers/STM32F7xx_HAL_Driver/Src/stm32f7xx_hal.o
HAL_GetUIDw0                                      build/make/Drivers/STM32F7xx_HAL_Driver/Src/stm32f7xx_hal.o
HAL_GetUIDw1                                      build/make/Drivers/STM32F7xx_HAL_Driver/Src/stm32f7xx_hal.o
HAL_GetUIDw2                                      build/make/Drivers/STM32F7xx_HAL_Driver/Src/stm32f7xx_hal.o
HAL_HalfDuplex_EnableReceiver                     build/make/Drivers/STM32F7xx_HAL_Driver/Src/stm32f7xx_hal_uart.o
HAL_HalfDuplex_EnableTransmitter                  build/make/Drivers/STM32F7xx_HAL_Driver/Src/stm32f7xx_hal_uart.o
HAL_HalfDuplex_Init                               build/make/Drivers/STM32F7xx_HAL_Driver/Src/stm32f7xx_hal_uart.o
HAL_IncTick                                       build/make/Drivers/STM32F7xx_HAL_Driver/Src/stm32f7xx_hal.o
                                                  build/make/Core/Src/stm32f7xx_it.o
HAL_Init                                          build/make/Drivers/STM32F7xx_HAL_Driver/Src/stm32f7xx_hal.o
                                                  build/make/Core/Src/main.o
HAL_InitTick                                      build/make/Drivers/STM32F7xx_HAL_Driver/Src/stm32f7xx_hal.o
                                                  build/make/Drivers/STM32F7xx_HAL_Driver/Src/stm32f7xx_hal_rcc.o
HAL_LIN_Init                                      build/make/Drivers/STM32F7xx_HAL_Driver/Src/stm32f7xx_hal_uart.o
HAL_LIN_SendBreak                                 build/make/Drivers/STM32F7xx_HAL_Driver/Src/stm32f7xx_hal_uart.o
HAL_MPU_ConfigRegion                              build/make/Drivers/STM32F7xx_HAL_Driver/Src/stm32f7xx_hal_cortex.o
                                                  build/make/Core/Src/main.o
HAL_MPU_Disable                                   build/make/Drivers/STM32F7xx_HAL_Driver/Src/stm32f7xx_hal_cortex.o
                                                  build/make/Core/Src/main.o
HAL_MPU_DisableRegion                             build/make/Drivers/STM32F7xx_HAL_Driver/Src/stm32f7xx_hal_cortex.o
HAL_MPU_Enable                                    build/make/Drivers/STM32F7xx_HAL_Driver/Src/stm32f7xx_hal_cortex.o
                                                  build/make/Core/Src/main.o
HAL_MPU_EnableRegion                              build/make/Drivers/STM32F7xx_HAL_Driver/Src/stm32f7xx_hal_cortex.o
HAL_MspDeInit                                     build/make/Drivers/STM32F7xx_HAL_Driver/Src/stm32f7xx_hal.o
HAL_MspInit                                       build/make/Core/Src/stm32f7xx_hal_msp.o
HAL_MultiProcessorEx_AddressLength_Set            build/make/Drivers/STM32F7xx_HAL_Driver/Src/stm32f7xx_hal_uart_ex.o
HAL_MultiProcessor_DisableMuteMode                build/make/Drivers/STM32F7xx_HAL_Driver/Src/stm32f7xx_hal_uart.o
HAL_MultiProcessor_EnableMuteMode                 build/make/Drivers/STM32F7xx_HAL_Driver/Src/stm32f7xx_hal_uart.o
HAL_MultiProcessor_EnterMuteMode                  build/make/Drivers/STM32F7xx_HAL_Driver/Src/stm32f7xx_hal_uart.o
HAL_MultiProcessor_Init                           build/make/Drivers/STM32F7xx_HAL_Driver/Src/stm32f7xx_hal_uart.o
HAL_NVIC_ClearPendingIRQ                          build/make/Drivers/STM32F7xx_HAL_Driver/Src/stm32f7xx_hal_cortex.o
HAL_NVIC_DisableIRQ                               build/make/Drivers/STM32F7xx_HAL_Driver/Src/stm32f7xx_hal_cortex.o
                                                  build/make/Core/Src/tim.o
HAL_NVIC_EnableIRQ                                build/make/Drivers/STM32F7xx_HAL_Driver/Src/stm32f7xx_hal_cortex.o
                                                  build/make/Core/Src/tim.o
HAL_NVIC_GetActive                                build/make/Drivers/STM32F7xx_HAL_Driver/Src/stm32f7xx_hal_cortex.o
HAL_NVIC_GetPendingIRQ                            build/make/Drivers/STM32F7xx_HAL_Driver/Src/stm32f7xx_hal_cortex.o
HAL_NVIC_GetPriority                              build/make/Drivers/STM32F7xx_HAL_Driver/Src/stm32f7xx_hal_cortex.o
HAL_NVIC_GetPriorityGrouping                      build/make/Drivers/STM32F7xx_HAL_Driver/Src/stm32f7xx_hal_cortex.o
HAL_NVIC_SetPendingIRQ                            build/make/Drivers/STM32F7xx_HAL_Driver/Src/stm32f7xx_hal_cortex.o
HAL_NVIC_SetPriority                              build/make/Drivers/STM32F7xx_HAL_Driver/Src/stm32f7xx_hal_cortex.o
                                                  build/make/Drivers/STM32F7xx_HAL_Driver/Src/stm32f7xx_hal.o
                                                  build/make/Core/Src/tim.o
HAL_NVIC_SetPriorityGrouping                      build/make/Drivers/STM32F7xx_HAL_Driver/Src/stm32f7xx_hal_cortex.o
                                                  build/make/Drivers/STM32F7xx_HAL_Driver/Src/stm32f7xx_hal.o
HAL_NVIC_SystemReset                              build/make/Drivers/STM32F7xx_HAL_Driver/Src/stm32f7xx_hal_cortex.o
HAL_PCDEx_ActivateLPM                             build/make/Drivers/STM32F7xx_HAL_Driver/Src/stm32f7xx_hal_pcd_ex.o
                                                  build/make/Drivers/STM32F7xx_HAL_Driver/Src/stm32f7xx_hal_pcd.o
HAL_PCDEx_BCD_Callback                            build/make/Drivers/STM32F7xx_HAL_Driver/Src/stm32f7xx_hal_pcd_ex.o
HAL_PCDEx_DeActivateLPM                           build/make/Drivers/STM32F7xx_HAL_Driver/Src/stm32f7xx_hal_pcd_ex.o